Archive member included to satisfy reference by file (symbol)

/Users/ezgikaya/Documents/MCUXpressoIDE_11.7.0_9198/Ezgi_workspace/nxp_lpcxpresso_11c24_board_lib/Debug/libnxp_lpcxpresso_11c24_board_lib.a(board.o)
                              ./example/src/lcd__api.o (Board_Init)
/Users/ezgikaya/Documents/MCUXpressoIDE_11.7.0_9198/Ezgi_workspace/nxp_lpcxpresso_11c24_board_lib/Debug/libnxp_lpcxpresso_11c24_board_lib.a(board_sysinit.o)
                              ./example/src/sysinit.o (Board_SystemInit)
/Users/ezgikaya/Documents/MCUXpressoIDE_11.7.0_9198/Ezgi_workspace/lpc_chip_11cxx_lib/Debug/liblpc_chip_11cxx_lib.a(chip_11xx.o)
                              ./example/src/lcd__api.o (SystemCoreClockUpdate)
/Users/ezgikaya/Documents/MCUXpressoIDE_11.7.0_9198/Ezgi_workspace/lpc_chip_11cxx_lib/Debug/liblpc_chip_11cxx_lib.a(clock_11xx.o)
                              /Users/ezgikaya/Documents/MCUXpressoIDE_11.7.0_9198/Ezgi_workspace/nxp_lpcxpresso_11c24_board_lib/Debug/libnxp_lpcxpresso_11c24_board_lib.a(board_sysinit.o) (Chip_Clock_SetSystemPLLSource)
/Users/ezgikaya/Documents/MCUXpressoIDE_11.7.0_9198/Ezgi_workspace/lpc_chip_11cxx_lib/Debug/liblpc_chip_11cxx_lib.a(gpio_11xx_2.o)
                              /Users/ezgikaya/Documents/MCUXpressoIDE_11.7.0_9198/Ezgi_workspace/nxp_lpcxpresso_11c24_board_lib/Debug/libnxp_lpcxpresso_11c24_board_lib.a(board.o) (Chip_GPIO_Init)
/Users/ezgikaya/Documents/MCUXpressoIDE_11.7.0_9198/Ezgi_workspace/lpc_chip_11cxx_lib/Debug/liblpc_chip_11cxx_lib.a(ssp_11xx.o)
                              ./example/src/lcd__api.o (Chip_SSP_RWFrames_Blocking)
/Users/ezgikaya/Documents/MCUXpressoIDE_11.7.0_9198/Ezgi_workspace/lpc_chip_11cxx_lib/Debug/liblpc_chip_11cxx_lib.a(sysctl_11xx.o)
                              /Users/ezgikaya/Documents/MCUXpressoIDE_11.7.0_9198/Ezgi_workspace/nxp_lpcxpresso_11c24_board_lib/Debug/libnxp_lpcxpresso_11c24_board_lib.a(board_sysinit.o) (Chip_SYSCTL_PowerDown)
/Users/ezgikaya/Documents/MCUXpressoIDE_11.7.0_9198/Ezgi_workspace/lpc_chip_11cxx_lib/Debug/liblpc_chip_11cxx_lib.a(uart_11xx.o)
                              /Users/ezgikaya/Documents/MCUXpressoIDE_11.7.0_9198/Ezgi_workspace/nxp_lpcxpresso_11c24_board_lib/Debug/libnxp_lpcxpresso_11c24_board_lib.a(board.o) (Chip_UART_Init)
/Users/ezgikaya/Documents/MCUXpressoIDE_11.7.0_9198/Ezgi_workspace/lpc_chip_11cxx_lib/Debug/liblpc_chip_11cxx_lib.a(ring_buffer.o)
                              /Users/ezgikaya/Documents/MCUXpressoIDE_11.7.0_9198/Ezgi_workspace/lpc_chip_11cxx_lib/Debug/liblpc_chip_11cxx_lib.a(uart_11xx.o) (RingBuffer_Insert)
/Applications/MCUXpressoIDE_11.7.0_9198/ide/plugins/com.nxp.mcuxpresso.tools.macosx_11.7.0.202209140929/tools/bin/../lib/gcc/arm-none-eabi/10.3.1/../../../../arm-none-eabi/lib/thumb/v6-m/nofp/libcr_semihost.a(_cr__main.o)
                              ./example/src/cr_startup_lpc11xx.o (__main)
/Applications/MCUXpressoIDE_11.7.0_9198/ide/plugins/com.nxp.mcuxpresso.tools.macosx_11.7.0.202209140929/tools/bin/../lib/gcc/arm-none-eabi/10.3.1/../../../../arm-none-eabi/lib/thumb/v6-m/nofp/libcr_c.a(memcpy.o)
                              ./example/src/main.o (memcpy)
/Applications/MCUXpressoIDE_11.7.0_9198/ide/plugins/com.nxp.mcuxpresso.tools.macosx_11.7.0.202209140929/tools/bin/../lib/gcc/arm-none-eabi/10.3.1/../../../../arm-none-eabi/lib/thumb/v6-m/nofp/libcr_c.a(alloc.o)
                              ./example/src/main.o (malloc)
/Applications/MCUXpressoIDE_11.7.0_9198/ide/plugins/com.nxp.mcuxpresso.tools.macosx_11.7.0.202209140929/tools/bin/../lib/gcc/arm-none-eabi/10.3.1/../../../../arm-none-eabi/lib/thumb/v6-m/nofp/libcr_c.a(cos.o)
                              ./example/src/main.o (cos)
/Applications/MCUXpressoIDE_11.7.0_9198/ide/plugins/com.nxp.mcuxpresso.tools.macosx_11.7.0.202209140929/tools/bin/../lib/gcc/arm-none-eabi/10.3.1/../../../../arm-none-eabi/lib/thumb/v6-m/nofp/libcr_c.a(fpprintf.o)
                              ./example/src/main.o (printf)
/Applications/MCUXpressoIDE_11.7.0_9198/ide/plugins/com.nxp.mcuxpresso.tools.macosx_11.7.0.202209140929/tools/bin/../lib/gcc/arm-none-eabi/10.3.1/../../../../arm-none-eabi/lib/thumb/v6-m/nofp/libcr_c.a(initio.o)
                              /Applications/MCUXpressoIDE_11.7.0_9198/ide/plugins/com.nxp.mcuxpresso.tools.macosx_11.7.0.202209140929/tools/bin/../lib/gcc/arm-none-eabi/10.3.1/../../../../arm-none-eabi/lib/thumb/v6-m/nofp/libcr_semihost.a(_cr__main.o) (_initio)
/Applications/MCUXpressoIDE_11.7.0_9198/ide/plugins/com.nxp.mcuxpresso.tools.macosx_11.7.0.202209140929/tools/bin/../lib/gcc/arm-none-eabi/10.3.1/../../../../arm-none-eabi/lib/thumb/v6-m/nofp/libcr_c.a(pow.o)
                              ./example/src/main.o (pow)
/Applications/MCUXpressoIDE_11.7.0_9198/ide/plugins/com.nxp.mcuxpresso.tools.macosx_11.7.0.202209140929/tools/bin/../lib/gcc/arm-none-eabi/10.3.1/../../../../arm-none-eabi/lib/thumb/v6-m/nofp/libcr_c.a(printf.o)
[...]
Memory Configuration

Name             Origin             Length             Attributes
MFlash32         0x0000000000000000 0x0000000000008000 xr
RamLoc8          0x0000000010000000 0x0000000000002000 xrw
*default*        0x0000000000000000 0xffffffffffffffff

Linker script and memory map

LOAD ./example/src/cr_startup_lpc11xx.o
LOAD ./example/src/lcd__api.o
LOAD ./example/src/main.o
LOAD ./example/src/sysinit.o
LOAD /Users/ezgikaya/Documents/MCUXpressoIDE_11.7.0_9198/Ezgi_workspace/nxp_lpcxpresso_11c24_board_lib/Debug/libnxp_lpcxpresso_11c24_board_lib.a
LOAD /Users/ezgikaya/Documents/MCUXpressoIDE_11.7.0_9198/Ezgi_workspace/lpc_chip_11cxx_lib/Debug/liblpc_chip_11cxx_lib.a
START GROUP
LOAD /Applications/MCUXpressoIDE_11.7.0_9198/ide/plugins/com.nxp.mcuxpresso.tools.macosx_11.7.0.202209140929/tools/bin/../lib/gcc/arm-none-eabi/10.3.1/../../../../arm-none-eabi/lib/thumb/v6-m/nofp/libcr_semihost.a
LOAD /Applications/MCUXpressoIDE_11.7.0_9198/ide/plugins/com.nxp.mcuxpresso.tools.macosx_11.7.0.202209140929/tools/bin/../lib/gcc/arm-none-eabi/10.3.1/../../../../arm-none-eabi/lib/thumb/v6-m/nofp/libcr_c.a
LOAD /Applications/MCUXpressoIDE_11.7.0_9198/ide/plugins/com.nxp.mcuxpresso.tools.macosx_11.7.0.202209140929/tools/bin/../lib/gcc/arm-none-eabi/10.3.1/thumb/v6-m/nofp/libcr_eabihelpers.a
LOAD /Applications/MCUXpressoIDE_11.7.0_9198/ide/plugins/com.nxp.mcuxpresso.tools.macosx_11.7.0.202209140929/tools/bin/../lib/gcc/arm-none-eabi/10.3.1/thumb/v6-m/nofp/libgcc.a
END GROUP
                0x0000000000000000                __base_MFlash32 = 0x0
                0x0000000000000000                __base_Flash = 0x0
                0x0000000000008000                __top_MFlash32 = 0x8000
                0x0000000000008000                __top_Flash = 0x8000
                0x0000000010000000                __base_RamLoc8 = 0x10000000
                0x0000000010000000                __base_RAM = 0x10000000
                0x0000000010002000                __top_RamLoc8 = 0x10002000
                0x0000000010002000                __top_RAM = 0x10002000

.text           0x0000000000000000     0x62e0
 FILL mask 0xff
                0x0000000000000000                __vectors_start__ = ABSOLUTE (.)
 *(.isr_vector)
 .isr_vector    0x0000000000000000       0xc0 ./example/src/cr_startup_lpc11xx.o
                0x0000000000000000                g_pfnVectors
                0x00000000000000c0                . = ALIGN (0x4)
                0x00000000000000c0                __section_table_start = .
                0x00000000000000c0                __data_section_table = .
                0x00000000000000c0        0x4 LONG 0x62e0 LOADADDR (.data)
                0x00000000000000c4        0x4 LONG 0x10000000 ADDR (.data)
                0x00000000000000c8        0x4 LONG 0x10 SIZEOF (.data)
                0x00000000000000cc                __data_section_table_end = .
                0x00000000000000cc                __bss_section_table = .
                0x00000000000000cc        0x4 LONG 0x10000010 ADDR (.bss)
                0x00000000000000d0        0x4 LONG 0x238 SIZEOF (.bss)
                0x00000000000000d4                __bss_section_table_end = .
                0x00000000000000d4                __section_table_end = .
 *(.after_vectors*)
 .after_vectors
                0x00000000000000d4       0x78 ./example/src/cr_startup_lpc11xx.o
                0x00000000000000d4                NMI_Handler
                0x00000000000000d6                HardFault_Handler
                0x00000000000000d8                SVC_Handler
                0x00000000000000da                PendSV_Handler
                0x00000000000000dc                SysTick_Handler
                0x00000000000000de                PIOINT1_IRQHandler
                0x00000000000000de                CAN_IRQHandler
                0x00000000000000de                SSP0_IRQHandler
                0x00000000000000de                TIMER16_0_IRQHandler
                0x00000000000000de                UART_IRQHandler
                0x00000000000000de                TIMER32_0_IRQHandler
                0x00000000000000de                TIMER32_1_IRQHandler
                0x00000000000000de                IntDefaultHandler
                0x00000000000000de                I2C_IRQHandler
                0x00000000000000de                WDT_IRQHandler
                0x00000000000000de                PIOINT3_IRQHandler
                0x00000000000000de                TIMER16_1_IRQHandler
                0x00000000000000de                ADC_IRQHandler
                0x00000000000000de                SSP1_IRQHandler
                0x00000000000000de                PIOINT2_IRQHandler
                0x00000000000000de                BOD_IRQHandler
                0x00000000000000de                WAKEUP_IRQHandler
                0x00000000000000de                PIOINT0_IRQHandler
                0x00000000000000e0                data_init
                0x00000000000000f6                bss_init
                0x000000000000010a                ResetISR
 *(.text*)
 .text.Buffer_Init
                0x000000000000014c       0x1c ./example/src/lcd__api.o
 .text.sspSend.constprop.0
                0x0000000000000168       0x30 ./example/src/lcd__api.o
 .text.writedata
                0x0000000000000198       0x1c ./example/src/lcd__api.o
 .text.writecolor
                0x00000000000001b4       0x2e ./example/src/lcd__api.o
 *fill*         0x00000000000001e2        0x2 ff
 .text.writecoord
                0x00000000000001e4       0x20 ./example/src/lcd__api.o
 .text.writecommand
                0x0000000000000204       0x1c ./example/src/lcd__api.o
 .text.fillrect
                0x0000000000000220       0x4a ./example/src/lcd__api.o
                0x0000000000000220                fillrect
 *fill*         0x000000000000026a        0x2 ff
 .text.lcd_init
                0x000000000000026c       0x38 ./example/src/lcd__api.o
                0x000000000000026c                lcd_init
 .text.board_init
                0x00000000000002a4        0xc ./example/src/lcd__api.o
                0x00000000000002a4                board_init
 .text.ssp0_init
                0x00000000000002b0       0x44 ./example/src/lcd__api.o
                0x00000000000002b0                ssp0_init
 .text.drawPixel
                0x00000000000002f4       0x60 ./example/src/lcd__api.o
                0x00000000000002f4                drawPixel
 .text.drawLine
                0x0000000000000354       0xae ./example/src/lcd__api.o
                0x0000000000000354                drawLine
 *fill*         0x0000000000000402        0x2 ff
 .text.initialize
                0x0000000000000404      0x1d8 ./example/src/main.o
                0x0000000000000404                initialize
 .text.transform
                0x00000000000005dc      0x124 ./example/src/main.o
                0x00000000000005dc                transform
 .text.calc_diffuse_reflection
                0x0000000000000700      0x21c ./example/src/main.o
                0x0000000000000700                calc_diffuse_reflection
 .text.paint_rectangle
                0x000000000000091c       0xdc ./example/src/main.o
                0x000000000000091c                paint_rectangle
 .text.rotating_squares
                0x00000000000009f8      0x144 ./example/src/main.o
                0x00000000000009f8                rotating_squares
 .text.draw_single_branch
                0x0000000000000b3c      0x3d0 ./example/src/main.o
                0x0000000000000b3c                draw_single_branch
 .text.draw_three_branches
                0x0000000000000f0c       0x7c ./example/src/main.o
                0x0000000000000f0c                draw_three_branches
 .text.forest   0x0000000000000f88      0x1b0 ./example/src/main.o
                0x0000000000000f88                forest
 .text.write_initials
                0x0000000000001138      0x120 ./example/src/main.o
                0x0000000000001138                write_initials
 .text.draw_coordinates
                0x0000000000001258       0xe8 ./example/src/main.o
                0x0000000000001258                draw_coordinates
 .text.draw_cube
                0x0000000000001340      0x630 ./example/src/main.o
                0x0000000000001340                draw_cube
 .text.draw_sphere
                0x0000000000001970      0x1b8 ./example/src/main.o
                0x0000000000001970                draw_sphere
 .text.startup.main
                0x0000000000001b28       0x38 ./example/src/main.o
                0x0000000000001b28                main
 .text.SystemInit
                0x0000000000001b60        0x8 ./example/src/sysinit.o
                0x0000000000001b60                SystemInit
 .text.Chip_GPIO_SetPinDIROutput
                0x0000000000001b68       0x4c /Users/ezgikaya/Documents/MCUXpressoIDE_11.7.0_9198/Ezgi_workspace/nxp_lpcxpresso_11c24_board_lib/Debug/libnxp_lpcxpresso_11c24_board_lib.a(board.o)
 .text.Board_LED_Init
                0x0000000000001bb4       0x18 /Users/ezgikaya/Documents/MCUXpressoIDE_11.7.0_9198/Ezgi_workspace/nxp_lpcxpresso_11c24_board_lib/Debug/libnxp_lpcxpresso_11c24_board_lib.a(board.o)
 .text.Board_Init
                0x0000000000001bcc       0x18 /Users/ezgikaya/Documents/MCUXpressoIDE_11.7.0_9198/Ezgi_workspace/nxp_lpcxpresso_11c24_board_lib/Debug/libnxp_lpcxpresso_11c24_board_lib.a(board.o)
                0x0000000000001bcc                Board_Init
 .text.Chip_FMC_SetFLASHAccess
                0x0000000000001be4       0x30 /Users/ezgikaya/Documents/MCUXpressoIDE_11.7.0_9198/Ezgi_workspace/nxp_lpcxpresso_11c24_board_lib/Debug/libnxp_lpcxpresso_11c24_board_lib.a(board_sysinit.o)
 .text.Chip_Clock_SetupSystemPLL
                0x0000000000001c14       0x38 /Users/ezgikaya/Documents/MCUXpressoIDE_11.7.0_9198/Ezgi_workspace/nxp_lpcxpresso_11c24_board_lib/Debug/libnxp_lpcxpresso_11c24_board_lib.a(board_sysinit.o)
 .text.Chip_Clock_IsSystemPLLLocked
                0x0000000000001c4c       0x1c /Users/ezgikaya/Documents/MCUXpressoIDE_11.7.0_9198/Ezgi_workspace/nxp_lpcxpresso_11c24_board_lib/Debug/libnxp_lpcxpresso_11c24_board_lib.a(board_sysinit.o)
 .text.Chip_Clock_SetSysClockDiv
                0x0000000000001c68       0x1c /Users/ezgikaya/Documents/MCUXpressoIDE_11.7.0_9198/Ezgi_workspace/nxp_lpcxpresso_11c24_board_lib/Debug/libnxp_lpcxpresso_11c24_board_lib.a(board_sysinit.o)
 .text.Chip_Clock_EnablePeriphClock
                0x0000000000001c84       0x30 /Users/ezgikaya/Documents/MCUXpressoIDE_11.7.0_9198/Ezgi_workspace/nxp_lpcxpresso_11c24_board_lib/Debug/libnxp_lpcxpresso_11c24_board_lib.a(board_sysinit.o)
 .text.Chip_IOCON_PinMuxSet
                0x0000000000001cb4       0x26 /Users/ezgikaya/Documents/MCUXpressoIDE_11.7.0_9198/Ezgi_workspace/nxp_lpcxpresso_11c24_board_lib/Debug/libnxp_lpcxpresso_11c24_board_lib.a(board_sysinit.o)
 .text.SystemSetupClocking
                0x0000000000001cda       0x66 /Users/ezgikaya/Documents/MCUXpressoIDE_11.7.0_9198/Ezgi_workspace/nxp_lpcxpresso_11c24_board_lib/Debug/libnxp_lpcxpresso_11c24_board_lib.a(board_sysinit.o)
 .text.SystemSetupMuxing
                0x0000000000001d40       0x4c /Users/ezgikaya/Documents/MCUXpressoIDE_11.7.0_9198/Ezgi_workspace/nxp_lpcxpresso_11c24_board_lib/Debug/libnxp_lpcxpresso_11c24_board_lib.a(board_sysinit.o)
 .text.Board_SystemInit
                0x0000000000001d8c       0x12 /Users/ezgikaya/Documents/MCUXpressoIDE_11.7.0_9198/Ezgi_workspace/nxp_lpcxpresso_11c24_board_lib/Debug/libnxp_lpcxpresso_11c24_board_lib.a(board_sysinit.o)
                0x0000000000001d8c                Board_SystemInit
 *fill*         0x0000000000001d9e        0x2 ff
 .text.SystemCoreClockUpdate
                0x0000000000001da0       0x18 /Users/ezgikaya/Documents/MCUXpressoIDE_11.7.0_9198/Ezgi_workspace/lpc_chip_11cxx_lib/Debug/liblpc_chip_11cxx_lib.a(chip_11xx.o)
                0x0000000000001da0                SystemCoreClockUpdate
 .text.Chip_Clock_GetMainOscRate
                0x0000000000001db8       0x14 /Users/ezgikaya/Documents/MCUXpressoIDE_11.7.0_9198/Ezgi_workspace/lpc_chip_11cxx_lib/Debug/liblpc_chip_11cxx_lib.a(clock_11xx.o)
 .text.Chip_Clock_GetIntOscRate
                0x0000000000001dcc       0x10 /Users/ezgikaya/Documents/MCUXpressoIDE_11.7.0_9198/Ezgi_workspace/lpc_chip_11cxx_lib/Debug/liblpc_chip_11cxx_lib.a(clock_11xx.o)
 .text.Chip_Clock_GetWDTLFORate
                0x0000000000001ddc       0x48 /Users/ezgikaya/Documents/MCUXpressoIDE_11.7.0_9198/Ezgi_workspace/lpc_chip_11cxx_lib/Debug/liblpc_chip_11cxx_lib.a(clock_11xx.o)
 .text.Chip_Clock_GetPLLFreq
                0x0000000000001e24       0x22 /Users/ezgikaya/Documents/MCUXpressoIDE_11.7.0_9198/Ezgi_workspace/lpc_chip_11cxx_lib/Debug/liblpc_chip_11cxx_lib.a(clock_11xx.o)
 *fill*         0x0000000000001e46        0x2 ff
 .text.Chip_Clock_SetSystemPLLSource
                0x0000000000001e48       0x2c /Users/ezgikaya/Documents/MCUXpressoIDE_11.7.0_9198/Ezgi_workspace/lpc_chip_11cxx_lib/Debug/liblpc_chip_11cxx_lib.a(clock_11xx.o)
                0x0000000000001e48                Chip_Clock_SetSystemPLLSource
 .text.Chip_Clock_SetMainClockSource
                0x0000000000001e74       0x2c /Users/ezgikaya/Documents/MCUXpressoIDE_11.7.0_9198/Ezgi_workspace/lpc_chip_11cxx_lib/Debug/liblpc_chip_11cxx_lib.a(clock_11xx.o)
                0x0000000000001e74                Chip_Clock_SetMainClockSource
 .text.Chip_Clock_GetWDTOSCRate
                0x0000000000001ea0       0x1c /Users/ezgikaya/Documents/MCUXpressoIDE_11.7.0_9198/Ezgi_workspace/lpc_chip_11cxx_lib/Debug/liblpc_chip_11cxx_lib.a(clock_11xx.o)
                0x0000000000001ea0                Chip_Clock_GetWDTOSCRate
 .text.Chip_Clock_GetSystemPLLInClockRate
                0x0000000000001ebc       0x40 /Users/ezgikaya/Documents/MCUXpressoIDE_11.7.0_9198/Ezgi_workspace/lpc_chip_11cxx_lib/Debug/liblpc_chip_11cxx_lib.a(clock_11xx.o)
                0x0000000000001ebc                Chip_Clock_GetSystemPLLInClockRate
 .text.Chip_Clock_GetSystemPLLOutClockRate
                0x0000000000001efc       0x24 /Users/ezgikaya/Documents/MCUXpressoIDE_11.7.0_9198/Ezgi_workspace/lpc_chip_11cxx_lib/Debug/liblpc_chip_11cxx_lib.a(clock_11xx.o)
                0x0000000000001efc                Chip_Clock_GetSystemPLLOutClockRate
 .text.Chip_Clock_GetMainClockRate
                0x0000000000001f20       0x64 /Users/ezgikaya/Documents/MCUXpressoIDE_11.7.0_9198/Ezgi_workspace/lpc_chip_11cxx_lib/Debug/liblpc_chip_11cxx_lib.a(clock_11xx.o)
                0x0000000000001f20                Chip_Clock_GetMainClockRate
 .text.Chip_Clock_GetSystemClockRate
                0x0000000000001f84       0x24 /Users/ezgikaya/Documents/MCUXpressoIDE_11.7.0_9198/Ezgi_workspace/lpc_chip_11cxx_lib/Debug/liblpc_chip_11cxx_lib.a(clock_11xx.o)
                0x0000000000001f84                Chip_Clock_GetSystemClockRate
 .text.Chip_Clock_EnablePeriphClock
                0x0000000000001fa8       0x30 /Users/ezgikaya/Documents/MCUXpressoIDE_11.7.0_9198/Ezgi_workspace/lpc_chip_11cxx_lib/Debug/liblpc_chip_11cxx_lib.a(gpio_11xx_2.o)
 .text.Chip_GPIO_Init
                0x0000000000001fd8       0x16 /Users/ezgikaya/Documents/MCUXpressoIDE_11.7.0_9198/Ezgi_workspace/lpc_chip_11cxx_lib/Debug/liblpc_chip_11cxx_lib.a(gpio_11xx_2.o)
                0x0000000000001fd8                Chip_GPIO_Init
 *fill*         0x0000000000001fee        0x2 ff
 .text.Chip_SYSCTL_AssertPeriphReset
                0x0000000000001ff0       0x30 /Users/ezgikaya/Documents/MCUXpressoIDE_11.7.0_9198/Ezgi_workspace/lpc_chip_11cxx_lib/Debug/liblpc_chip_11cxx_lib.a(ssp_11xx.o)
 .text.Chip_SYSCTL_DeassertPeriphReset
                0x0000000000002020       0x30 /Users/ezgikaya/Documents/MCUXpressoIDE_11.7.0_9198/Ezgi_workspace/lpc_chip_11cxx_lib/Debug/liblpc_chip_11cxx_lib.a(ssp_11xx.o)
 .text.Chip_SYSCTL_PeriphReset
                0x0000000000002050       0x28 /Users/ezgikaya/Documents/MCUXpressoIDE_11.7.0_9198/Ezgi_workspace/lpc_chip_11cxx_lib/Debug/liblpc_chip_11cxx_lib.a(ssp_11xx.o)
 .text.Chip_Clock_EnablePeriphClock
                0x0000000000002078       0x30 /Users/ezgikaya/Documents/MCUXpressoIDE_11.7.0_9198/Ezgi_workspace/lpc_chip_11cxx_lib/Debug/liblpc_chip_11cxx_lib.a(ssp_11xx.o)
 .text.Chip_Clock_SetSSP0ClockDiv
                0x00000000000020a8       0x1c /Users/ezgikaya/Documents/MCUXpressoIDE_11.7.0_9198/Ezgi_workspace/lpc_chip_11cxx_lib/Debug/liblpc_chip_11cxx_lib.a(ssp_11xx.o)
 .text.Chip_Clock_GetSSP0ClockDiv
                0x00000000000020c4       0x14 /Users/ezgikaya/Documents/MCUXpressoIDE_11.7.0_9198/Ezgi_workspace/lpc_chip_11cxx_lib/Debug/liblpc_chip_11cxx_lib.a(ssp_11xx.o)
 .text.Chip_Clock_SetSSP1ClockDiv
                0x00000000000020d8       0x1c /Users/ezgikaya/Documents/MCUXpressoIDE_11.7.0_9198/Ezgi_workspace/lpc_chip_11cxx_lib/Debug/liblpc_chip_11cxx_lib.a(ssp_11xx.o)
 .text.Chip_Clock_GetSSP1ClockDiv
                0x00000000000020f4       0x14 /Users/ezgikaya/Documents/MCUXpressoIDE_11.7.0_9198/Ezgi_workspace/lpc_chip_11cxx_lib/Debug/liblpc_chip_11cxx_lib.a(ssp_11xx.o)
 .text.Chip_SSP_GetStatus
                0x0000000000002108       0x26 /Users/ezgikaya/Documents/MCUXpressoIDE_11.7.0_9198/Ezgi_workspace/lpc_chip_11cxx_lib/Debug/liblpc_chip_11cxx_lib.a(ssp_11xx.o)
 .text.Chip_SSP_GetRawIntStatus
                0x000000000000212e       0x26 /Users/ezgikaya/Documents/MCUXpressoIDE_11.7.0_9198/Ezgi_workspace/lpc_chip_11cxx_lib/Debug/liblpc_chip_11cxx_lib.a(ssp_11xx.o)
 .text.Chip_SSP_GetDataSize
                0x0000000000002154       0x1c /Users/ezgikaya/Documents/MCUXpressoIDE_11.7.0_9198/Ezgi_workspace/lpc_chip_11cxx_lib/Debug/liblpc_chip_11cxx_lib.a(ssp_11xx.o)
 .text.Chip_SSP_ClearIntPending
                0x0000000000002170       0x1e /Users/ezgikaya/Documents/MCUXpressoIDE_11.7.0_9198/Ezgi_workspace/lpc_chip_11cxx_lib/Debug/liblpc_chip_11cxx_lib.a(ssp_11xx.o)
 .text.Chip_SSP_ReceiveFrame
                0x000000000000218e       0x16 /Users/ezgikaya/Documents/MCUXpressoIDE_11.7.0_9198/Ezgi_workspace/lpc_chip_11cxx_lib/Debug/liblpc_chip_11cxx_lib.a(ssp_11xx.o)
 .text.Chip_SSP_SendFrame
                0x00000000000021a4       0x1e /Users/ezgikaya/Documents/MCUXpressoIDE_11.7.0_9198/Ezgi_workspace/lpc_chip_11cxx_lib/Debug/liblpc_chip_11cxx_lib.a(ssp_11xx.o)
 .text.Chip_SSP_SetFormat
                0x00000000000021c2       0x30 /Users/ezgikaya/Documents/MCUXpressoIDE_11.7.0_9198/Ezgi_workspace/lpc_chip_11cxx_lib/Debug/liblpc_chip_11cxx_lib.a(ssp_11xx.o)
 .text.Chip_SSP_Set_Mode
                0x00000000000021f2       0x24 /Users/ezgikaya/Documents/MCUXpressoIDE_11.7.0_9198/Ezgi_workspace/lpc_chip_11cxx_lib/Debug/liblpc_chip_11cxx_lib.a(ssp_11xx.o)
 *fill*         0x0000000000002216        0x2 ff
 .text.SSP_Write2BFifo
                0x0000000000002218       0x50 /Users/ezgikaya/Documents/MCUXpressoIDE_11.7.0_9198/Ezgi_workspace/lpc_chip_11cxx_lib/Debug/liblpc_chip_11cxx_lib.a(ssp_11xx.o)
 .text.SSP_Write1BFifo
                0x0000000000002268       0x4a /Users/ezgikaya/Documents/MCUXpressoIDE_11.7.0_9198/Ezgi_workspace/lpc_chip_11cxx_lib/Debug/liblpc_chip_11cxx_lib.a(ssp_11xx.o)
 .text.SSP_Read2BFifo
                0x00000000000022b2       0x66 /Users/ezgikaya/Documents/MCUXpressoIDE_11.7.0_9198/Ezgi_workspace/lpc_chip_11cxx_lib/Debug/liblpc_chip_11cxx_lib.a(ssp_11xx.o)
 .text.SSP_Read1BFifo
                0x0000000000002318       0x68 /Users/ezgikaya/Documents/MCUXpressoIDE_11.7.0_9198/Ezgi_workspace/lpc_chip_11cxx_lib/Debug/liblpc_chip_11cxx_lib.a(ssp_11xx.o)
 .text.Chip_SSP_GetClockIndex
                0x0000000000002380       0x34 /Users/ezgikaya/Documents/MCUXpressoIDE_11.7.0_9198/Ezgi_workspace/lpc_chip_11cxx_lib/Debug/liblpc_chip_11cxx_lib.a(ssp_11xx.o)
 .text.Chip_SSP_GetResetIndex
                0x00000000000023b4       0x34 /Users/ezgikaya/Documents/MCUXpressoIDE_11.7.0_9198/Ezgi_workspace/lpc_chip_11cxx_lib/Debug/liblpc_chip_11cxx_lib.a(ssp_11xx.o)
 .text.Chip_SSP_SetSSPClkDivider
                0x00000000000023e8       0x30 /Users/ezgikaya/Documents/MCUXpressoIDE_11.7.0_9198/Ezgi_workspace/lpc_chip_11cxx_lib/Debug/liblpc_chip_11cxx_lib.a(ssp_11xx.o)
 .text.Chip_SSP_GetPCLKkRate
                0x0000000000002418       0x4c /Users/ezgikaya/Documents/MCUXpressoIDE_11.7.0_9198/Ezgi_workspace/lpc_chip_11cxx_lib/Debug/liblpc_chip_11cxx_lib.a(ssp_11xx.o)
 .text.Chip_SSP_SetClockRate
                0x0000000000002464       0x38 /Users/ezgikaya/Documents/MCUXpressoIDE_11.7.0_9198/Ezgi_workspace/lpc_chip_11cxx_lib/Debug/liblpc_chip_11cxx_lib.a(ssp_11xx.o)
                0x0000000000002464                Chip_SSP_SetClockRate
 .text.Chip_SSP_RWFrames_Blocking
                0x000000000000249c      0x124 /Users/ezgikaya/Documents/MCUXpressoIDE_11.7.0_9198/Ezgi_workspace/lpc_chip_11cxx_lib/Debug/liblpc_chip_11cxx_lib.a(ssp_11xx.o)
                0x000000000000249c                Chip_SSP_RWFrames_Blocking
 .text.Chip_SSP_SetMaster
                0x00000000000025c0       0x34 /Users/ezgikaya/Documents/MCUXpressoIDE_11.7.0_9198/Ezgi_workspace/lpc_chip_11cxx_lib/Debug/liblpc_chip_11cxx_lib.a(ssp_11xx.o)
                0x00000000000025c0                Chip_SSP_SetMaster
 .text.Chip_SSP_SetBitRate
                0x00000000000025f4       0x74 /Users/ezgikaya/Documents/MCUXpressoIDE_11.7.0_9198/Ezgi_workspace/lpc_chip_11cxx_lib/Debug/liblpc_chip_11cxx_lib.a(ssp_11xx.o)
                0x00000000000025f4                Chip_SSP_SetBitRate
 .text.Chip_SSP_Init
                0x0000000000002668       0x60 /Users/ezgikaya/Documents/MCUXpressoIDE_11.7.0_9198/Ezgi_workspace/lpc_chip_11cxx_lib/Debug/liblpc_chip_11cxx_lib.a(ssp_11xx.o)
                0x0000000000002668                Chip_SSP_Init
 .text.Chip_SYSCTL_PowerDown
                0x00000000000026c8       0x40 /Users/ezgikaya/Documents/MCUXpressoIDE_11.7.0_9198/Ezgi_workspace/lpc_chip_11cxx_lib/Debug/liblpc_chip_11cxx_lib.a(sysctl_11xx.o)
                0x00000000000026c8                Chip_SYSCTL_PowerDown
 .text.Chip_SYSCTL_PowerUp
                0x0000000000002708       0x40 /Users/ezgikaya/Documents/MCUXpressoIDE_11.7.0_9198/Ezgi_workspace/lpc_chip_11cxx_lib/Debug/liblpc_chip_11cxx_lib.a(sysctl_11xx.o)
                0x0000000000002708                Chip_SYSCTL_PowerUp
 .text.__main   0x0000000000002748        0xc /Applications/MCUXpressoIDE_11.7.0_9198/ide/plugins/com.nxp.mcuxpresso.tools.macosx_11.7.0.202209140929/tools/bin/../lib/gcc/arm-none-eabi/10.3.1/../../../../arm-none-eabi/lib/thumb/v6-m/nofp/libcr_semihost.a(_cr__main.o)
                0x0000000000002748                __main
                0x0000000000002748                __CR_SEMIHOST
 .text.memcpy   0x0000000000002754        0x8 /Applications/MCUXpressoIDE_11.7.0_9198/ide/plugins/com.nxp.mcuxpresso.tools.macosx_11.7.0.202209140929/tools/bin/../lib/gcc/arm-none-eabi/10.3.1/../../../../arm-none-eabi/lib/thumb/v6-m/nofp/libcr_c.a(memcpy.o)
                0x0000000000002754                memcpy
 .text.malloc   0x000000000000275c       0xcc /Applications/MCUXpressoIDE_11.7.0_9198/ide/plugins/com.nxp.mcuxpresso.tools.macosx_11.7.0.202209140929/tools/bin/../lib/gcc/arm-none-eabi/10.3.1/../../../../arm-none-eabi/lib/thumb/v6-m/nofp/libcr_c.a(alloc.o)
                0x000000000000275c                malloc
 .text.free     0x0000000000002828       0x2c /Applications/MCUXpressoIDE_11.7.0_9198/ide/plugins/com.nxp.mcuxpresso.tools.macosx_11.7.0.202209140929/tools/bin/../lib/gcc/arm-none-eabi/10.3.1/../../../../arm-none-eabi/lib/thumb/v6-m/nofp/libcr_c.a(alloc.o)
                0x0000000000002828                free
 .text._Csys_alloc
                0x0000000000002854       0x20 /Applications/MCUXpressoIDE_11.7.0_9198/ide/plugins/com.nxp.mcuxpresso.tools.macosx_11.7.0.202209140929/tools/bin/../lib/gcc/arm-none-eabi/10.3.1/../../../../arm-none-eabi/lib/thumb/v6-m/nofp/libcr_c.a(alloc.o)
                0x0000000000002854                _Csys_alloc
 .text.cos      0x0000000000002874       0x5c /Applications/MCUXpressoIDE_11.7.0_9198/ide/plugins/com.nxp.mcuxpresso.tools.macosx_11.7.0.202209140929/tools/bin/../lib/gcc/arm-none-eabi/10.3.1/../../../../arm-none-eabi/lib/thumb/v6-m/nofp/libcr_c.a(cos.o)
                0x0000000000002874                cos
 .text.fp_round
                0x00000000000028d0       0x4a /Applications/MCUXpressoIDE_11.7.0_9198/ide/plugins/com.nxp.mcuxpresso.tools.macosx_11.7.0.202209140929/tools/bin/../lib/gcc/arm-none-eabi/10.3.1/../../../../arm-none-eabi/lib/thumb/v6-m/nofp/libcr_c.a(fpprintf.o)
 .text.pr_dec.constprop.0
                0x000000000000291a       0x30 /Applications/MCUXpressoIDE_11.7.0_9198/ide/plugins/com.nxp.mcuxpresso.tools.macosx_11.7.0.202209140929/tools/bin/../lib/gcc/arm-none-eabi/10.3.1/../../../../arm-none-eabi/lib/thumb/v6-m/nofp/libcr_c.a(fpprintf.o)
 *fill*         0x000000000000294a        0x2 ff
 .text.sprintf  0x000000000000294c       0x6c /Applications/MCUXpressoIDE_11.7.0_9198/ide/plugins/com.nxp.mcuxpresso.tools.macosx_11.7.0.202209140929/tools/bin/../lib/gcc/arm-none-eabi/10.3.1/../../../../arm-none-eabi/lib/thumb/v6-m/nofp/libcr_c.a(fpprintf.o)
                0x000000000000294c                sprintf
 .text.fp_display
                0x00000000000029b8      0x97c /Applications/MCUXpressoIDE_11.7.0_9198/ide/plugins/com.nxp.mcuxpresso.tools.macosx_11.7.0.202209140929/tools/bin/../lib/gcc/arm-none-eabi/10.3.1/../../../../arm-none-eabi/lib/thumb/v6-m/nofp/libcr_c.a(fpprintf.o)
 .text.vsnprintf
                0x0000000000003334       0x70 /Applications/MCUXpressoIDE_11.7.0_9198/ide/plugins/com.nxp.mcuxpresso.tools.macosx_11.7.0.202209140929/tools/bin/../lib/gcc/arm-none-eabi/10.3.1/../../../../arm-none-eabi/lib/thumb/v6-m/nofp/libcr_c.a(fpprintf.o)
                0x0000000000003334                vsnprintf
 .text.printf   0x00000000000033a4       0x50 /Applications/MCUXpressoIDE_11.7.0_9198/ide/plugins/com.nxp.mcuxpresso.tools.macosx_11.7.0.202209140929/tools/bin/../lib/gcc/arm-none-eabi/10.3.1/../../../../arm-none-eabi/lib/thumb/v6-m/nofp/libcr_c.a(fpprintf.o)
                0x00000000000033a4                printf
 .text._initio  0x00000000000033f4       0x7c /Applications/MCUXpressoIDE_11.7.0_9198/ide/plugins/com.nxp.mcuxpresso.tools.macosx_11.7.0.202209140929/tools/bin/../lib/gcc/arm-none-eabi/10.3.1/../../../../arm-none-eabi/lib/thumb/v6-m/nofp/libcr_c.a(initio.o)
                0x00000000000033f4                _initio
 .text.pow      0x0000000000003470      0x544 /Applications/MCUXpressoIDE_11.7.0_9198/ide/plugins/com.nxp.mcuxpresso.tools.macosx_11.7.0.202209140929/tools/bin/../lib/gcc/arm-none-eabi/10.3.1/../../../../arm-none-eabi/lib/thumb/v6-m/nofp/libcr_c.a(pow.o)
                0x0000000000003470                pow
 .text.__vfprintf
                0x00000000000039b4      0xd40 /Applications/MCUXpressoIDE_11.7.0_9198/ide/plugins/com.nxp.mcuxpresso.tools.macosx_11.7.0.202209140929/tools/bin/../lib/gcc/arm-none-eabi/10.3.1/../../../../arm-none-eabi/lib/thumb/v6-m/nofp/libcr_c.a(printf.o)
                0x00000000000039b4                __vfprintf
 .text.setvbuf  0x00000000000046f4       0x4c /Applications/MCUXpressoIDE_11.7.0_9198/ide/plugins/com.nxp.mcuxpresso.tools.macosx_11.7.0.202209140929/tools/bin/../lib/gcc/arm-none-eabi/10.3.1/../../../../arm-none-eabi/lib/thumb/v6-m/nofp/libcr_c.a(setvbuf.o)
                0x00000000000046f4                setvbuf
 .text.sin      0x0000000000004740       0x36 /Applications/MCUXpressoIDE_11.7.0_9198/ide/plugins/com.nxp.mcuxpresso.tools.macosx_11.7.0.202209140929/tools/bin/../lib/gcc/arm-none-eabi/10.3.1/../../../../arm-none-eabi/lib/thumb/v6-m/nofp/libcr_c.a(sin.o)
                0x0000000000004740                sin
 *fill*         0x0000000000004776        0x2 ff
 .text.sqrt     0x0000000000004778      0x134 /Applications/MCUXpressoIDE_11.7.0_9198/ide/plugins/com.nxp.mcuxpresso.tools.macosx_11.7.0.202209140929/tools/bin/../lib/gcc/arm-none-eabi/10.3.1/../../../../arm-none-eabi/lib/thumb/v6-m/nofp/libcr_c.a(sqrt.o)
                0x0000000000004778                sqrt
 .text.abs      0x00000000000048ac        0x8 /Applications/MCUXpressoIDE_11.7.0_9198/ide/plugins/com.nxp.mcuxpresso.tools.macosx_11.7.0.202209140929/tools/bin/../lib/gcc/arm-none-eabi/10.3.1/../../../../arm-none-eabi/lib/thumb/v6-m/nofp/libcr_c.a(stdlib.o)
                0x00000000000048ac                abs
 .text.strlen   0x00000000000048b4       0x58 /Applications/MCUXpressoIDE_11.7.0_9198/ide/plugins/com.nxp.mcuxpresso.tools.macosx_11.7.0.202209140929/tools/bin/../lib/gcc/arm-none-eabi/10.3.1/../../../../arm-none-eabi/lib/thumb/v6-m/nofp/libcr_c.a(strlen.o)
                0x00000000000048b4                strlen
 .text.memset   0x000000000000490c        0x8 /Applications/MCUXpressoIDE_11.7.0_9198/ide/plugins/com.nxp.mcuxpresso.tools.macosx_11.7.0.202209140929/tools/bin/../lib/gcc/arm-none-eabi/10.3.1/../../../../arm-none-eabi/lib/thumb/v6-m/nofp/libcr_c.a(memset.o)
                0x000000000000490c                memset
 .text._sbrk    0x0000000000004914       0x44 /Applications/MCUXpressoIDE_11.7.0_9198/ide/plugins/com.nxp.mcuxpresso.tools.macosx_11.7.0.202209140929/tools/bin/../lib/gcc/arm-none-eabi/10.3.1/../../../../arm-none-eabi/lib/thumb/v6-m/nofp/libcr_c.a(_cr_sbrk.o)
                0x0000000000004914                _sbrk
 .text._deferredlazyseek
                0x0000000000004958       0x40 /Applications/MCUXpressoIDE_11.7.0_9198/ide/plugins/com.nxp.mcuxpresso.tools.macosx_11.7.0.202209140929/tools/bin/../lib/gcc/arm-none-eabi/10.3.1/../../../../arm-none-eabi/lib/thumb/v6-m/nofp/libcr_c.a(_deferredlazyseek.o)
                0x0000000000004958                _deferredlazyseek
 .text.__flsbuf
                0x0000000000004998      0x150 /Applications/MCUXpressoIDE_11.7.0_9198/ide/plugins/com.nxp.mcuxpresso.tools.macosx_11.7.0.202209140929/tools/bin/../lib/gcc/arm-none-eabi/10.3.1/../../../../arm-none-eabi/lib/thumb/v6-m/nofp/libcr_c.a(_deferredlazyseek.o)
                0x0000000000004998                __flsbuf
 .text._fdopen  0x0000000000004ae8       0x74 /Applications/MCUXpressoIDE_11.7.0_9198/ide/plugins/com.nxp.mcuxpresso.tools.macosx_11.7.0.202209140929/tools/bin/../lib/gcc/arm-none-eabi/10.3.1/../../../../arm-none-eabi/lib/thumb/v6-m/nofp/libcr_c.a(_fdopen.o)
                0x0000000000004ae8                _fdopen
 .text._fflush  0x0000000000004b5c       0x60 /Applications/MCUXpressoIDE_11.7.0_9198/ide/plugins/com.nxp.mcuxpresso.tools.macosx_11.7.0.202209140929/tools/bin/../lib/gcc/arm-none-eabi/10.3.1/../../../../arm-none-eabi/lib/thumb/v6-m/nofp/libcr_c.a(_fflush.o)
                0x0000000000004b5c                _fflush
 .text._frexpl  0x0000000000004bbc       0x80 /Applications/MCUXpressoIDE_11.7.0_9198/ide/plugins/com.nxp.mcuxpresso.tools.macosx_11.7.0.202209140929/tools/bin/../lib/gcc/arm-none-eabi/10.3.1/../../../../arm-none-eabi/lib/thumb/v6-m/nofp/libcr_c.a(_frexpl.o)
                0x0000000000004bbc                _frexpl
 .text._ldexpl  0x0000000000004c3c       0x58 /Applications/MCUXpressoIDE_11.7.0_9198/ide/plugins/com.nxp.mcuxpresso.tools.macosx_11.7.0.202209140929/tools/bin/../lib/gcc/arm-none-eabi/10.3.1/../../../../arm-none-eabi/lib/thumb/v6-m/nofp/libcr_c.a(_ldexpl.o)
                0x0000000000004c3c                _ldexpl
 .text._sincos  0x0000000000004c94      0x1dc /Applications/MCUXpressoIDE_11.7.0_9198/ide/plugins/com.nxp.mcuxpresso.tools.macosx_11.7.0.202209140929/tools/bin/../lib/gcc/arm-none-eabi/10.3.1/../../../../arm-none-eabi/lib/thumb/v6-m/nofp/libcr_c.a(_sincos.o)
                0x0000000000004c94                _sincos
 .text._Cwritebuf
                0x0000000000004e70       0x68 /Applications/MCUXpressoIDE_11.7.0_9198/ide/plugins/com.nxp.mcuxpresso.tools.macosx_11.7.0.202209140929/tools/bin/../lib/gcc/arm-none-eabi/10.3.1/../../../../arm-none-eabi/lib/thumb/v6-m/nofp/libcr_c.a(_writebuf.o)
                0x0000000000004e70                _Cwritebuf
 .text.fabs     0x0000000000004ed8       0x22 /Applications/MCUXpressoIDE_11.7.0_9198/ide/plugins/com.nxp.mcuxpresso.tools.macosx_11.7.0.202209140929/tools/bin/../lib/gcc/arm-none-eabi/10.3.1/../../../../arm-none-eabi/lib/thumb/v6-m/nofp/libcr_c.a(fabs.o)
                0x0000000000004ed8                fabs
 *fill*         0x0000000000004efa        0x2 ff
 .text.fclose   0x0000000000004efc       0x5c /Applications/MCUXpressoIDE_11.7.0_9198/ide/plugins/com.nxp.mcuxpresso.tools.macosx_11.7.0.202209140929/tools/bin/../lib/gcc/arm-none-eabi/10.3.1/../../../../arm-none-eabi/lib/thumb/v6-m/nofp/libcr_c.a(fclose.o)
                0x0000000000004efc                fclose
 .text.fflush   0x0000000000004f58       0x44 /Applications/MCUXpressoIDE_11.7.0_9198/ide/plugins/com.nxp.mcuxpresso.tools.macosx_11.7.0.202209140929/tools/bin/../lib/gcc/arm-none-eabi/10.3.1/../../../../arm-none-eabi/lib/thumb/v6-m/nofp/libcr_c.a(fflush.o)
                0x0000000000004f58                fflush
 .text.frexp    0x0000000000004f9c       0x80 /Applications/MCUXpressoIDE_11.7.0_9198/ide/plugins/com.nxp.mcuxpresso.tools.macosx_11.7.0.202209140929/tools/bin/../lib/gcc/arm-none-eabi/10.3.1/../../../../arm-none-eabi/lib/thumb/v6-m/nofp/libcr_c.a(frexp.o)
                0x0000000000004f9c                frexp
 .text.fseek    0x000000000000501c       0xf0 /Applications/MCUXpressoIDE_11.7.0_9198/ide/plugins/com.nxp.mcuxpresso.tools.macosx_11.7.0.202209140929/tools/bin/../lib/gcc/arm-none-eabi/10.3.1/../../../../arm-none-eabi/lib/thumb/v6-m/nofp/libcr_c.a(fseek.o)
                0x000000000000501c                fseek
 .text.ftell    0x000000000000510c       0x48 /Applications/MCUXpressoIDE_11.7.0_9198/ide/plugins/com.nxp.mcuxpresso.tools.macosx_11.7.0.202209140929/tools/bin/../lib/gcc/arm-none-eabi/10.3.1/../../../../arm-none-eabi/lib/thumb/v6-m/nofp/libcr_c.a(ftell.o)
                0x000000000000510c                ftell
 .text.ldexp    0x0000000000005154       0x58 /Applications/MCUXpressoIDE_11.7.0_9198/ide/plugins/com.nxp.mcuxpresso.tools.macosx_11.7.0.202209140929/tools/bin/../lib/gcc/arm-none-eabi/10.3.1/../../../../arm-none-eabi/lib/thumb/v6-m/nofp/libcr_c.a(ldexp.o)
                0x0000000000005154                ldexp
 .text.remove   0x00000000000051ac       0x12 /Applications/MCUXpressoIDE_11.7.0_9198/ide/plugins/com.nxp.mcuxpresso.tools.macosx_11.7.0.202209140929/tools/bin/../lib/gcc/arm-none-eabi/10.3.1/../../../../arm-none-eabi/lib/thumb/v6-m/nofp/libcr_c.a(remove.o)
                0x00000000000051ac                remove
 *fill*         0x00000000000051be        0x2 ff
 .text.__check_heap_overflow
                0x00000000000051c0       0x18 /Applications/MCUXpressoIDE_11.7.0_9198/ide/plugins/com.nxp.mcuxpresso.tools.macosx_11.7.0.202209140929/tools/bin/../lib/gcc/arm-none-eabi/10.3.1/../../../../arm-none-eabi/lib/thumb/v6-m/nofp/libcr_c.a(_cr_check_heap.o)
                0x00000000000051c0                __check_heap_overflow
 .text._do_fflush
                0x00000000000051d8       0x48 /Applications/MCUXpressoIDE_11.7.0_9198/ide/plugins/com.nxp.mcuxpresso.tools.macosx_11.7.0.202209140929/tools/bin/../lib/gcc/arm-none-eabi/10.3.1/../../../../arm-none-eabi/lib/thumb/v6-m/nofp/libcr_c.a(_do_fflush.o)
                0x00000000000051d8                _do_fflush
 .text.__aeabi_division_idivmod
                0x0000000000005220       0x78 /Applications/MCUXpressoIDE_11.7.0_9198/ide/plugins/com.nxp.mcuxpresso.tools.macosx_11.7.0.202209140929/tools/bin/../lib/gcc/arm-none-eabi/10.3.1/thumb/v6-m/nofp/libcr_eabihelpers.a(division_32.o)
                0x0000000000005220                __aeabi_idiv
                0x0000000000005220                __aeabi_idivmod
                0x0000000000005226                __aeabi_uidiv
                0x0000000000005226                __aeabi_uidivmod
 .text.__aeabi_division_idiv0
                0x0000000000005298        0x2 /Applications/MCUXpressoIDE_11.7.0_9198/ide/plugins/com.nxp.mcuxpresso.tools.macosx_11.7.0.202209140929/tools/bin/../lib/gcc/arm-none-eabi/10.3.1/thumb/v6-m/nofp/libcr_eabihelpers.a(division_idiv0.o)
                0x0000000000005298                __aeabi_idiv0
 *fill*         0x000000000000529a        0x2 ff
 .text.__aeabi_dmul
                0x000000000000529c      0x184 /Applications/MCUXpressoIDE_11.7.0_9198/ide/plugins/com.nxp.mcuxpresso.tools.macosx_11.7.0.202209140929/tools/bin/../lib/gcc/arm-none-eabi/10.3.1/thumb/v6-m/nofp/libcr_eabihelpers.a(double.o)
                0x000000000000529c                __aeabi_dmul
 .text.__aeabi_ddiv
                0x0000000000005420      0x14c /Applications/MCUXpressoIDE_11.7.0_9198/ide/plugins/com.nxp.mcuxpresso.tools.macosx_11.7.0.202209140929/tools/bin/../lib/gcc/arm-none-eabi/10.3.1/thumb/v6-m/nofp/libcr_eabihelpers.a(double.o)
                0x0000000000005420                __aeabi_ddiv
 .text.__aeabi_dsub
                0x000000000000556c      0x1c0 /Applications/MCUXpressoIDE_11.7.0_9198/ide/plugins/com.nxp.mcuxpresso.tools.macosx_11.7.0.202209140929/tools/bin/../lib/gcc/arm-none-eabi/10.3.1/thumb/v6-m/nofp/libcr_eabihelpers.a(double.o)
                0x000000000000556c                __aeabi_dsub
 .text.__aeabi_dadd
                0x000000000000572c      0x134 /Applications/MCUXpressoIDE_11.7.0_9198/ide/plugins/com.nxp.mcuxpresso.tools.macosx_11.7.0.202209140929/tools/bin/../lib/gcc/arm-none-eabi/10.3.1/thumb/v6-m/nofp/libcr_eabihelpers.a(double.o)
                0x000000000000572c                __aeabi_dadd
 .text.__aeabi_d2f
                0x0000000000005860       0x60 /Applications/MCUXpressoIDE_11.7.0_9198/ide/plugins/com.nxp.mcuxpresso.tools.macosx_11.7.0.202209140929/tools/bin/../lib/gcc/arm-none-eabi/10.3.1/thumb/v6-m/nofp/libcr_eabihelpers.a(double.o)
                0x0000000000005860                __aeabi_d2f
 .text.__aeabi_d2iz
                0x00000000000058c0       0x50 /Applications/MCUXpressoIDE_11.7.0_9198/ide/plugins/com.nxp.mcuxpresso.tools.macosx_11.7.0.202209140929/tools/bin/../lib/gcc/arm-none-eabi/10.3.1/thumb/v6-m/nofp/libcr_eabihelpers.a(double.o)
                0x00000000000058c0                __aeabi_d2iz
 .text.__bhs_ui2d
                0x0000000000005910       0x5e /Applications/MCUXpressoIDE_11.7.0_9198/ide/plugins/com.nxp.mcuxpresso.tools.macosx_11.7.0.202209140929/tools/bin/../lib/gcc/arm-none-eabi/10.3.1/thumb/v6-m/nofp/libcr_eabihelpers.a(double.o)
                0x0000000000005910                __bhs_ui2d
 .text.__aeabi_i2d
                0x000000000000596e       0x18 /Applications/MCUXpressoIDE_11.7.0_9198/ide/plugins/com.nxp.mcuxpresso.tools.macosx_11.7.0.202209140929/tools/bin/../lib/gcc/arm-none-eabi/10.3.1/thumb/v6-m/nofp/libcr_eabihelpers.a(double.o)
                0x000000000000596e                __aeabi_i2d
 *fill*         0x0000000000005986        0x2 ff
 .text.__aeabi_dcmpeq
                0x0000000000005988       0x30 /Applications/MCUXpressoIDE_11.7.0_9198/ide/plugins/com.nxp.mcuxpresso.tools.macosx_11.7.0.202209140929/tools/bin/../lib/gcc/arm-none-eabi/10.3.1/thumb/v6-m/nofp/libcr_eabihelpers.a(double.o)
                0x0000000000005988                __aeabi_dcmpeq
 .text.__aeabi_dcmplt
                0x00000000000059b8       0x60 /Applications/MCUXpressoIDE_11.7.0_9198/ide/plugins/com.nxp.mcuxpresso.tools.macosx_11.7.0.202209140929/tools/bin/../lib/gcc/arm-none-eabi/10.3.1/thumb/v6-m/nofp/libcr_eabihelpers.a(double.o)
                0x00000000000059b8                __aeabi_dcmplt
 .text.__aeabi_dcmpgt
                0x0000000000005a18       0x5c /Applications/MCUXpressoIDE_11.7.0_9198/ide/plugins/com.nxp.mcuxpresso.tools.macosx_11.7.0.202209140929/tools/bin/../lib/gcc/arm-none-eabi/10.3.1/thumb/v6-m/nofp/libcr_eabihelpers.a(double.o)
                0x0000000000005a18                __aeabi_dcmpgt
 .text.__aeabi_dcmple
                0x0000000000005a74       0x5c /Applications/MCUXpressoIDE_11.7.0_9198/ide/plugins/com.nxp.mcuxpresso.tools.macosx_11.7.0.202209140929/tools/bin/../lib/gcc/arm-none-eabi/10.3.1/thumb/v6-m/nofp/libcr_eabihelpers.a(double.o)
                0x0000000000005a74                __aeabi_dcmple
 .text.__aeabi_dcmpge
                0x0000000000005ad0       0x5c /Applications/MCUXpressoIDE_11.7.0_9198/ide/plugins/com.nxp.mcuxpresso.tools.macosx_11.7.0.202209140929/tools/bin/../lib/gcc/arm-none-eabi/10.3.1/thumb/v6-m/nofp/libcr_eabihelpers.a(double.o)
                0x0000000000005ad0                __aeabi_dcmpge
 .text.__aeabi_fmul
                0x0000000000005b2c       0xc0 /Applications/MCUXpressoIDE_11.7.0_9198/ide/plugins/com.nxp.mcuxpresso.tools.macosx_11.7.0.202209140929/tools/bin/../lib/gcc/arm-none-eabi/10.3.1/thumb/v6-m/nofp/libcr_eabihelpers.a(float.o)
                0x0000000000005b2c                __aeabi_fmul
 .text.__aeabi_fdiv
                0x0000000000005bec       0xe8 /Applications/MCUXpressoIDE_11.7.0_9198/ide/plugins/com.nxp.mcuxpresso.tools.macosx_11.7.0.202209140929/tools/bin/../lib/gcc/arm-none-eabi/10.3.1/thumb/v6-m/nofp/libcr_eabihelpers.a(float.o)
                0x0000000000005bec                __aeabi_fdiv
 .text.__aeabi_fsub
                0x0000000000005cd4      0x128 /Applications/MCUXpressoIDE_11.7.0_9198/ide/plugins/com.nxp.mcuxpresso.tools.macosx_11.7.0.202209140929/tools/bin/../lib/gcc/arm-none-eabi/10.3.1/thumb/v6-m/nofp/libcr_eabihelpers.a(float.o)
                0x0000000000005cd4                __aeabi_fsub
 .text.__aeabi_fadd
                0x0000000000005dfc       0xac /Applications/MCUXpressoIDE_11.7.0_9198/ide/plugins/com.nxp.mcuxpresso.tools.macosx_11.7.0.202209140929/tools/bin/../lib/gcc/arm-none-eabi/10.3.1/thumb/v6-m/nofp/libcr_eabihelpers.a(float.o)
                0x0000000000005dfc                __aeabi_fadd
 .text.__aeabi_f2iz
                0x0000000000005ea8       0x3c /Applications/MCUXpressoIDE_11.7.0_9198/ide/plugins/com.nxp.mcuxpresso.tools.macosx_11.7.0.202209140929/tools/bin/../lib/gcc/arm-none-eabi/10.3.1/thumb/v6-m/nofp/libcr_eabihelpers.a(float.o)
                0x0000000000005ea8                __aeabi_f2iz
 .text.__bhs_ui2f
                0x0000000000005ee4       0x60 /Applications/MCUXpressoIDE_11.7.0_9198/ide/plugins/com.nxp.mcuxpresso.tools.macosx_11.7.0.202209140929/tools/bin/../lib/gcc/arm-none-eabi/10.3.1/thumb/v6-m/nofp/libcr_eabihelpers.a(float.o)
                0x0000000000005ee4                __bhs_ui2f
 .text.__aeabi_i2f
                0x0000000000005f44       0x18 /Applications/MCUXpressoIDE_11.7.0_9198/ide/plugins/com.nxp.mcuxpresso.tools.macosx_11.7.0.202209140929/tools/bin/../lib/gcc/arm-none-eabi/10.3.1/thumb/v6-m/nofp/libcr_eabihelpers.a(float.o)
                0x0000000000005f44                __aeabi_i2f
 .text.__aeabi_f2d
                0x0000000000005f5c       0x40 /Applications/MCUXpressoIDE_11.7.0_9198/ide/plugins/com.nxp.mcuxpresso.tools.macosx_11.7.0.202209140929/tools/bin/../lib/gcc/arm-none-eabi/10.3.1/thumb/v6-m/nofp/libcr_eabihelpers.a(float.o)
                0x0000000000005f5c                __aeabi_f2d
 .text.__aeabi_fcmplt
                0x0000000000005f9c       0x42 /Applications/MCUXpressoIDE_11.7.0_9198/ide/plugins/com.nxp.mcuxpresso.tools.macosx_11.7.0.202209140929/tools/bin/../lib/gcc/arm-none-eabi/10.3.1/thumb/v6-m/nofp/libcr_eabihelpers.a(float.o)
                0x0000000000005f9c                __aeabi_fcmplt
 .text.__aeabi_fcmpgt
                0x0000000000005fde       0x3e /Applications/MCUXpressoIDE_11.7.0_9198/ide/plugins/com.nxp.mcuxpresso.tools.macosx_11.7.0.202209140929/tools/bin/../lib/gcc/arm-none-eabi/10.3.1/thumb/v6-m/nofp/libcr_eabihelpers.a(float.o)
                0x0000000000005fde                __aeabi_fcmpgt
 .text.__aeabi_llong_lmul
                0x000000000000601c       0x2e /Applications/MCUXpressoIDE_11.7.0_9198/ide/plugins/com.nxp.mcuxpresso.tools.macosx_11.7.0.202209140929/tools/bin/../lib/gcc/arm-none-eabi/10.3.1/thumb/v6-m/nofp/libcr_eabihelpers.a(llong.o)
                0x000000000000601c                __aeabi_lmul
 .text.__aeabi_memcpy
                0x000000000000604a       0x2c /Applications/MCUXpressoIDE_11.7.0_9198/ide/plugins/com.nxp.mcuxpresso.tools.macosx_11.7.0.202209140929/tools/bin/../lib/gcc/arm-none-eabi/10.3.1/thumb/v6-m/nofp/libcr_eabihelpers.a(memcpy.o)
                0x000000000000604a                __aeabi_memcpy
                0x000000000000604a                __aeabi_memcpy4
                0x000000000000604a                __aeabi_memcpy8
 .text.__aeabi_memset_lowlevel
                0x0000000000006076       0x2a /Applications/MCUXpressoIDE_11.7.0_9198/ide/plugins/com.nxp.mcuxpresso.tools.macosx_11.7.0.202209140929/tools/bin/../lib/gcc/arm-none-eabi/10.3.1/thumb/v6-m/nofp/libcr_eabihelpers.a(memcpy.o)
                0x0000000000006076                __aeabi_lowlevel_memset
 .text.__gnu_thumb1_case_shi
                0x00000000000060a0       0x10 /Applications/MCUXpressoIDE_11.7.0_9198/ide/plugins/com.nxp.mcuxpresso.tools.macosx_11.7.0.202209140929/tools/bin/../lib/gcc/arm-none-eabi/10.3.1/thumb/v6-m/nofp/libcr_eabihelpers.a(thumb1_switch_helpers.o)
                0x00000000000060a0                __gnu_thumb1_case_shi
 .text.__sys_appexit
                0x00000000000060b0        0xc /Applications/MCUXpressoIDE_11.7.0_9198/ide/plugins/com.nxp.mcuxpresso.tools.macosx_11.7.0.202209140929/tools/bin/../lib/gcc/arm-none-eabi/10.3.1/../../../../arm-none-eabi/lib/thumb/v6-m/nofp/libcr_semihost.a(__sys_appexit.o)
                0x00000000000060b0                __exit
                0x00000000000060b0                __sys_appexit
 .text.__sys_close
                0x00000000000060bc        0xc /Applications/MCUXpressoIDE_11.7.0_9198/ide/plugins/com.nxp.mcuxpresso.tools.macosx_11.7.0.202209140929/tools/bin/../lib/gcc/arm-none-eabi/10.3.1/../../../../arm-none-eabi/lib/thumb/v6-m/nofp/libcr_semihost.a(__sys_close.o)
                0x00000000000060bc                __sys_close
 .text.__sys_flen
                0x00000000000060c8        0xc /Applications/MCUXpressoIDE_11.7.0_9198/ide/plugins/com.nxp.mcuxpresso.tools.macosx_11.7.0.202209140929/tools/bin/../lib/gcc/arm-none-eabi/10.3.1/../../../../arm-none-eabi/lib/thumb/v6-m/nofp/libcr_semihost.a(__sys_flen.o)
                0x00000000000060c8                __sys_flen
 .text.__sys_istty
                0x00000000000060d4        0xc /Applications/MCUXpressoIDE_11.7.0_9198/ide/plugins/com.nxp.mcuxpresso.tools.macosx_11.7.0.202209140929/tools/bin/../lib/gcc/arm-none-eabi/10.3.1/../../../../arm-none-eabi/lib/thumb/v6-m/nofp/libcr_semihost.a(__sys_istty.o)
                0x00000000000060d4                __sys_istty
 .text.__sys_remove
                0x00000000000060e0        0xc /Applications/MCUXpressoIDE_11.7.0_9198/ide/plugins/com.nxp.mcuxpresso.tools.macosx_11.7.0.202209140929/tools/bin/../lib/gcc/arm-none-eabi/10.3.1/../../../../arm-none-eabi/lib/thumb/v6-m/nofp/libcr_semihost.a(__sys_remove.o)
                0x00000000000060e0                __sys_remove
 .text.__sys_seek
                0x00000000000060ec        0xc /Applications/MCUXpressoIDE_11.7.0_9198/ide/plugins/com.nxp.mcuxpresso.tools.macosx_11.7.0.202209140929/tools/bin/../lib/gcc/arm-none-eabi/10.3.1/../../../../arm-none-eabi/lib/thumb/v6-m/nofp/libcr_semihost.a(__sys_seek.o)
                0x00000000000060ec                __sys_seek
 .text.__sys_tmpnam
                0x00000000000060f8        0xc /Applications/MCUXpressoIDE_11.7.0_9198/ide/plugins/com.nxp.mcuxpresso.tools.macosx_11.7.0.202209140929/tools/bin/../lib/gcc/arm-none-eabi/10.3.1/../../../../arm-none-eabi/lib/thumb/v6-m/nofp/libcr_semihost.a(__sys_tmpnam.o)
                0x00000000000060f8                __sys_tmpnam
 .text.__sys_write
                0x0000000000006104        0xc /Applications/MCUXpressoIDE_11.7.0_9198/ide/plugins/com.nxp.mcuxpresso.tools.macosx_11.7.0.202209140929/tools/bin/../lib/gcc/arm-none-eabi/10.3.1/../../../../arm-none-eabi/lib/thumb/v6-m/nofp/libcr_semihost.a(__sys_write.o)
                0x0000000000006104                __sys_write
 *(.rodata .rodata.* .constdata .constdata.*)
 .rodata.forest.str1.1
                0x0000000000006110        0xd ./example/src/main.o
 *fill*         0x000000000000611d        0x3 ff
 .rodata.OscRateIn
                0x0000000000006120        0x4 /Users/ezgikaya/Documents/MCUXpressoIDE_11.7.0_9198/Ezgi_workspace/nxp_lpcxpresso_11c24_board_lib/Debug/libnxp_lpcxpresso_11c24_board_lib.a(board.o)
                0x0000000000006120                OscRateIn
 .rodata.pinmuxing
                0x0000000000006124       0x28 /Users/ezgikaya/Documents/MCUXpressoIDE_11.7.0_9198/Ezgi_workspace/nxp_lpcxpresso_11c24_board_lib/Debug/libnxp_lpcxpresso_11c24_board_lib.a(board_sysinit.o)
 .rodata.wdtOSCRate
                0x000000000000614c       0x40 /Users/ezgikaya/Documents/MCUXpressoIDE_11.7.0_9198/Ezgi_workspace/lpc_chip_11cxx_lib/Debug/liblpc_chip_11cxx_lib.a(clock_11xx.o)
 .rodata._Csys_alloc.str1.1
                0x000000000000618c       0x18 /Applications/MCUXpressoIDE_11.7.0_9198/ide/plugins/com.nxp.mcuxpresso.tools.macosx_11.7.0.202209140929/tools/bin/../lib/gcc/arm-none-eabi/10.3.1/../../../../arm-none-eabi/lib/thumb/v6-m/nofp/libcr_c.a(alloc.o)
 .rodata.fp_display.str1.1
                0x00000000000061a4       0x34 /Applications/MCUXpressoIDE_11.7.0_9198/ide/plugins/com.nxp.mcuxpresso.tools.macosx_11.7.0.202209140929/tools/bin/../lib/gcc/arm-none-eabi/10.3.1/../../../../arm-none-eabi/lib/thumb/v6-m/nofp/libcr_c.a(fpprintf.o)
                                         0x35 (size before relaxing)
 .rodata._initio.str1.1
                0x00000000000061d8        0x2 /Applications/MCUXpressoIDE_11.7.0_9198/ide/plugins/com.nxp.mcuxpresso.tools.macosx_11.7.0.202209140929/tools/bin/../lib/gcc/arm-none-eabi/10.3.1/../../../../arm-none-eabi/lib/thumb/v6-m/nofp/libcr_c.a(initio.o)
                                          0x4 (size before relaxing)
 *fill*         0x00000000000061da        0x6 ff
 .rodata.a1.1   0x00000000000061e0       0x88 /Applications/MCUXpressoIDE_11.7.0_9198/ide/plugins/com.nxp.mcuxpresso.tools.macosx_11.7.0.202209140929/tools/bin/../lib/gcc/arm-none-eabi/10.3.1/../../../../arm-none-eabi/lib/thumb/v6-m/nofp/libcr_c.a(pow.o)
 .rodata.a2.0   0x0000000000006268       0x40 /Applications/MCUXpressoIDE_11.7.0_9198/ide/plugins/com.nxp.mcuxpresso.tools.macosx_11.7.0.202209140929/tools/bin/../lib/gcc/arm-none-eabi/10.3.1/../../../../arm-none-eabi/lib/thumb/v6-m/nofp/libcr_c.a(pow.o)
 .rodata.__vfprintf.str1.1
                0x00000000000062a8       0x31 /Applications/MCUXpressoIDE_11.7.0_9198/ide/plugins/com.nxp.mcuxpresso.tools.macosx_11.7.0.202209140929/tools/bin/../lib/gcc/arm-none-eabi/10.3.1/../../../../arm-none-eabi/lib/thumb/v6-m/nofp/libcr_c.a(printf.o)
                                         0x38 (size before relaxing)
 *fill*         0x00000000000062d9        0x3 ff
 .rodata.__num_Ciob_streams
                0x00000000000062dc        0x4 /Applications/MCUXpressoIDE_11.7.0_9198/ide/plugins/com.nxp.mcuxpresso.tools.macosx_11.7.0.202209140929/tools/bin/../lib/gcc/arm-none-eabi/10.3.1/../../../../arm-none-eabi/lib/thumb/v6-m/nofp/libcr_semihost.a(__ciob.o)
                0x00000000000062dc                __num_Ciob_streams
                0x00000000000062e0                . = ALIGN (0x4)

.glue_7         0x00000000000062e0        0x0
 .glue_7        0x00000000000062e0        0x0 linker stubs

.glue_7t        0x00000000000062e0        0x0
 .glue_7t       0x00000000000062e0        0x0 linker stubs

.vfp11_veneer   0x00000000000062e0        0x0
 .vfp11_veneer  0x00000000000062e0        0x0 linker stubs

.v4_bx          0x00000000000062e0        0x0
 .v4_bx         0x00000000000062e0        0x0 linker stubs

.iplt           0x00000000000062e0        0x0
 .iplt          0x00000000000062e0        0x0 ./example/src/cr_startup_lpc11xx.o

.rel.dyn        0x00000000000062e0        0x0
 .rel.iplt      0x00000000000062e0        0x0 ./example/src/cr_startup_lpc11xx.o

.ARM.extab
 *(.ARM.extab* .gnu.linkonce.armextab.*)

.ARM.exidx      0x00000000000062e0        0x0
                0x00000000000062e0                __exidx_start = .
 *(.ARM.exidx* .gnu.linkonce.armexidx.*)
                0x00000000000062e0                __exidx_end = .
                0x00000000000062e0                _etext = .

.uninit_RESERVED
                0x0000000010000000        0x0
                0x0000000010000000                _start_uninit_RESERVED = .
 *(.bss.$RESERVED*)
                0x0000000010000000                . = ALIGN (0x4)
                0x0000000010000000                _end_uninit_RESERVED = .

.data           0x0000000010000000       0x10 load address 0x00000000000062e0
 FILL mask 0xff
                0x0000000010000000                _data = .
                [!provide]                        PROVIDE (__start_data_RAM = .)
                [!provide]                        PROVIDE (__start_data_RamLoc8 = .)
 *(vtable)
 *(.ramfunc*)
 *(CodeQuickAccess)
 *(DataQuickAccess)
 *(RamFunction)
 *(.data*)
 .data.height   0x0000000010000000        0x4 ./example/src/lcd__api.o
                0x0000000010000000                height
 .data.width    0x0000000010000004        0x4 ./example/src/lcd__api.o
                0x0000000010000004                width
 .data.Idmax    0x0000000010000008        0x4 ./example/src/main.o
                0x0000000010000008                Idmax
 .data.Idmin    0x000000001000000c        0x4 ./example/src/main.o
                0x000000001000000c                Idmin
                0x0000000010000010                . = ALIGN (0x4)
                0x0000000010000010                _edata = .
                [!provide]                        PROVIDE (__end_data_RAM = .)
                [!provide]                        PROVIDE (__end_data_RamLoc8 = .)

.igot.plt       0x0000000010000010        0x0 load address 0x00000000000062f0
 .igot.plt      0x0000000010000010        0x0 ./example/src/cr_startup_lpc11xx.o

.bss            0x0000000010000010      0x238
                0x0000000010000010                _bss = .
                [!provide]                        PROVIDE (__start_bss_RAM = .)
                [!provide]                        PROVIDE (__start_bss_RamLoc8 = .)
 *(.bss*)
 .bss.Rx_Buf    0x0000000010000010        0x2 ./example/src/lcd__api.o
 .bss.Tx_Buf    0x0000000010000012        0x2 ./example/src/lcd__api.o
 .bss.xf_setup  0x0000000010000014       0x14 ./example/src/lcd__api.o
 .bss.D_focal   0x0000000010000028        0x4 ./example/src/main.o
                0x0000000010000028                D_focal
 .bss.Rho       0x000000001000002c        0x4 ./example/src/main.o
                0x000000001000002c                Rho
 .bss.Xe        0x0000000010000030        0x4 ./example/src/main.o
                0x0000000010000030                Xe
 .bss.Xs        0x0000000010000034        0x4 ./example/src/main.o
                0x0000000010000034                Xs
 .bss.Ye        0x0000000010000038        0x4 ./example/src/main.o
                0x0000000010000038                Ye
 .bss.Ys        0x000000001000003c        0x4 ./example/src/main.o
                0x000000001000003c                Ys
 .bss.Ze        0x0000000010000040        0x4 ./example/src/main.o
                0x0000000010000040                Ze
 .bss.Zs        0x0000000010000044        0x4 ./example/src/main.o
                0x0000000010000044                Zs
 .bss.cos_phi   0x0000000010000048        0x4 ./example/src/main.o
                0x0000000010000048                cos_phi
 .bss.cos_theta
                0x000000001000004c        0x4 ./example/src/main.o
                0x000000001000004c                cos_theta
 .bss.sin_phi   0x0000000010000050        0x4 ./example/src/main.o
                0x0000000010000050                sin_phi
 .bss.sin_theta
                0x0000000010000054        0x4 ./example/src/main.o
                0x0000000010000054                sin_theta
 .bss.SystemCoreClock
                0x0000000010000058        0x4 /Users/ezgikaya/Documents/MCUXpressoIDE_11.7.0_9198/Ezgi_workspace/lpc_chip_11cxx_lib/Debug/liblpc_chip_11cxx_lib.a(chip_11xx.o)
                0x0000000010000058                SystemCoreClock
 .bss.__end_of_heap
                0x000000001000005c        0x4 /Applications/MCUXpressoIDE_11.7.0_9198/ide/plugins/com.nxp.mcuxpresso.tools.macosx_11.7.0.202209140929/tools/bin/../lib/gcc/arm-none-eabi/10.3.1/../../../../arm-none-eabi/lib/thumb/v6-m/nofp/libcr_c.a(__init_alloc.o)
                0x000000001000005c                __end_of_heap
 .bss.__heaps   0x0000000010000060        0x4 /Applications/MCUXpressoIDE_11.7.0_9198/ide/plugins/com.nxp.mcuxpresso.tools.macosx_11.7.0.202209140929/tools/bin/../lib/gcc/arm-none-eabi/10.3.1/../../../../arm-none-eabi/lib/thumb/v6-m/nofp/libcr_c.a(__init_alloc.o)
                0x0000000010000060                __heaps
 .bss.errno     0x0000000010000064        0x4 /Applications/MCUXpressoIDE_11.7.0_9198/ide/plugins/com.nxp.mcuxpresso.tools.macosx_11.7.0.202209140929/tools/bin/../lib/gcc/arm-none-eabi/10.3.1/../../../../arm-none-eabi/lib/thumb/v6-m/nofp/libcr_c.a(errno.o)
                0x0000000010000064                errno
 .bss.__Ciob    0x0000000010000068      0x1e0 /Applications/MCUXpressoIDE_11.7.0_9198/ide/plugins/com.nxp.mcuxpresso.tools.macosx_11.7.0.202209140929/tools/bin/../lib/gcc/arm-none-eabi/10.3.1/../../../../arm-none-eabi/lib/thumb/v6-m/nofp/libcr_semihost.a(__ciob.o)
                0x0000000010000068                __Ciob
 *(COMMON)
                0x0000000010000248                . = ALIGN (0x4)
                0x0000000010000248                _ebss = .
                [!provide]                        PROVIDE (__end_bss_RAM = .)
                [!provide]                        PROVIDE (__end_bss_RamLoc8 = .)
                [!provide]                        PROVIDE (end = .)

.noinit         0x0000000010000248        0x0
                0x0000000010000248                _noinit = .
                [!provide]                        PROVIDE (__start_noinit_RAM = .)
                [!provide]                        PROVIDE (__start_noinit_RamLoc8 = .)
 *(.noinit*)
                0x0000000010000248                . = ALIGN (0x4)
                0x0000000010000248                _end_noinit = .
                [!provide]                        PROVIDE (__end_noinit_RAM = .)
                [!provide]                        PROVIDE (__end_noinit_RamLoc8 = .)
                0x0000000010000248                PROVIDE (_pvHeapStart = DEFINED (__user_heap_base)?__user_heap_base:.)
                0x0000000010002000                PROVIDE (_vStackTop = DEFINED (__user_stack_top)?__user_stack_top:(__top_RamLoc8 - 0x0))
                [!provide]                        PROVIDE (__valid_user_code_checksum = (0x0 - (((_vStackTop + (ResetISR + 0x1)) + (DEFINED (NMI_Handler)?NMI_Handler:M0_NMI_Handler + 0x1)) + (DEFINED (HardFault_Handler)?HardFault_Handler:M0_HardFault_Handler + 0x1))))
                0x0000000000000000                _image_start = LOADADDR (.text)
                0x00000000000062f0                _image_end = (LOADADDR (.data) + SIZEOF (.data))
                0x00000000000062f0                _image_size = (_image_end - _image_start)
OUTPUT(LPC11C24_3D_GE_Design.axf elf32-littlearm)
LOAD linker stubs

.debug_info     0x0000000000000000     0x7e64
 .debug_info    0x0000000000000000      0x2b6 ./example/src/cr_startup_lpc11xx.o
 .debug_info    0x00000000000002b6     0x13cb ./example/src/lcd__api.o
 .debug_info    0x0000000000001681     0x27e4 ./example/src/main.o
 .debug_info    0x0000000000003e65       0xb1 ./example/src/sysinit.o
 .debug_info    0x0000000000003f16      0x83a /Users/ezgikaya/Documents/MCUXpressoIDE_11.7.0_9198/Ezgi_workspace/nxp_lpcxpresso_11c24_board_lib/Debug/libnxp_lpcxpresso_11c24_board_lib.a(board.o)
 .debug_info    0x0000000000004750      0xa7a /Users/ezgikaya/Documents/MCUXpressoIDE_11.7.0_9198/Ezgi_workspace/nxp_lpcxpresso_11c24_board_lib/Debug/libnxp_lpcxpresso_11c24_board_lib.a(board_sysinit.o)
 .debug_info    0x00000000000051ca       0xb7 /Users/ezgikaya/Documents/MCUXpressoIDE_11.7.0_9198/Ezgi_workspace/lpc_chip_11cxx_lib/Debug/liblpc_chip_11cxx_lib.a(chip_11xx.o)
 .debug_info    0x0000000000005281      0x8ef /Users/ezgikaya/Documents/MCUXpressoIDE_11.7.0_9198/Ezgi_workspace/lpc_chip_11cxx_lib/Debug/liblpc_chip_11cxx_lib.a(clock_11xx.o)
 .debug_info    0x0000000000005b70      0xbcf /Users/ezgikaya/Documents/MCUXpressoIDE_11.7.0_9198/Ezgi_workspace/lpc_chip_11cxx_lib/Debug/liblpc_chip_11cxx_lib.a(gpio_11xx_2.o)
 .debug_info    0x000000000000673f     0x1170 /Users/ezgikaya/Documents/MCUXpressoIDE_11.7.0_9198/Ezgi_workspace/lpc_chip_11cxx_lib/Debug/liblpc_chip_11cxx_lib.a(ssp_11xx.o)
 .debug_info    0x00000000000078af      0x5b5 /Users/ezgikaya/Documents/MCUXpressoIDE_11.7.0_9198/Ezgi_workspace/lpc_chip_11cxx_lib/Debug/liblpc_chip_11cxx_lib.a(sysctl_11xx.o)

.debug_abbrev   0x0000000000000000     0x1597
 .debug_abbrev  0x0000000000000000      0x122 ./example/src/cr_startup_lpc11xx.o
 .debug_abbrev  0x0000000000000122      0x435 ./example/src/lcd__api.o
 .debug_abbrev  0x0000000000000557      0x34a ./example/src/main.o
 .debug_abbrev  0x00000000000008a1       0x67 ./example/src/sysinit.o
 .debug_abbrev  0x0000000000000908      0x257 /Users/ezgikaya/Documents/MCUXpressoIDE_11.7.0_9198/Ezgi_workspace/nxp_lpcxpresso_11c24_board_lib/Debug/libnxp_lpcxpresso_11c24_board_lib.a(board.o)
 .debug_abbrev  0x0000000000000b5f      0x21c /Users/ezgikaya/Documents/MCUXpressoIDE_11.7.0_9198/Ezgi_workspace/nxp_lpcxpresso_11c24_board_lib/Debug/libnxp_lpcxpresso_11c24_board_lib.a(board_sysinit.o)
 .debug_abbrev  0x0000000000000d7b       0x78 /Users/ezgikaya/Documents/MCUXpressoIDE_11.7.0_9198/Ezgi_workspace/lpc_chip_11cxx_lib/Debug/liblpc_chip_11cxx_lib.a(chip_11xx.o)
 .debug_abbrev  0x0000000000000df3      0x1ea /Users/ezgikaya/Documents/MCUXpressoIDE_11.7.0_9198/Ezgi_workspace/lpc_chip_11cxx_lib/Debug/liblpc_chip_11cxx_lib.a(clock_11xx.o)
 .debug_abbrev  0x0000000000000fdd      0x1d8 /Users/ezgikaya/Documents/MCUXpressoIDE_11.7.0_9198/Ezgi_workspace/lpc_chip_11cxx_lib/Debug/liblpc_chip_11cxx_lib.a(gpio_11xx_2.o)
 .debug_abbrev  0x00000000000011b5      0x2fd /Users/ezgikaya/Documents/MCUXpressoIDE_11.7.0_9198/Ezgi_workspace/lpc_chip_11cxx_lib/Debug/liblpc_chip_11cxx_lib.a(ssp_11xx.o)
 .debug_abbrev  0x00000000000014b2       0xe5 /Users/ezgikaya/Documents/MCUXpressoIDE_11.7.0_9198/Ezgi_workspace/lpc_chip_11cxx_lib/Debug/liblpc_chip_11cxx_lib.a(sysctl_11xx.o)

.debug_loc      0x0000000000000000     0x25e8
 .debug_loc     0x0000000000000000      0x234 ./example/src/cr_startup_lpc11xx.o
 .debug_loc     0x0000000000000234      0xc41 ./example/src/lcd__api.o
 .debug_loc     0x0000000000000e75     0x1773 ./example/src/main.o

.debug_aranges  0x0000000000000000      0x558
 .debug_aranges
                0x0000000000000000       0x60 ./example/src/cr_startup_lpc11xx.o
 .debug_aranges
                0x0000000000000060       0x80 ./example/src/lcd__api.o
 .debug_aranges
                0x00000000000000e0       0x88 ./example/src/main.o
 .debug_aranges
                0x0000000000000168       0x20 ./example/src/sysinit.o
 .debug_aranges
                0x0000000000000188       0xa0 /Users/ezgikaya/Documents/MCUXpressoIDE_11.7.0_9198/Ezgi_workspace/nxp_lpcxpresso_11c24_board_lib/Debug/libnxp_lpcxpresso_11c24_board_lib.a(board.o)
 .debug_aranges
                0x0000000000000228       0x60 /Users/ezgikaya/Documents/MCUXpressoIDE_11.7.0_9198/Ezgi_workspace/nxp_lpcxpresso_11c24_board_lib/Debug/libnxp_lpcxpresso_11c24_board_lib.a(board_sysinit.o)
 .debug_aranges
                0x0000000000000288       0x20 /Users/ezgikaya/Documents/MCUXpressoIDE_11.7.0_9198/Ezgi_workspace/lpc_chip_11cxx_lib/Debug/liblpc_chip_11cxx_lib.a(chip_11xx.o)
 .debug_aranges
                0x00000000000002a8       0x88 /Users/ezgikaya/Documents/MCUXpressoIDE_11.7.0_9198/Ezgi_workspace/lpc_chip_11cxx_lib/Debug/liblpc_chip_11cxx_lib.a(clock_11xx.o)
 .debug_aranges
                0x0000000000000330       0xb0 /Users/ezgikaya/Documents/MCUXpressoIDE_11.7.0_9198/Ezgi_workspace/lpc_chip_11cxx_lib/Debug/liblpc_chip_11cxx_lib.a(gpio_11xx_2.o)
 .debug_aranges
                0x00000000000003e0      0x140 /Users/ezgikaya/Documents/MCUXpressoIDE_11.7.0_9198/Ezgi_workspace/lpc_chip_11cxx_lib/Debug/liblpc_chip_11cxx_lib.a(ssp_11xx.o)
 .debug_aranges
                0x0000000000000520       0x38 /Users/ezgikaya/Documents/MCUXpressoIDE_11.7.0_9198/Ezgi_workspace/lpc_chip_11cxx_lib/Debug/liblpc_chip_11cxx_lib.a(sysctl_11xx.o)

.debug_ranges   0x0000000000000000      0x788
 .debug_ranges  0x0000000000000000       0x50 ./example/src/cr_startup_lpc11xx.o
 .debug_ranges  0x0000000000000050      0x228 ./example/src/lcd__api.o
 .debug_ranges  0x0000000000000278      0x1a0 ./example/src/main.o
 .debug_ranges  0x0000000000000418       0x10 ./example/src/sysinit.o
 .debug_ranges  0x0000000000000428       0x90 /Users/ezgikaya/Documents/MCUXpressoIDE_11.7.0_9198/Ezgi_workspace/nxp_lpcxpresso_11c24_board_lib/Debug/libnxp_lpcxpresso_11c24_board_lib.a(board.o)
 .debug_ranges  0x00000000000004b8       0x50 /Users/ezgikaya/Documents/MCUXpressoIDE_11.7.0_9198/Ezgi_workspace/nxp_lpcxpresso_11c24_board_lib/Debug/libnxp_lpcxpresso_11c24_board_lib.a(board_sysinit.o)
 .debug_ranges  0x0000000000000508       0x10 /Users/ezgikaya/Documents/MCUXpressoIDE_11.7.0_9198/Ezgi_workspace/lpc_chip_11cxx_lib/Debug/liblpc_chip_11cxx_lib.a(chip_11xx.o)
 .debug_ranges  0x0000000000000518       0x78 /Users/ezgikaya/Documents/MCUXpressoIDE_11.7.0_9198/Ezgi_workspace/lpc_chip_11cxx_lib/Debug/liblpc_chip_11cxx_lib.a(clock_11xx.o)
 .debug_ranges  0x0000000000000590       0xa0 /Users/ezgikaya/Documents/MCUXpressoIDE_11.7.0_9198/Ezgi_workspace/lpc_chip_11cxx_lib/Debug/liblpc_chip_11cxx_lib.a(gpio_11xx_2.o)
 .debug_ranges  0x0000000000000630      0x130 /Users/ezgikaya/Documents/MCUXpressoIDE_11.7.0_9198/Ezgi_workspace/lpc_chip_11cxx_lib/Debug/liblpc_chip_11cxx_lib.a(ssp_11xx.o)
 .debug_ranges  0x0000000000000760       0x28 /Users/ezgikaya/Documents/MCUXpressoIDE_11.7.0_9198/Ezgi_workspace/lpc_chip_11cxx_lib/Debug/liblpc_chip_11cxx_lib.a(sysctl_11xx.o)

.debug_macro    0x0000000000000000     0x3b7d
 .debug_macro   0x0000000000000000       0x26 ./example/src/cr_startup_lpc11xx.o
 .debug_macro   0x0000000000000026      0xa6c ./example/src/cr_startup_lpc11xx.o
 .debug_macro   0x0000000000000a92       0x10 ./example/src/cr_startup_lpc11xx.o
 .debug_macro   0x0000000000000aa2      0x1ee ./example/src/lcd__api.o
 .debug_macro   0x0000000000000c90       0x10 ./example/src/lcd__api.o
 .debug_macro   0x0000000000000ca0      0x12e ./example/src/lcd__api.o
 .debug_macro   0x0000000000000dce      0x5b3 ./example/src/lcd__api.o
 .debug_macro   0x0000000000001381       0x82 ./example/src/lcd__api.o
 .debug_macro   0x0000000000001403       0x22 ./example/src/lcd__api.o
 .debug_macro   0x0000000000001425       0x7b ./example/src/lcd__api.o
 .debug_macro   0x00000000000014a0       0x1f ./example/src/lcd__api.o
 .debug_macro   0x00000000000014bf       0x3a ./example/src/lcd__api.o
 .debug_macro   0x00000000000014f9      0x241 ./example/src/lcd__api.o
 .debug_macro   0x000000000000173a      0x117 ./example/src/lcd__api.o
 .debug_macro   0x0000000000001851       0x22 ./example/src/lcd__api.o
 .debug_macro   0x0000000000001873       0xb2 ./example/src/lcd__api.o
 .debug_macro   0x0000000000001925       0x10 ./example/src/lcd__api.o
 .debug_macro   0x0000000000001935      0x137 ./example/src/lcd__api.o
 .debug_macro   0x0000000000001a6c       0x4c ./example/src/lcd__api.o
 .debug_macro   0x0000000000001ab8       0x16 ./example/src/lcd__api.o
 .debug_macro   0x0000000000001ace      0x31a ./example/src/lcd__api.o
 .debug_macro   0x0000000000001de8       0x2e ./example/src/lcd__api.o
 .debug_macro   0x0000000000001e16       0xb8 ./example/src/lcd__api.o
 .debug_macro   0x0000000000001ece       0x11 ./example/src/lcd__api.o
 .debug_macro   0x0000000000001edf       0x7c ./example/src/lcd__api.o
 .debug_macro   0x0000000000001f5b      0x21c ./example/src/lcd__api.o
 .debug_macro   0x0000000000002177      0x113 ./example/src/lcd__api.o
 .debug_macro   0x000000000000228a       0x1c ./example/src/lcd__api.o
 .debug_macro   0x00000000000022a6       0x9a ./example/src/lcd__api.o
 .debug_macro   0x0000000000002340       0x20 ./example/src/lcd__api.o
 .debug_macro   0x0000000000002360       0x22 ./example/src/lcd__api.o
 .debug_macro   0x0000000000002382      0x1a7 ./example/src/main.o
 .debug_macro   0x0000000000002529       0xc4 ./example/src/main.o
 .debug_macro   0x00000000000025ed      0x17d ./example/src/sysinit.o
 .debug_macro   0x000000000000276a      0x18a /Users/ezgikaya/Documents/MCUXpressoIDE_11.7.0_9198/Ezgi_workspace/nxp_lpcxpresso_11c24_board_lib/Debug/libnxp_lpcxpresso_11c24_board_lib.a(board.o)
 .debug_macro   0x00000000000028f4      0xa5a /Users/ezgikaya/Documents/MCUXpressoIDE_11.7.0_9198/Ezgi_workspace/nxp_lpcxpresso_11c24_board_lib/Debug/libnxp_lpcxpresso_11c24_board_lib.a(board.o)
 .debug_macro   0x000000000000334e       0x12 /Users/ezgikaya/Documents/MCUXpressoIDE_11.7.0_9198/Ezgi_workspace/nxp_lpcxpresso_11c24_board_lib/Debug/libnxp_lpcxpresso_11c24_board_lib.a(board.o)
 .debug_macro   0x0000000000003360      0x18b /Users/ezgikaya/Documents/MCUXpressoIDE_11.7.0_9198/Ezgi_workspace/nxp_lpcxpresso_11c24_board_lib/Debug/libnxp_lpcxpresso_11c24_board_lib.a(board_sysinit.o)
 .debug_macro   0x00000000000034eb      0x148 /Users/ezgikaya/Documents/MCUXpressoIDE_11.7.0_9198/Ezgi_workspace/lpc_chip_11cxx_lib/Debug/liblpc_chip_11cxx_lib.a(chip_11xx.o)
 .debug_macro   0x0000000000003633      0x148 /Users/ezgikaya/Documents/MCUXpressoIDE_11.7.0_9198/Ezgi_workspace/lpc_chip_11cxx_lib/Debug/liblpc_chip_11cxx_lib.a(clock_11xx.o)
 .debug_macro   0x000000000000377b      0x148 /Users/ezgikaya/Documents/MCUXpressoIDE_11.7.0_9198/Ezgi_workspace/lpc_chip_11cxx_lib/Debug/liblpc_chip_11cxx_lib.a(gpio_11xx_2.o)
 .debug_macro   0x00000000000038c3      0x148 /Users/ezgikaya/Documents/MCUXpressoIDE_11.7.0_9198/Ezgi_workspace/lpc_chip_11cxx_lib/Debug/liblpc_chip_11cxx_lib.a(ssp_11xx.o)
 .debug_macro   0x0000000000003a0b      0x172 /Users/ezgikaya/Documents/MCUXpressoIDE_11.7.0_9198/Ezgi_workspace/lpc_chip_11cxx_lib/Debug/liblpc_chip_11cxx_lib.a(sysctl_11xx.o)

.debug_line     0x0000000000000000     0x536a
 .debug_line    0x0000000000000000      0x223 ./example/src/cr_startup_lpc11xx.o
 .debug_line    0x0000000000000223      0xb30 ./example/src/lcd__api.o
 .debug_line    0x0000000000000d53     0x1923 ./example/src/main.o
 .debug_line    0x0000000000002676      0x3f4 ./example/src/sysinit.o
 .debug_line    0x0000000000002a6a      0x5d9 /Users/ezgikaya/Documents/MCUXpressoIDE_11.7.0_9198/Ezgi_workspace/nxp_lpcxpresso_11c24_board_lib/Debug/libnxp_lpcxpresso_11c24_board_lib.a(board.o)
 .debug_line    0x0000000000003043      0x55e /Users/ezgikaya/Documents/MCUXpressoIDE_11.7.0_9198/Ezgi_workspace/nxp_lpcxpresso_11c24_board_lib/Debug/libnxp_lpcxpresso_11c24_board_lib.a(board_sysinit.o)
 .debug_line    0x00000000000035a1      0x35d /Users/ezgikaya/Documents/MCUXpressoIDE_11.7.0_9198/Ezgi_workspace/lpc_chip_11cxx_lib/Debug/liblpc_chip_11cxx_lib.a(chip_11xx.o)
 .debug_line    0x00000000000038fe      0x577 /Users/ezgikaya/Documents/MCUXpressoIDE_11.7.0_9198/Ezgi_workspace/lpc_chip_11cxx_lib/Debug/liblpc_chip_11cxx_lib.a(clock_11xx.o)
 .debug_line    0x0000000000003e75      0x5c6 /Users/ezgikaya/Documents/MCUXpressoIDE_11.7.0_9198/Ezgi_workspace/lpc_chip_11cxx_lib/Debug/liblpc_chip_11cxx_lib.a(gpio_11xx_2.o)
 .debug_line    0x000000000000443b      0xb51 /Users/ezgikaya/Documents/MCUXpressoIDE_11.7.0_9198/Ezgi_workspace/lpc_chip_11cxx_lib/Debug/liblpc_chip_11cxx_lib.a(ssp_11xx.o)
 .debug_line    0x0000000000004f8c      0x3de /Users/ezgikaya/Documents/MCUXpressoIDE_11.7.0_9198/Ezgi_workspace/lpc_chip_11cxx_lib/Debug/liblpc_chip_11cxx_lib.a(sysctl_11xx.o)

.debug_str      0x0000000000000000     0xb563
 .debug_str     0x0000000000000000     0x2de9 ./example/src/cr_startup_lpc11xx.o
                                       0x2e07 (size before relaxing)
 .debug_str     0x0000000000002de9     0x66e4 ./example/src/lcd__api.o
                                       0x9465 (size before relaxing)
 .debug_str     0x00000000000094cd      0x89b ./example/src/main.o
                                       0x92be (size before relaxing)
 .debug_str     0x0000000000009d68       0x2a ./example/src/sysinit.o
                                       0x886d (size before relaxing)
 .debug_str     0x0000000000009d92      0x2f0 /Users/ezgikaya/Documents/MCUXpressoIDE_11.7.0_9198/Ezgi_workspace/nxp_lpcxpresso_11c24_board_lib/Debug/libnxp_lpcxpresso_11c24_board_lib.a(board.o)
                                       0x8cd1 (size before relaxing)
 .debug_str     0x000000000000a082      0x6bc /Users/ezgikaya/Documents/MCUXpressoIDE_11.7.0_9198/Ezgi_workspace/nxp_lpcxpresso_11c24_board_lib/Debug/libnxp_lpcxpresso_11c24_board_lib.a(board_sysinit.o)
                                       0x9195 (size before relaxing)
 .debug_str     0x000000000000a73e       0x7f /Users/ezgikaya/Documents/MCUXpressoIDE_11.7.0_9198/Ezgi_workspace/lpc_chip_11cxx_lib/Debug/liblpc_chip_11cxx_lib.a(chip_11xx.o)
                                       0x8556 (size before relaxing)
 .debug_str     0x000000000000a7bd      0x447 /Users/ezgikaya/Documents/MCUXpressoIDE_11.7.0_9198/Ezgi_workspace/lpc_chip_11cxx_lib/Debug/liblpc_chip_11cxx_lib.a(clock_11xx.o)
                                       0x8d24 (size before relaxing)
 .debug_str     0x000000000000ac04      0x242 /Users/ezgikaya/Documents/MCUXpressoIDE_11.7.0_9198/Ezgi_workspace/lpc_chip_11cxx_lib/Debug/liblpc_chip_11cxx_lib.a(gpio_11xx_2.o)
                                       0x8bf8 (size before relaxing)
 .debug_str     0x000000000000ae46      0x57e /Users/ezgikaya/Documents/MCUXpressoIDE_11.7.0_9198/Ezgi_workspace/lpc_chip_11cxx_lib/Debug/liblpc_chip_11cxx_lib.a(ssp_11xx.o)
                                       0x91b2 (size before relaxing)
 .debug_str     0x000000000000b3c4      0x19f /Users/ezgikaya/Documents/MCUXpressoIDE_11.7.0_9198/Ezgi_workspace/lpc_chip_11cxx_lib/Debug/liblpc_chip_11cxx_lib.a(sysctl_11xx.o)
                                       0x8964 (size before relaxing)

.comment        0x0000000000000000       0x49
 .comment       0x0000000000000000       0x49 ./example/src/cr_startup_lpc11xx.o
                                         0x4a (size before relaxing)
 .comment       0x0000000000000049       0x4a ./example/src/lcd__api.o
 .comment       0x0000000000000049       0x4a ./example/src/main.o
 .comment       0x0000000000000049       0x4a ./example/src/sysinit.o
 .comment       0x0000000000000049       0x4a /Users/ezgikaya/Documents/MCUXpressoIDE_11.7.0_9198/Ezgi_workspace/nxp_lpcxpresso_11c24_board_lib/Debug/libnxp_lpcxpresso_11c24_board_lib.a(board.o)
 .comment       0x0000000000000049       0x4a /Users/ezgikaya/Documents/MCUXpressoIDE_11.7.0_9198/Ezgi_workspace/nxp_lpcxpresso_11c24_board_lib/Debug/libnxp_lpcxpresso_11c24_board_lib.a(board_sysinit.o)
 .comment       0x0000000000000049       0x4a /Users/ezgikaya/Documents/MCUXpressoIDE_11.7.0_9198/Ezgi_workspace/lpc_chip_11cxx_lib/Debug/liblpc_chip_11cxx_lib.a(chip_11xx.o)
 .comment       0x0000000000000049       0x4a /Users/ezgikaya/Documents/MCUXpressoIDE_11.7.0_9198/Ezgi_workspace/lpc_chip_11cxx_lib/Debug/liblpc_chip_11cxx_lib.a(clock_11xx.o)
 .comment       0x0000000000000049       0x4a /Users/ezgikaya/Documents/MCUXpressoIDE_11.7.0_9198/Ezgi_workspace/lpc_chip_11cxx_lib/Debug/liblpc_chip_11cxx_lib.a(gpio_11xx_2.o)
 .comment       0x0000000000000049       0x4a /Users/ezgikaya/Documents/MCUXpressoIDE_11.7.0_9198/Ezgi_workspace/lpc_chip_11cxx_lib/Debug/liblpc_chip_11cxx_lib.a(ssp_11xx.o)
 .comment       0x0000000000000049       0x4a /Users/ezgikaya/Documents/MCUXpressoIDE_11.7.0_9198/Ezgi_workspace/lpc_chip_11cxx_lib/Debug/liblpc_chip_11cxx_lib.a(sysctl_11xx.o)
 .comment       0x0000000000000049       0x4a /Applications/MCUXpressoIDE_11.7.0_9198/ide/plugins/com.nxp.mcuxpresso.tools.macosx_11.7.0.202209140929/tools/bin/../lib/gcc/arm-none-eabi/10.3.1/../../../../arm-none-eabi/lib/thumb/v6-m/nofp/libcr_semihost.a(_cr__main.o)
 .comment       0x0000000000000049       0x4a /Applications/MCUXpressoIDE_11.7.0_9198/ide/plugins/com.nxp.mcuxpresso.tools.macosx_11.7.0.202209140929/tools/bin/../lib/gcc/arm-none-eabi/10.3.1/../../../../arm-none-eabi/lib/thumb/v6-m/nofp/libcr_c.a(memcpy.o)
 .comment       0x0000000000000049       0x4a /Applications/MCUXpressoIDE_11.7.0_9198/ide/plugins/com.nxp.mcuxpresso.tools.macosx_11.7.0.202209140929/tools/bin/../lib/gcc/arm-none-eabi/10.3.1/../../../../arm-none-eabi/lib/thumb/v6-m/nofp/libcr_c.a(alloc.o)
 .comment       0x0000000000000049       0x4a /Applications/MCUXpressoIDE_11.7.0_9198/ide/plugins/com.nxp.mcuxpresso.tools.macosx_11.7.0.202209140929/tools/bin/../lib/gcc/arm-none-eabi/10.3.1/../../../../arm-none-eabi/lib/thumb/v6-m/nofp/libcr_c.a(cos.o)
 .comment       0x0000000000000049       0x4a /Applications/MCUXpressoIDE_11.7.0_9198/ide/plugins/com.nxp.mcuxpresso.tools.macosx_11.7.0.202209140929/tools/bin/../lib/gcc/arm-none-eabi/10.3.1/../../../../arm-none-eabi/lib/thumb/v6-m/nofp/libcr_c.a(fpprintf.o)
 .comment       0x0000000000000049       0x4a /Applications/MCUXpressoIDE_11.7.0_9198/ide/plugins/com.nxp.mcuxpresso.tools.macosx_11.7.0.202209140929/tools/bin/../lib/gcc/arm-none-eabi/10.3.1/../../../../arm-none-eabi/lib/thumb/v6-m/nofp/libcr_c.a(initio.o)
 .comment       0x0000000000000049       0x4a /Applications/MCUXpressoIDE_11.7.0_9198/ide/plugins/com.nxp.mcuxpresso.tools.macosx_11.7.0.202209140929/tools/bin/../lib/gcc/arm-none-eabi/10.3.1/../../../../arm-none-eabi/lib/thumb/v6-m/nofp/libcr_c.a(pow.o)
 .comment       0x0000000000000049       0x4a /Applications/MCUXpressoIDE_11.7.0_9198/ide/plugins/com.nxp.mcuxpresso.tools.macosx_11.7.0.202209140929/tools/bin/../lib/gcc/arm-none-eabi/10.3.1/../../../../arm-none-eabi/lib/thumb/v6-m/nofp/libcr_c.a(printf.o)
 .comment       0x0000000000000049       0x4a /Applications/MCUXpressoIDE_11.7.0_9198/ide/plugins/com.nxp.mcuxpresso.tools.macosx_11.7.0.202209140929/tools/bin/../lib/gcc/arm-none-eabi/10.3.1/../../../../arm-none-eabi/lib/thumb/v6-m/nofp/libcr_c.a(setvbuf.o)
 .comment       0x0000000000000049       0x4a /Applications/MCUXpressoIDE_11.7.0_9198/ide/plugins/com.nxp.mcuxpresso.tools.macosx_11.7.0.202209140929/tools/bin/../lib/gcc/arm-none-eabi/10.3.1/../../../../arm-none-eabi/lib/thumb/v6-m/nofp/libcr_c.a(sin.o)
 .comment       0x0000000000000049       0x4a /Applications/MCUXpressoIDE_11.7.0_9198/ide/plugins/com.nxp.mcuxpresso.tools.macosx_11.7.0.202209140929/tools/bin/../lib/gcc/arm-none-eabi/10.3.1/../../../../arm-none-eabi/lib/thumb/v6-m/nofp/libcr_c.a(sqrt.o)
 .comment       0x0000000000000049       0x4a /Applications/MCUXpressoIDE_11.7.0_9198/ide/plugins/com.nxp.mcuxpresso.tools.macosx_11.7.0.202209140929/tools/bin/../lib/gcc/arm-none-eabi/10.3.1/../../../../arm-none-eabi/lib/thumb/v6-m/nofp/libcr_c.a(stdlib.o)
 .comment       0x0000000000000049       0x4a /Applications/MCUXpressoIDE_11.7.0_9198/ide/plugins/com.nxp.mcuxpresso.tools.macosx_11.7.0.202209140929/tools/bin/../lib/gcc/arm-none-eabi/10.3.1/../../../../arm-none-eabi/lib/thumb/v6-m/nofp/libcr_c.a(strlen.o)
 .comment       0x0000000000000049       0x4a /Applications/MCUXpressoIDE_11.7.0_9198/ide/plugins/com.nxp.mcuxpresso.tools.macosx_11.7.0.202209140929/tools/bin/../lib/gcc/arm-none-eabi/10.3.1/../../../../arm-none-eabi/lib/thumb/v6-m/nofp/libcr_c.a(memset.o)
 .comment       0x0000000000000049       0x4a /Applications/MCUXpressoIDE_11.7.0_9198/ide/plugins/com.nxp.mcuxpresso.tools.macosx_11.7.0.202209140929/tools/bin/../lib/gcc/arm-none-eabi/10.3.1/../../../../arm-none-eabi/lib/thumb/v6-m/nofp/libcr_c.a(__init_alloc.o)
 .comment       0x0000000000000049       0x4a /Applications/MCUXpressoIDE_11.7.0_9198/ide/plugins/com.nxp.mcuxpresso.tools.macosx_11.7.0.202209140929/tools/bin/../lib/gcc/arm-none-eabi/10.3.1/../../../../arm-none-eabi/lib/thumb/v6-m/nofp/libcr_c.a(_cr_sbrk.o)
 .comment       0x0000000000000049       0x4a /Applications/MCUXpressoIDE_11.7.0_9198/ide/plugins/com.nxp.mcuxpresso.tools.macosx_11.7.0.202209140929/tools/bin/../lib/gcc/arm-none-eabi/10.3.1/../../../../arm-none-eabi/lib/thumb/v6-m/nofp/libcr_c.a(_deferredlazyseek.o)
 .comment       0x0000000000000049       0x4a /Applications/MCUXpressoIDE_11.7.0_9198/ide/plugins/com.nxp.mcuxpresso.tools.macosx_11.7.0.202209140929/tools/bin/../lib/gcc/arm-none-eabi/10.3.1/../../../../arm-none-eabi/lib/thumb/v6-m/nofp/libcr_c.a(_fdopen.o)
 .comment       0x0000000000000049       0x4a /Applications/MCUXpressoIDE_11.7.0_9198/ide/plugins/com.nxp.mcuxpresso.tools.macosx_11.7.0.202209140929/tools/bin/../lib/gcc/arm-none-eabi/10.3.1/../../../../arm-none-eabi/lib/thumb/v6-m/nofp/libcr_c.a(_fflush.o)
 .comment       0x0000000000000049       0x4a /Applications/MCUXpressoIDE_11.7.0_9198/ide/plugins/com.nxp.mcuxpresso.tools.macosx_11.7.0.202209140929/tools/bin/../lib/gcc/arm-none-eabi/10.3.1/../../../../arm-none-eabi/lib/thumb/v6-m/nofp/libcr_c.a(_frexpl.o)
 .comment       0x0000000000000049       0x4a /Applications/MCUXpressoIDE_11.7.0_9198/ide/plugins/com.nxp.mcuxpresso.tools.macosx_11.7.0.202209140929/tools/bin/../lib/gcc/arm-none-eabi/10.3.1/../../../../arm-none-eabi/lib/thumb/v6-m/nofp/libcr_c.a(_ldexpl.o)
 .comment       0x0000000000000049       0x4a /Applications/MCUXpressoIDE_11.7.0_9198/ide/plugins/com.nxp.mcuxpresso.tools.macosx_11.7.0.202209140929/tools/bin/../lib/gcc/arm-none-eabi/10.3.1/../../../../arm-none-eabi/lib/thumb/v6-m/nofp/libcr_c.a(_sincos.o)
 .comment       0x0000000000000049       0x4a /Applications/MCUXpressoIDE_11.7.0_9198/ide/plugins/com.nxp.mcuxpresso.tools.macosx_11.7.0.202209140929/tools/bin/../lib/gcc/arm-none-eabi/10.3.1/../../../../arm-none-eabi/lib/thumb/v6-m/nofp/libcr_c.a(_writebuf.o)
 .comment       0x0000000000000049       0x4a /Applications/MCUXpressoIDE_11.7.0_9198/ide/plugins/com.nxp.mcuxpresso.tools.macosx_11.7.0.202209140929/tools/bin/../lib/gcc/arm-none-eabi/10.3.1/../../../../arm-none-eabi/lib/thumb/v6-m/nofp/libcr_c.a(errno.o)
 .comment       0x0000000000000049       0x4a /Applications/MCUXpressoIDE_11.7.0_9198/ide/plugins/com.nxp.mcuxpresso.tools.macosx_11.7.0.202209140929/tools/bin/../lib/gcc/arm-none-eabi/10.3.1/../../../../arm-none-eabi/lib/thumb/v6-m/nofp/libcr_c.a(fabs.o)
 .comment       0x0000000000000049       0x4a /Applications/MCUXpressoIDE_11.7.0_9198/ide/plugins/com.nxp.mcuxpresso.tools.macosx_11.7.0.202209140929/tools/bin/../lib/gcc/arm-none-eabi/10.3.1/../../../../arm-none-eabi/lib/thumb/v6-m/nofp/libcr_c.a(fclose.o)
 .comment       0x0000000000000049       0x4a /Applications/MCUXpressoIDE_11.7.0_9198/ide/plugins/com.nxp.mcuxpresso.tools.macosx_11.7.0.202209140929/tools/bin/../lib/gcc/arm-none-eabi/10.3.1/../../../../arm-none-eabi/lib/thumb/v6-m/nofp/libcr_c.a(fflush.o)
 .comment       0x0000000000000049       0x4a /Applications/MCUXpressoIDE_11.7.0_9198/ide/plugins/com.nxp.mcuxpresso.tools.macosx_11.7.0.202209140929/tools/bin/../lib/gcc/arm-none-eabi/10.3.1/../../../../arm-none-eabi/lib/thumb/v6-m/nofp/libcr_c.a(frexp.o)
 .comment       0x0000000000000049       0x4a /Applications/MCUXpressoIDE_11.7.0_9198/ide/plugins/com.nxp.mcuxpresso.tools.macosx_11.7.0.202209140929/tools/bin/../lib/gcc/arm-none-eabi/10.3.1/../../../../arm-none-eabi/lib/thumb/v6-m/nofp/libcr_c.a(fseek.o)
 .comment       0x0000000000000049       0x4a /Applications/MCUXpressoIDE_11.7.0_9198/ide/plugins/com.nxp.mcuxpresso.tools.macosx_11.7.0.202209140929/tools/bin/../lib/gcc/arm-none-eabi/10.3.1/../../../../arm-none-eabi/lib/thumb/v6-m/nofp/libcr_c.a(ftell.o)
 .comment       0x0000000000000049       0x4a /Applications/MCUXpressoIDE_11.7.0_9198/ide/plugins/com.nxp.mcuxpresso.tools.macosx_11.7.0.202209140929/tools/bin/../lib/gcc/arm-none-eabi/10.3.1/../../../../arm-none-eabi/lib/thumb/v6-m/nofp/libcr_c.a(ldexp.o)
 .comment       0x0000000000000049       0x4a /Applications/MCUXpressoIDE_11.7.0_9198/ide/plugins/com.nxp.mcuxpresso.tools.macosx_11.7.0.202209140929/tools/bin/../lib/gcc/arm-none-eabi/10.3.1/../../../../arm-none-eabi/lib/thumb/v6-m/nofp/libcr_c.a(remove.o)
 .comment       0x0000000000000049       0x4a /Applications/MCUXpressoIDE_11.7.0_9198/ide/plugins/com.nxp.mcuxpresso.tools.macosx_11.7.0.202209140929/tools/bin/../lib/gcc/arm-none-eabi/10.3.1/../../../../arm-none-eabi/lib/thumb/v6-m/nofp/libcr_c.a(_cr_check_heap.o)
 .comment       0x0000000000000049       0x4a /Applications/MCUXpressoIDE_11.7.0_9198/ide/plugins/com.nxp.mcuxpresso.tools.macosx_11.7.0.202209140929/tools/bin/../lib/gcc/arm-none-eabi/10.3.1/../../../../arm-none-eabi/lib/thumb/v6-m/nofp/libcr_c.a(_do_fflush.o)
 .comment       0x0000000000000049       0x4a /Applications/MCUXpressoIDE_11.7.0_9198/ide/plugins/com.nxp.mcuxpresso.tools.macosx_11.7.0.202209140929/tools/bin/../lib/gcc/arm-none-eabi/10.3.1/thumb/v6-m/nofp/libcr_eabihelpers.a(double.o)
 .comment       0x0000000000000049       0x4a /Applications/MCUXpressoIDE_11.7.0_9198/ide/plugins/com.nxp.mcuxpresso.tools.macosx_11.7.0.202209140929/tools/bin/../lib/gcc/arm-none-eabi/10.3.1/thumb/v6-m/nofp/libcr_eabihelpers.a(float.o)
 .comment       0x0000000000000049       0x4a /Applications/MCUXpressoIDE_11.7.0_9198/ide/plugins/com.nxp.mcuxpresso.tools.macosx_11.7.0.202209140929/tools/bin/../lib/gcc/arm-none-eabi/10.3.1/../../../../arm-none-eabi/lib/thumb/v6-m/nofp/libcr_semihost.a(__ciob.o)

.ARM.attributes
                0x0000000000000000       0x2a
 .ARM.attributes
                0x0000000000000000       0x2c ./example/src/cr_startup_lpc11xx.o
 .ARM.attributes
                0x000000000000002c       0x2c ./example/src/lcd__api.o
 .ARM.attributes
                0x0000000000000058       0x2c ./example/src/main.o
 .ARM.attributes
                0x0000000000000084       0x2c ./example/src/sysinit.o
 .ARM.attributes
                0x00000000000000b0       0x2c /Users/ezgikaya/Documents/MCUXpressoIDE_11.7.0_9198/Ezgi_workspace/nxp_lpcxpresso_11c24_board_lib/Debug/libnxp_lpcxpresso_11c24_board_lib.a(board.o)
 .ARM.attributes
                0x00000000000000dc       0x2c /Users/ezgikaya/Documents/MCUXpressoIDE_11.7.0_9198/Ezgi_workspace/nxp_lpcxpresso_11c24_board_lib/Debug/libnxp_lpcxpresso_11c24_board_lib.a(board_sysinit.o)
 .ARM.attributes
                0x0000000000000108       0x2c /Users/ezgikaya/Documents/MCUXpressoIDE_11.7.0_9198/Ezgi_workspace/lpc_chip_11cxx_lib/Debug/liblpc_chip_11cxx_lib.a(chip_11xx.o)
 .ARM.attributes
                0x0000000000000134       0x2c /Users/ezgikaya/Documents/MCUXpressoIDE_11.7.0_9198/Ezgi_workspace/lpc_chip_11cxx_lib/Debug/liblpc_chip_11cxx_lib.a(clock_11xx.o)
 .ARM.attributes
                0x0000000000000160       0x2c /Users/ezgikaya/Documents/MCUXpressoIDE_11.7.0_9198/Ezgi_workspace/lpc_chip_11cxx_lib/Debug/liblpc_chip_11cxx_lib.a(gpio_11xx_2.o)
 .ARM.attributes
                0x000000000000018c       0x2c /Users/ezgikaya/Documents/MCUXpressoIDE_11.7.0_9198/Ezgi_workspace/lpc_chip_11cxx_lib/Debug/liblpc_chip_11cxx_lib.a(ssp_11xx.o)
 .ARM.attributes
                0x00000000000001b8       0x2c /Users/ezgikaya/Documents/MCUXpressoIDE_11.7.0_9198/Ezgi_workspace/lpc_chip_11cxx_lib/Debug/liblpc_chip_11cxx_lib.a(sysctl_11xx.o)
 .ARM.attributes
                0x00000000000001e4       0x2c /Applications/MCUXpressoIDE_11.7.0_9198/ide/plugins/com.nxp.mcuxpresso.tools.macosx_11.7.0.202209140929/tools/bin/../lib/gcc/arm-none-eabi/10.3.1/../../../../arm-none-eabi/lib/thumb/v6-m/nofp/libcr_semihost.a(_cr__main.o)
 .ARM.attributes
                0x0000000000000210       0x2c /Applications/MCUXpressoIDE_11.7.0_9198/ide/plugins/com.nxp.mcuxpresso.tools.macosx_11.7.0.202209140929/tools/bin/../lib/gcc/arm-none-eabi/10.3.1/../../../../arm-none-eabi/lib/thumb/v6-m/nofp/libcr_c.a(memcpy.o)
 .ARM.attributes
                0x000000000000023c       0x2c /Applications/MCUXpressoIDE_11.7.0_9198/ide/plugins/com.nxp.mcuxpresso.tools.macosx_11.7.0.202209140929/tools/bin/../lib/gcc/arm-none-eabi/10.3.1/../../../../arm-none-eabi/lib/thumb/v6-m/nofp/libcr_c.a(alloc.o)
 .ARM.attributes
                0x0000000000000268       0x2c /Applications/MCUXpressoIDE_11.7.0_9198/ide/plugins/com.nxp.mcuxpresso.tools.macosx_11.7.0.202209140929/tools/bin/../lib/gcc/arm-none-eabi/10.3.1/../../../../arm-none-eabi/lib/thumb/v6-m/nofp/libcr_c.a(cos.o)
 .ARM.attributes
                0x0000000000000294       0x2c /Applications/MCUXpressoIDE_11.7.0_9198/ide/plugins/com.nxp.mcuxpresso.tools.macosx_11.7.0.202209140929/tools/bin/../lib/gcc/arm-none-eabi/10.3.1/../../../../arm-none-eabi/lib/thumb/v6-m/nofp/libcr_c.a(fpprintf.o)
 .ARM.attributes
                0x00000000000002c0       0x2c /Applications/MCUXpressoIDE_11.7.0_9198/ide/plugins/com.nxp.mcuxpresso.tools.macosx_11.7.0.202209140929/tools/bin/../lib/gcc/arm-none-eabi/10.3.1/../../../../arm-none-eabi/lib/thumb/v6-m/nofp/libcr_c.a(initio.o)
 .ARM.attributes
                0x00000000000002ec       0x2c /Applications/MCUXpressoIDE_11.7.0_9198/ide/plugins/com.nxp.mcuxpresso.tools.macosx_11.7.0.202209140929/tools/bin/../lib/gcc/arm-none-eabi/10.3.1/../../../../arm-none-eabi/lib/thumb/v6-m/nofp/libcr_c.a(pow.o)
 .ARM.attributes
                0x0000000000000318       0x2c /Applications/MCUXpressoIDE_11.7.0_9198/ide/plugins/com.nxp.mcuxpresso.tools.macosx_11.7.0.202209140929/tools/bin/../lib/gcc/arm-none-eabi/10.3.1/../../../../arm-none-eabi/lib/thumb/v6-m/nofp/libcr_c.a(printf.o)
 .ARM.attributes
                0x0000000000000344       0x2c /Applications/MCUXpressoIDE_11.7.0_9198/ide/plugins/com.nxp.mcuxpresso.tools.macosx_11.7.0.202209140929/tools/bin/../lib/gcc/arm-none-eabi/10.3.1/../../../../arm-none-eabi/lib/thumb/v6-m/nofp/libcr_c.a(setvbuf.o)
 .ARM.attributes
                0x0000000000000370       0x2c /Applications/MCUXpressoIDE_11.7.0_9198/ide/plugins/com.nxp.mcuxpresso.tools.macosx_11.7.0.202209140929/tools/bin/../lib/gcc/arm-none-eabi/10.3.1/../../../../arm-none-eabi/lib/thumb/v6-m/nofp/libcr_c.a(sin.o)
 .ARM.attributes
                0x000000000000039c       0x2c /Applications/MCUXpressoIDE_11.7.0_9198/ide/plugins/com.nxp.mcuxpresso.tools.macosx_11.7.0.202209140929/tools/bin/../lib/gcc/arm-none-eabi/10.3.1/../../../../arm-none-eabi/lib/thumb/v6-m/nofp/libcr_c.a(sqrt.o)
 .ARM.attributes
                0x00000000000003c8       0x2c /Applications/MCUXpressoIDE_11.7.0_9198/ide/plugins/com.nxp.mcuxpresso.tools.macosx_11.7.0.202209140929/tools/bin/../lib/gcc/arm-none-eabi/10.3.1/../../../../arm-none-eabi/lib/thumb/v6-m/nofp/libcr_c.a(stdlib.o)
 .ARM.attributes
                0x00000000000003f4       0x2c /Applications/MCUXpressoIDE_11.7.0_9198/ide/plugins/com.nxp.mcuxpresso.tools.macosx_11.7.0.202209140929/tools/bin/../lib/gcc/arm-none-eabi/10.3.1/../../../../arm-none-eabi/lib/thumb/v6-m/nofp/libcr_c.a(strlen.o)
 .ARM.attributes
                0x0000000000000420       0x2c /Applications/MCUXpressoIDE_11.7.0_9198/ide/plugins/com.nxp.mcuxpresso.tools.macosx_11.7.0.202209140929/tools/bin/../lib/gcc/arm-none-eabi/10.3.1/../../../../arm-none-eabi/lib/thumb/v6-m/nofp/libcr_c.a(memset.o)
 .ARM.attributes
                0x000000000000044c       0x2c /Applications/MCUXpressoIDE_11.7.0_9198/ide/plugins/com.nxp.mcuxpresso.tools.macosx_11.7.0.202209140929/tools/bin/../lib/gcc/arm-none-eabi/10.3.1/../../../../arm-none-eabi/lib/thumb/v6-m/nofp/libcr_c.a(__init_alloc.o)
 .ARM.attributes
                0x0000000000000478       0x2c /Applications/MCUXpressoIDE_11.7.0_9198/ide/plugins/com.nxp.mcuxpresso.tools.macosx_11.7.0.202209140929/tools/bin/../lib/gcc/arm-none-eabi/10.3.1/../../../../arm-none-eabi/lib/thumb/v6-m/nofp/libcr_c.a(_cr_sbrk.o)
 .ARM.attributes
                0x00000000000004a4       0x2c /Applications/MCUXpressoIDE_11.7.0_9198/ide/plugins/com.nxp.mcuxpresso.tools.macosx_11.7.0.202209140929/tools/bin/../lib/gcc/arm-none-eabi/10.3.1/../../../../arm-none-eabi/lib/thumb/v6-m/nofp/libcr_c.a(_deferredlazyseek.o)
 .ARM.attributes
                0x00000000000004d0       0x2c /Applications/MCUXpressoIDE_11.7.0_9198/ide/plugins/com.nxp.mcuxpresso.tools.macosx_11.7.0.202209140929/tools/bin/../lib/gcc/arm-none-eabi/10.3.1/../../../../arm-none-eabi/lib/thumb/v6-m/nofp/libcr_c.a(_fdopen.o)
 .ARM.attributes
                0x00000000000004fc       0x2c /Applications/MCUXpressoIDE_11.7.0_9198/ide/plugins/com.nxp.mcuxpresso.tools.macosx_11.7.0.202209140929/tools/bin/../lib/gcc/arm-none-eabi/10.3.1/../../../../arm-none-eabi/lib/thumb/v6-m/nofp/libcr_c.a(_fflush.o)
 .ARM.attributes
                0x0000000000000528       0x2c /Applications/MCUXpressoIDE_11.7.0_9198/ide/plugins/com.nxp.mcuxpresso.tools.macosx_11.7.0.202209140929/tools/bin/../lib/gcc/arm-none-eabi/10.3.1/../../../../arm-none-eabi/lib/thumb/v6-m/nofp/libcr_c.a(_frexpl.o)
 .ARM.attributes
                0x0000000000000554       0x2c /Applications/MCUXpressoIDE_11.7.0_9198/ide/plugins/com.nxp.mcuxpresso.tools.macosx_11.7.0.202209140929/tools/bin/../lib/gcc/arm-none-eabi/10.3.1/../../../../arm-none-eabi/lib/thumb/v6-m/nofp/libcr_c.a(_ldexpl.o)
 .ARM.attributes
                0x0000000000000580       0x2c /Applications/MCUXpressoIDE_11.7.0_9198/ide/plugins/com.nxp.mcuxpresso.tools.macosx_11.7.0.202209140929/tools/bin/../lib/gcc/arm-none-eabi/10.3.1/../../../../arm-none-eabi/lib/thumb/v6-m/nofp/libcr_c.a(_sincos.o)
 .ARM.attributes
                0x00000000000005ac       0x2c /Applications/MCUXpressoIDE_11.7.0_9198/ide/plugins/com.nxp.mcuxpresso.tools.macosx_11.7.0.202209140929/tools/bin/../lib/gcc/arm-none-eabi/10.3.1/../../../../arm-none-eabi/lib/thumb/v6-m/nofp/libcr_c.a(_writebuf.o)
 .ARM.attributes
                0x00000000000005d8       0x2c /Applications/MCUXpressoIDE_11.7.0_9198/ide/plugins/com.nxp.mcuxpresso.tools.macosx_11.7.0.202209140929/tools/bin/../lib/gcc/arm-none-eabi/10.3.1/../../../../arm-none-eabi/lib/thumb/v6-m/nofp/libcr_c.a(errno.o)
 .ARM.attributes
                0x0000000000000604       0x2c /Applications/MCUXpressoIDE_11.7.0_9198/ide/plugins/com.nxp.mcuxpresso.tools.macosx_11.7.0.202209140929/tools/bin/../lib/gcc/arm-none-eabi/10.3.1/../../../../arm-none-eabi/lib/thumb/v6-m/nofp/libcr_c.a(fabs.o)
 .ARM.attributes
                0x0000000000000630       0x2c /Applications/MCUXpressoIDE_11.7.0_9198/ide/plugins/com.nxp.mcuxpresso.tools.macosx_11.7.0.202209140929/tools/bin/../lib/gcc/arm-none-eabi/10.3.1/../../../../arm-none-eabi/lib/thumb/v6-m/nofp/libcr_c.a(fclose.o)
 .ARM.attributes
                0x000000000000065c       0x2c /Applications/MCUXpressoIDE_11.7.0_9198/ide/plugins/com.nxp.mcuxpresso.tools.macosx_11.7.0.202209140929/tools/bin/../lib/gcc/arm-none-eabi/10.3.1/../../../../arm-none-eabi/lib/thumb/v6-m/nofp/libcr_c.a(fflush.o)
 .ARM.attributes