Archive member included to satisfy reference by file (symbol)

/Users/ezgikaya/Documents/MCUXpressoIDE_11.7.0_9198/workspace/nxp_lpcxpresso_11c24_board_lib/Debug/libnxp_lpcxpresso_11c24_board_lib.a(board.o)
                              ./example/src/lcd__api.o (Board_Init)
/Users/ezgikaya/Documents/MCUXpressoIDE_11.7.0_9198/workspace/nxp_lpcxpresso_11c24_board_lib/Debug/libnxp_lpcxpresso_11c24_board_lib.a(board_sysinit.o)
                              ./example/src/sysinit.o (Board_SystemInit)
/Users/ezgikaya/Documents/MCUXpressoIDE_11.7.0_9198/workspace/lpc_chip_11cxx_lib/Debug/liblpc_chip_11cxx_lib.a(chip_11xx.o)
                              ./example/src/lcd__api.o (SystemCoreClockUpdate)
/Users/ezgikaya/Documents/MCUXpressoIDE_11.7.0_9198/workspace/lpc_chip_11cxx_lib/Debug/liblpc_chip_11cxx_lib.a(clock_11xx.o)
                              /Users/ezgikaya/Documents/MCUXpressoIDE_11.7.0_9198/workspace/nxp_lpcxpresso_11c24_board_lib/Debug/libnxp_lpcxpresso_11c24_board_lib.a(board_sysinit.o) (Chip_Clock_SetSystemPLLSource)
/Users/ezgikaya/Documents/MCUXpressoIDE_11.7.0_9198/workspace/lpc_chip_11cxx_lib/Debug/liblpc_chip_11cxx_lib.a(gpio_11xx_2.o)
                              /Users/ezgikaya/Documents/MCUXpressoIDE_11.7.0_9198/workspace/nxp_lpcxpresso_11c24_board_lib/Debug/libnxp_lpcxpresso_11c24_board_lib.a(board.o) (Chip_GPIO_Init)
/Users/ezgikaya/Documents/MCUXpressoIDE_11.7.0_9198/workspace/lpc_chip_11cxx_lib/Debug/liblpc_chip_11cxx_lib.a(ssp_11xx.o)
                              ./example/src/lcd__api.o (Chip_SSP_RWFrames_Blocking)
/Users/ezgikaya/Documents/MCUXpressoIDE_11.7.0_9198/workspace/lpc_chip_11cxx_lib/Debug/liblpc_chip_11cxx_lib.a(sysctl_11xx.o)
                              /Users/ezgikaya/Documents/MCUXpressoIDE_11.7.0_9198/workspace/nxp_lpcxpresso_11c24_board_lib/Debug/libnxp_lpcxpresso_11c24_board_lib.a(board_sysinit.o) (Chip_SYSCTL_PowerDown)
/Users/ezgikaya/Documents/MCUXpressoIDE_11.7.0_9198/workspace/lpc_chip_11cxx_lib/Debug/liblpc_chip_11cxx_lib.a(uart_11xx.o)
                              /Users/ezgikaya/Documents/MCUXpressoIDE_11.7.0_9198/workspace/nxp_lpcxpresso_11c24_board_lib/Debug/libnxp_lpcxpresso_11c24_board_lib.a(board.o) (Chip_UART_Init)
/Users/ezgikaya/Documents/MCUXpressoIDE_11.7.0_9198/workspace/lpc_chip_11cxx_lib/Debug/liblpc_chip_11cxx_lib.a(ring_buffer.o)
                              /Users/ezgikaya/Documents/MCUXpressoIDE_11.7.0_9198/workspace/lpc_chip_11cxx_lib/Debug/liblpc_chip_11cxx_lib.a(uart_11xx.o) (RingBuffer_Insert)
/Applications/MCUXpressoIDE_11.7.0_9198/ide/plugins/com.nxp.mcuxpresso.tools.macosx_11.7.0.202209140929/tools/bin/../lib/gcc/arm-none-eabi/10.3.1/../../../../arm-none-eabi/lib/thumb/v6-m/nofp/libcr_semihost.a(_cr__main.o)
                              ./example/src/cr_startup_lpc11xx.o (__main)
/Applications/MCUXpressoIDE_11.7.0_9198/ide/plugins/com.nxp.mcuxpresso.tools.macosx_11.7.0.202209140929/tools/bin/../lib/gcc/arm-none-eabi/10.3.1/../../../../arm-none-eabi/lib/thumb/v6-m/nofp/libcr_c.a(memcpy.o)
                              /Users/ezgikaya/Documents/MCUXpressoIDE_11.7.0_9198/workspace/lpc_chip_11cxx_lib/Debug/liblpc_chip_11cxx_lib.a(ring_buffer.o) (memcpy)
/Applications/MCUXpressoIDE_11.7.0_9198/ide/plugins/com.nxp.mcuxpresso.tools.macosx_11.7.0.202209140929/tools/bin/../lib/gcc/arm-none-eabi/10.3.1/../../../../arm-none-eabi/lib/thumb/v6-m/nofp/libcr_c.a(memset.o)
                              ./example/src/main.o (memset)
/Applications/MCUXpressoIDE_11.7.0_9198/ide/plugins/com.nxp.mcuxpresso.tools.macosx_11.7.0.202209140929/tools/bin/../lib/gcc/arm-none-eabi/10.3.1/../../../../arm-none-eabi/lib/thumb/v6-m/nofp/libcr_c.a(alloc.o)
                              ./example/src/main.o (malloc)
/Applications/MCUXpressoIDE_11.7.0_9198/ide/plugins/com.nxp.mcuxpresso.tools.macosx_11.7.0.202209140929/tools/bin/../lib/gcc/arm-none-eabi/10.3.1/../../../../arm-none-eabi/lib/thumb/v6-m/nofp/libcr_c.a(cos.o)
                              ./example/src/main.o (cos)
/Applications/MCUXpressoIDE_11.7.0_9198/ide/plugins/com.nxp.mcuxpresso.tools.macosx_11.7.0.202209140929/tools/bin/../lib/gcc/arm-none-eabi/10.3.1/../../../../arm-none-eabi/lib/thumb/v6-m/nofp/libcr_c.a(fpprintf.o)
                              ./example/src/main.o (printf)
/Applications/MCUXpressoIDE_11.7.0_9198/ide/plugins/com.nxp.mcuxpresso.tools.macosx_11.7.0.202209140929/tools/bin/../lib/gcc/arm-none-eabi/10.3.1/../../../../arm-none-eabi/lib/thumb/v6-m/nofp/libcr_c.a(initio.o)
                              /Applications/MCUXpressoIDE_11.7.0_9198/ide/plugins/com.nxp.mcuxpresso.tools.macosx_11.7.0.202209140929/tools/bin/../lib/gcc/arm-none-eabi/10.3.1/../../../../arm-none-eabi/lib/thumb/v6-m/nofp/libcr_semihost.a(_cr__main.o) (_initio)
/Applications/MCUXpressoIDE_11.7.0_9198/ide/plugins/com.nxp.mcuxpresso.tools.macosx_11.7.0.202209140929/tools/bin/../lib/gcc/arm-none-eabi/10.3.1/../../../../arm-none-eabi/lib/thumb/v6-m/nofp/libcr_c.a(pow.o)
[...]
Memory Configuration

Name             Origin             Length             Attributes
MFlash32         0x0000000000000000 0x0000000000008000 xr
RamLoc8          0x0000000010000000 0x0000000000002000 xrw
*default*        0x0000000000000000 0xffffffffffffffff

Linker script and memory map

LOAD ./example/src/cr_startup_lpc11xx.o
LOAD ./example/src/lcd__api.o
LOAD ./example/src/main.o
LOAD ./example/src/sysinit.o
LOAD /Users/ezgikaya/Documents/MCUXpressoIDE_11.7.0_9198/workspace/nxp_lpcxpresso_11c24_board_lib/Debug/libnxp_lpcxpresso_11c24_board_lib.a
LOAD /Users/ezgikaya/Documents/MCUXpressoIDE_11.7.0_9198/workspace/lpc_chip_11cxx_lib/Debug/liblpc_chip_11cxx_lib.a
START GROUP
LOAD /Applications/MCUXpressoIDE_11.7.0_9198/ide/plugins/com.nxp.mcuxpresso.tools.macosx_11.7.0.202209140929/tools/bin/../lib/gcc/arm-none-eabi/10.3.1/../../../../arm-none-eabi/lib/thumb/v6-m/nofp/libcr_semihost.a
LOAD /Applications/MCUXpressoIDE_11.7.0_9198/ide/plugins/com.nxp.mcuxpresso.tools.macosx_11.7.0.202209140929/tools/bin/../lib/gcc/arm-none-eabi/10.3.1/../../../../arm-none-eabi/lib/thumb/v6-m/nofp/libcr_c.a
LOAD /Applications/MCUXpressoIDE_11.7.0_9198/ide/plugins/com.nxp.mcuxpresso.tools.macosx_11.7.0.202209140929/tools/bin/../lib/gcc/arm-none-eabi/10.3.1/thumb/v6-m/nofp/libcr_eabihelpers.a
LOAD /Applications/MCUXpressoIDE_11.7.0_9198/ide/plugins/com.nxp.mcuxpresso.tools.macosx_11.7.0.202209140929/tools/bin/../lib/gcc/arm-none-eabi/10.3.1/thumb/v6-m/nofp/libgcc.a
END GROUP
                0x0000000000000000                __base_MFlash32 = 0x0
                0x0000000000000000                __base_Flash = 0x0
                0x0000000000008000                __top_MFlash32 = 0x8000
                0x0000000000008000                __top_Flash = 0x8000
                0x0000000010000000                __base_RamLoc8 = 0x10000000
                0x0000000010000000                __base_RAM = 0x10000000
                0x0000000010002000                __top_RamLoc8 = 0x10002000
                0x0000000010002000                __top_RAM = 0x10002000

.text           0x0000000000000000     0x69b8
 FILL mask 0xff
                0x0000000000000000                __vectors_start__ = ABSOLUTE (.)
 *(.isr_vector)
 .isr_vector    0x0000000000000000       0xc0 ./example/src/cr_startup_lpc11xx.o
                0x0000000000000000                g_pfnVectors
                0x00000000000000c0                . = ALIGN (0x4)
                0x00000000000000c0                __section_table_start = .
                0x00000000000000c0                __data_section_table = .
                0x00000000000000c0        0x4 LONG 0x69b8 LOADADDR (.data)
                0x00000000000000c4        0x4 LONG 0x10000000 ADDR (.data)
                0x00000000000000c8        0x4 LONG 0xf4 SIZEOF (.data)
                0x00000000000000cc                __data_section_table_end = .
                0x00000000000000cc                __bss_section_table = .
                0x00000000000000cc        0x4 LONG 0x100000f4 ADDR (.bss)
                0x00000000000000d0        0x4 LONG 0x210 SIZEOF (.bss)
                0x00000000000000d4                __bss_section_table_end = .
                0x00000000000000d4                __section_table_end = .
 *(.after_vectors*)
 .after_vectors
                0x00000000000000d4       0x78 ./example/src/cr_startup_lpc11xx.o
                0x00000000000000d4                NMI_Handler
                0x00000000000000d6                HardFault_Handler
                0x00000000000000d8                SVC_Handler
                0x00000000000000da                PendSV_Handler
                0x00000000000000dc                SysTick_Handler
                0x00000000000000de                PIOINT1_IRQHandler
                0x00000000000000de                CAN_IRQHandler
                0x00000000000000de                SSP0_IRQHandler
                0x00000000000000de                TIMER16_0_IRQHandler
                0x00000000000000de                UART_IRQHandler
                0x00000000000000de                TIMER32_0_IRQHandler
                0x00000000000000de                TIMER32_1_IRQHandler
                0x00000000000000de                IntDefaultHandler
                0x00000000000000de                I2C_IRQHandler
                0x00000000000000de                WDT_IRQHandler
                0x00000000000000de                PIOINT3_IRQHandler
                0x00000000000000de                TIMER16_1_IRQHandler
                0x00000000000000de                ADC_IRQHandler
                0x00000000000000de                SSP1_IRQHandler
                0x00000000000000de                PIOINT2_IRQHandler
                0x00000000000000de                BOD_IRQHandler
                0x00000000000000de                WAKEUP_IRQHandler
                0x00000000000000de                PIOINT0_IRQHandler
                0x00000000000000e0                data_init
                0x00000000000000f6                bss_init
                0x000000000000010a                ResetISR
 *(.text*)
 .text.Chip_IOCON_PinMuxSet
                0x000000000000014c       0x26 ./example/src/lcd__api.o
 .text.Chip_IOCON_PinLocSel
                0x0000000000000172       0x30 ./example/src/lcd__api.o
 .text.Chip_SSP_Enable
                0x00000000000001a2       0x1c ./example/src/lcd__api.o
 .text.Chip_SSP_SetFormat
                0x00000000000001be       0x30 ./example/src/lcd__api.o
 .text.Chip_GPIO_SetPinState
                0x00000000000001ee       0x4e ./example/src/lcd__api.o
 .text.Chip_GPIO_SetPinDIROutput
                0x000000000000023c       0x4c ./example/src/lcd__api.o
 .text.Init_SSP_PinMux
                0x0000000000000288       0x48 ./example/src/lcd__api.o
 .text.Buffer_Init
                0x00000000000002d0       0x54 ./example/src/lcd__api.o
 .text.sspSend  0x0000000000000324       0x50 ./example/src/lcd__api.o
 .text.spiwrite_single_transfer
                0x0000000000000374       0x2c ./example/src/lcd__api.o
 .text.writecommand
                0x00000000000003a0       0x2c ./example/src/lcd__api.o
 .text.writedata
                0x00000000000003cc       0x2c ./example/src/lcd__api.o
 .text.writecoord
                0x00000000000003f8       0x48 ./example/src/lcd__api.o
 .text.writecolor
                0x0000000000000440       0x68 ./example/src/lcd__api.o
 .text.setAddrWindow
                0x00000000000004a8       0x62 ./example/src/lcd__api.o
 .text.fillrect
                0x000000000000050a       0x8e ./example/src/lcd__api.o
                0x000000000000050a                fillrect
 .text.lcddelay
                0x0000000000000598       0x30 ./example/src/lcd__api.o
                0x0000000000000598                lcddelay
 .text.lcd_init
                0x00000000000005c8       0x7e ./example/src/lcd__api.o
                0x00000000000005c8                lcd_init
 .text.board_init
                0x0000000000000646       0x12 ./example/src/lcd__api.o
                0x0000000000000646                board_init
 .text.ssp0_init
                0x0000000000000658       0x58 ./example/src/lcd__api.o
                0x0000000000000658                ssp0_init
 .text.drawPixel
                0x00000000000006b0       0x84 ./example/src/lcd__api.o
                0x00000000000006b0                drawPixel
 .text.drawLine
                0x0000000000000734      0x248 ./example/src/lcd__api.o
                0x0000000000000734                drawLine
 .text.rotating_squares
                0x000000000000097c      0x4c4 ./example/src/main.o
                0x000000000000097c                rotating_squares
 .text.draw_single_branch
                0x0000000000000e40      0x5b8 ./example/src/main.o
                0x0000000000000e40                draw_single_branch
 .text.draw_three_branches
                0x00000000000013f8       0xb8 ./example/src/main.o
                0x00000000000013f8                draw_three_branches
 .text.forest   0x00000000000014b0      0x304 ./example/src/main.o
                0x00000000000014b0                forest
 .text.main     0x00000000000017b4       0xac ./example/src/main.o
                0x00000000000017b4                main
 .text.SystemInit
                0x0000000000001860        0xe ./example/src/sysinit.o
                0x0000000000001860                SystemInit
 .text.Chip_GPIO_SetPinDIROutput
                0x000000000000186e       0x4c /Users/ezgikaya/Documents/MCUXpressoIDE_11.7.0_9198/workspace/nxp_lpcxpresso_11c24_board_lib/Debug/libnxp_lpcxpresso_11c24_board_lib.a(board.o)
 .text.Board_LED_Init
                0x00000000000018ba       0x18 /Users/ezgikaya/Documents/MCUXpressoIDE_11.7.0_9198/workspace/nxp_lpcxpresso_11c24_board_lib/Debug/libnxp_lpcxpresso_11c24_board_lib.a(board.o)
 .text.Board_Init
                0x00000000000018d2       0x18 /Users/ezgikaya/Documents/MCUXpressoIDE_11.7.0_9198/workspace/nxp_lpcxpresso_11c24_board_lib/Debug/libnxp_lpcxpresso_11c24_board_lib.a(board.o)
                0x00000000000018d2                Board_Init
 *fill*         0x00000000000018ea        0x2 ff
 .text.Chip_FMC_SetFLASHAccess
                0x00000000000018ec       0x30 /Users/ezgikaya/Documents/MCUXpressoIDE_11.7.0_9198/workspace/nxp_lpcxpresso_11c24_board_lib/Debug/libnxp_lpcxpresso_11c24_board_lib.a(board_sysinit.o)
 .text.Chip_Clock_SetupSystemPLL
                0x000000000000191c       0x38 /Users/ezgikaya/Documents/MCUXpressoIDE_11.7.0_9198/workspace/nxp_lpcxpresso_11c24_board_lib/Debug/libnxp_lpcxpresso_11c24_board_lib.a(board_sysinit.o)
 .text.Chip_Clock_IsSystemPLLLocked
                0x0000000000001954       0x1c /Users/ezgikaya/Documents/MCUXpressoIDE_11.7.0_9198/workspace/nxp_lpcxpresso_11c24_board_lib/Debug/libnxp_lpcxpresso_11c24_board_lib.a(board_sysinit.o)
 .text.Chip_Clock_SetSysClockDiv
                0x0000000000001970       0x1c /Users/ezgikaya/Documents/MCUXpressoIDE_11.7.0_9198/workspace/nxp_lpcxpresso_11c24_board_lib/Debug/libnxp_lpcxpresso_11c24_board_lib.a(board_sysinit.o)
 .text.Chip_Clock_EnablePeriphClock
                0x000000000000198c       0x30 /Users/ezgikaya/Documents/MCUXpressoIDE_11.7.0_9198/workspace/nxp_lpcxpresso_11c24_board_lib/Debug/libnxp_lpcxpresso_11c24_board_lib.a(board_sysinit.o)
 .text.Chip_IOCON_PinMuxSet
                0x00000000000019bc       0x26 /Users/ezgikaya/Documents/MCUXpressoIDE_11.7.0_9198/workspace/nxp_lpcxpresso_11c24_board_lib/Debug/libnxp_lpcxpresso_11c24_board_lib.a(board_sysinit.o)
 .text.SystemSetupClocking
                0x00000000000019e2       0x66 /Users/ezgikaya/Documents/MCUXpressoIDE_11.7.0_9198/workspace/nxp_lpcxpresso_11c24_board_lib/Debug/libnxp_lpcxpresso_11c24_board_lib.a(board_sysinit.o)
 .text.SystemSetupMuxing
                0x0000000000001a48       0x4c /Users/ezgikaya/Documents/MCUXpressoIDE_11.7.0_9198/workspace/nxp_lpcxpresso_11c24_board_lib/Debug/libnxp_lpcxpresso_11c24_board_lib.a(board_sysinit.o)
 .text.Board_SystemInit
                0x0000000000001a94       0x12 /Users/ezgikaya/Documents/MCUXpressoIDE_11.7.0_9198/workspace/nxp_lpcxpresso_11c24_board_lib/Debug/libnxp_lpcxpresso_11c24_board_lib.a(board_sysinit.o)
                0x0000000000001a94                Board_SystemInit
 *fill*         0x0000000000001aa6        0x2 ff
 .text.SystemCoreClockUpdate
                0x0000000000001aa8       0x18 /Users/ezgikaya/Documents/MCUXpressoIDE_11.7.0_9198/workspace/lpc_chip_11cxx_lib/Debug/liblpc_chip_11cxx_lib.a(chip_11xx.o)
                0x0000000000001aa8                SystemCoreClockUpdate
 .text.Chip_Clock_GetMainOscRate
                0x0000000000001ac0       0x14 /Users/ezgikaya/Documents/MCUXpressoIDE_11.7.0_9198/workspace/lpc_chip_11cxx_lib/Debug/liblpc_chip_11cxx_lib.a(clock_11xx.o)
 .text.Chip_Clock_GetIntOscRate
                0x0000000000001ad4       0x10 /Users/ezgikaya/Documents/MCUXpressoIDE_11.7.0_9198/workspace/lpc_chip_11cxx_lib/Debug/liblpc_chip_11cxx_lib.a(clock_11xx.o)
 .text.Chip_Clock_GetWDTLFORate
                0x0000000000001ae4       0x48 /Users/ezgikaya/Documents/MCUXpressoIDE_11.7.0_9198/workspace/lpc_chip_11cxx_lib/Debug/liblpc_chip_11cxx_lib.a(clock_11xx.o)
 .text.Chip_Clock_GetPLLFreq
                0x0000000000001b2c       0x22 /Users/ezgikaya/Documents/MCUXpressoIDE_11.7.0_9198/workspace/lpc_chip_11cxx_lib/Debug/liblpc_chip_11cxx_lib.a(clock_11xx.o)
 *fill*         0x0000000000001b4e        0x2 ff
 .text.Chip_Clock_SetSystemPLLSource
                0x0000000000001b50       0x2c /Users/ezgikaya/Documents/MCUXpressoIDE_11.7.0_9198/workspace/lpc_chip_11cxx_lib/Debug/liblpc_chip_11cxx_lib.a(clock_11xx.o)
                0x0000000000001b50                Chip_Clock_SetSystemPLLSource
 .text.Chip_Clock_SetMainClockSource
                0x0000000000001b7c       0x2c /Users/ezgikaya/Documents/MCUXpressoIDE_11.7.0_9198/workspace/lpc_chip_11cxx_lib/Debug/liblpc_chip_11cxx_lib.a(clock_11xx.o)
                0x0000000000001b7c                Chip_Clock_SetMainClockSource
 .text.Chip_Clock_GetWDTOSCRate
                0x0000000000001ba8       0x1c /Users/ezgikaya/Documents/MCUXpressoIDE_11.7.0_9198/workspace/lpc_chip_11cxx_lib/Debug/liblpc_chip_11cxx_lib.a(clock_11xx.o)
                0x0000000000001ba8                Chip_Clock_GetWDTOSCRate
 .text.Chip_Clock_GetSystemPLLInClockRate
                0x0000000000001bc4       0x40 /Users/ezgikaya/Documents/MCUXpressoIDE_11.7.0_9198/workspace/lpc_chip_11cxx_lib/Debug/liblpc_chip_11cxx_lib.a(clock_11xx.o)
                0x0000000000001bc4                Chip_Clock_GetSystemPLLInClockRate
 .text.Chip_Clock_GetSystemPLLOutClockRate
                0x0000000000001c04       0x24 /Users/ezgikaya/Documents/MCUXpressoIDE_11.7.0_9198/workspace/lpc_chip_11cxx_lib/Debug/liblpc_chip_11cxx_lib.a(clock_11xx.o)
                0x0000000000001c04                Chip_Clock_GetSystemPLLOutClockRate
 .text.Chip_Clock_GetMainClockRate
                0x0000000000001c28       0x64 /Users/ezgikaya/Documents/MCUXpressoIDE_11.7.0_9198/workspace/lpc_chip_11cxx_lib/Debug/liblpc_chip_11cxx_lib.a(clock_11xx.o)
                0x0000000000001c28                Chip_Clock_GetMainClockRate
 .text.Chip_Clock_GetSystemClockRate
                0x0000000000001c8c       0x24 /Users/ezgikaya/Documents/MCUXpressoIDE_11.7.0_9198/workspace/lpc_chip_11cxx_lib/Debug/liblpc_chip_11cxx_lib.a(clock_11xx.o)
                0x0000000000001c8c                Chip_Clock_GetSystemClockRate
 .text.Chip_Clock_EnablePeriphClock
                0x0000000000001cb0       0x30 /Users/ezgikaya/Documents/MCUXpressoIDE_11.7.0_9198/workspace/lpc_chip_11cxx_lib/Debug/liblpc_chip_11cxx_lib.a(gpio_11xx_2.o)
 .text.Chip_GPIO_Init
                0x0000000000001ce0       0x16 /Users/ezgikaya/Documents/MCUXpressoIDE_11.7.0_9198/workspace/lpc_chip_11cxx_lib/Debug/liblpc_chip_11cxx_lib.a(gpio_11xx_2.o)
                0x0000000000001ce0                Chip_GPIO_Init
 *fill*         0x0000000000001cf6        0x2 ff
 .text.Chip_SYSCTL_AssertPeriphReset
                0x0000000000001cf8       0x30 /Users/ezgikaya/Documents/MCUXpressoIDE_11.7.0_9198/workspace/lpc_chip_11cxx_lib/Debug/liblpc_chip_11cxx_lib.a(ssp_11xx.o)
 .text.Chip_SYSCTL_DeassertPeriphReset
                0x0000000000001d28       0x30 /Users/ezgikaya/Documents/MCUXpressoIDE_11.7.0_9198/workspace/lpc_chip_11cxx_lib/Debug/liblpc_chip_11cxx_lib.a(ssp_11xx.o)
 .text.Chip_SYSCTL_PeriphReset
                0x0000000000001d58       0x28 /Users/ezgikaya/Documents/MCUXpressoIDE_11.7.0_9198/workspace/lpc_chip_11cxx_lib/Debug/liblpc_chip_11cxx_lib.a(ssp_11xx.o)
 .text.Chip_Clock_EnablePeriphClock
                0x0000000000001d80       0x30 /Users/ezgikaya/Documents/MCUXpressoIDE_11.7.0_9198/workspace/lpc_chip_11cxx_lib/Debug/liblpc_chip_11cxx_lib.a(ssp_11xx.o)
 .text.Chip_Clock_SetSSP0ClockDiv
                0x0000000000001db0       0x1c /Users/ezgikaya/Documents/MCUXpressoIDE_11.7.0_9198/workspace/lpc_chip_11cxx_lib/Debug/liblpc_chip_11cxx_lib.a(ssp_11xx.o)
 .text.Chip_Clock_GetSSP0ClockDiv
                0x0000000000001dcc       0x14 /Users/ezgikaya/Documents/MCUXpressoIDE_11.7.0_9198/workspace/lpc_chip_11cxx_lib/Debug/liblpc_chip_11cxx_lib.a(ssp_11xx.o)
 .text.Chip_Clock_SetSSP1ClockDiv
                0x0000000000001de0       0x1c /Users/ezgikaya/Documents/MCUXpressoIDE_11.7.0_9198/workspace/lpc_chip_11cxx_lib/Debug/liblpc_chip_11cxx_lib.a(ssp_11xx.o)
 .text.Chip_Clock_GetSSP1ClockDiv
                0x0000000000001dfc       0x14 /Users/ezgikaya/Documents/MCUXpressoIDE_11.7.0_9198/workspace/lpc_chip_11cxx_lib/Debug/liblpc_chip_11cxx_lib.a(ssp_11xx.o)
 .text.Chip_SSP_GetStatus
                0x0000000000001e10       0x26 /Users/ezgikaya/Documents/MCUXpressoIDE_11.7.0_9198/workspace/lpc_chip_11cxx_lib/Debug/liblpc_chip_11cxx_lib.a(ssp_11xx.o)
 .text.Chip_SSP_GetRawIntStatus
                0x0000000000001e36       0x26 /Users/ezgikaya/Documents/MCUXpressoIDE_11.7.0_9198/workspace/lpc_chip_11cxx_lib/Debug/liblpc_chip_11cxx_lib.a(ssp_11xx.o)
 .text.Chip_SSP_GetDataSize
                0x0000000000001e5c       0x1c /Users/ezgikaya/Documents/MCUXpressoIDE_11.7.0_9198/workspace/lpc_chip_11cxx_lib/Debug/liblpc_chip_11cxx_lib.a(ssp_11xx.o)
 .text.Chip_SSP_ClearIntPending
                0x0000000000001e78       0x1e /Users/ezgikaya/Documents/MCUXpressoIDE_11.7.0_9198/workspace/lpc_chip_11cxx_lib/Debug/liblpc_chip_11cxx_lib.a(ssp_11xx.o)
 .text.Chip_SSP_ReceiveFrame
                0x0000000000001e96       0x16 /Users/ezgikaya/Documents/MCUXpressoIDE_11.7.0_9198/workspace/lpc_chip_11cxx_lib/Debug/liblpc_chip_11cxx_lib.a(ssp_11xx.o)
 .text.Chip_SSP_SendFrame
                0x0000000000001eac       0x1e /Users/ezgikaya/Documents/MCUXpressoIDE_11.7.0_9198/workspace/lpc_chip_11cxx_lib/Debug/liblpc_chip_11cxx_lib.a(ssp_11xx.o)
 .text.Chip_SSP_SetFormat
                0x0000000000001eca       0x30 /Users/ezgikaya/Documents/MCUXpressoIDE_11.7.0_9198/workspace/lpc_chip_11cxx_lib/Debug/liblpc_chip_11cxx_lib.a(ssp_11xx.o)
 .text.Chip_SSP_Set_Mode
                0x0000000000001efa       0x24 /Users/ezgikaya/Documents/MCUXpressoIDE_11.7.0_9198/workspace/lpc_chip_11cxx_lib/Debug/liblpc_chip_11cxx_lib.a(ssp_11xx.o)
 *fill*         0x0000000000001f1e        0x2 ff
 .text.SSP_Write2BFifo
                0x0000000000001f20       0x50 /Users/ezgikaya/Documents/MCUXpressoIDE_11.7.0_9198/workspace/lpc_chip_11cxx_lib/Debug/liblpc_chip_11cxx_lib.a(ssp_11xx.o)
 .text.SSP_Write1BFifo
                0x0000000000001f70       0x4a /Users/ezgikaya/Documents/MCUXpressoIDE_11.7.0_9198/workspace/lpc_chip_11cxx_lib/Debug/liblpc_chip_11cxx_lib.a(ssp_11xx.o)
 .text.SSP_Read2BFifo
                0x0000000000001fba       0x66 /Users/ezgikaya/Documents/MCUXpressoIDE_11.7.0_9198/workspace/lpc_chip_11cxx_lib/Debug/liblpc_chip_11cxx_lib.a(ssp_11xx.o)
 .text.SSP_Read1BFifo
                0x0000000000002020       0x68 /Users/ezgikaya/Documents/MCUXpressoIDE_11.7.0_9198/workspace/lpc_chip_11cxx_lib/Debug/liblpc_chip_11cxx_lib.a(ssp_11xx.o)
 .text.Chip_SSP_GetClockIndex
                0x0000000000002088       0x34 /Users/ezgikaya/Documents/MCUXpressoIDE_11.7.0_9198/workspace/lpc_chip_11cxx_lib/Debug/liblpc_chip_11cxx_lib.a(ssp_11xx.o)
 .text.Chip_SSP_GetResetIndex
                0x00000000000020bc       0x34 /Users/ezgikaya/Documents/MCUXpressoIDE_11.7.0_9198/workspace/lpc_chip_11cxx_lib/Debug/liblpc_chip_11cxx_lib.a(ssp_11xx.o)
 .text.Chip_SSP_SetSSPClkDivider
                0x00000000000020f0       0x30 /Users/ezgikaya/Documents/MCUXpressoIDE_11.7.0_9198/workspace/lpc_chip_11cxx_lib/Debug/liblpc_chip_11cxx_lib.a(ssp_11xx.o)
 .text.Chip_SSP_GetPCLKkRate
                0x0000000000002120       0x4c /Users/ezgikaya/Documents/MCUXpressoIDE_11.7.0_9198/workspace/lpc_chip_11cxx_lib/Debug/liblpc_chip_11cxx_lib.a(ssp_11xx.o)
 .text.Chip_SSP_SetClockRate
                0x000000000000216c       0x38 /Users/ezgikaya/Documents/MCUXpressoIDE_11.7.0_9198/workspace/lpc_chip_11cxx_lib/Debug/liblpc_chip_11cxx_lib.a(ssp_11xx.o)
                0x000000000000216c                Chip_SSP_SetClockRate
 .text.Chip_SSP_RWFrames_Blocking
                0x00000000000021a4      0x124 /Users/ezgikaya/Documents/MCUXpressoIDE_11.7.0_9198/workspace/lpc_chip_11cxx_lib/Debug/liblpc_chip_11cxx_lib.a(ssp_11xx.o)
                0x00000000000021a4                Chip_SSP_RWFrames_Blocking
 .text.Chip_SSP_SetMaster
                0x00000000000022c8       0x34 /Users/ezgikaya/Documents/MCUXpressoIDE_11.7.0_9198/workspace/lpc_chip_11cxx_lib/Debug/liblpc_chip_11cxx_lib.a(ssp_11xx.o)
                0x00000000000022c8                Chip_SSP_SetMaster
 .text.Chip_SSP_SetBitRate
                0x00000000000022fc       0x74 /Users/ezgikaya/Documents/MCUXpressoIDE_11.7.0_9198/workspace/lpc_chip_11cxx_lib/Debug/liblpc_chip_11cxx_lib.a(ssp_11xx.o)
                0x00000000000022fc                Chip_SSP_SetBitRate
 .text.Chip_SSP_Init
                0x0000000000002370       0x60 /Users/ezgikaya/Documents/MCUXpressoIDE_11.7.0_9198/workspace/lpc_chip_11cxx_lib/Debug/liblpc_chip_11cxx_lib.a(ssp_11xx.o)
                0x0000000000002370                Chip_SSP_Init
 .text.Chip_SYSCTL_PowerDown
                0x00000000000023d0       0x40 /Users/ezgikaya/Documents/MCUXpressoIDE_11.7.0_9198/workspace/lpc_chip_11cxx_lib/Debug/liblpc_chip_11cxx_lib.a(sysctl_11xx.o)
                0x00000000000023d0                Chip_SYSCTL_PowerDown
 .text.Chip_SYSCTL_PowerUp
                0x0000000000002410       0x40 /Users/ezgikaya/Documents/MCUXpressoIDE_11.7.0_9198/workspace/lpc_chip_11cxx_lib/Debug/liblpc_chip_11cxx_lib.a(sysctl_11xx.o)
                0x0000000000002410                Chip_SYSCTL_PowerUp
 .text.__main   0x0000000000002450        0xc /Applications/MCUXpressoIDE_11.7.0_9198/ide/plugins/com.nxp.mcuxpresso.tools.macosx_11.7.0.202209140929/tools/bin/../lib/gcc/arm-none-eabi/10.3.1/../../../../arm-none-eabi/lib/thumb/v6-m/nofp/libcr_semihost.a(_cr__main.o)
                0x0000000000002450                __main
                0x0000000000002450                __CR_SEMIHOST
 .text.memset   0x000000000000245c        0x8 /Applications/MCUXpressoIDE_11.7.0_9198/ide/plugins/com.nxp.mcuxpresso.tools.macosx_11.7.0.202209140929/tools/bin/../lib/gcc/arm-none-eabi/10.3.1/../../../../arm-none-eabi/lib/thumb/v6-m/nofp/libcr_c.a(memset.o)
                0x000000000000245c                memset
 .text.malloc   0x0000000000002464       0xcc /Applications/MCUXpressoIDE_11.7.0_9198/ide/plugins/com.nxp.mcuxpresso.tools.macosx_11.7.0.202209140929/tools/bin/../lib/gcc/arm-none-eabi/10.3.1/../../../../arm-none-eabi/lib/thumb/v6-m/nofp/libcr_c.a(alloc.o)
                0x0000000000002464                malloc
 .text.free     0x0000000000002530       0x2c /Applications/MCUXpressoIDE_11.7.0_9198/ide/plugins/com.nxp.mcuxpresso.tools.macosx_11.7.0.202209140929/tools/bin/../lib/gcc/arm-none-eabi/10.3.1/../../../../arm-none-eabi/lib/thumb/v6-m/nofp/libcr_c.a(alloc.o)
                0x0000000000002530                free
 .text._Csys_alloc
                0x000000000000255c       0x20 /Applications/MCUXpressoIDE_11.7.0_9198/ide/plugins/com.nxp.mcuxpresso.tools.macosx_11.7.0.202209140929/tools/bin/../lib/gcc/arm-none-eabi/10.3.1/../../../../arm-none-eabi/lib/thumb/v6-m/nofp/libcr_c.a(alloc.o)
                0x000000000000255c                _Csys_alloc
 .text.cos      0x000000000000257c       0x5c /Applications/MCUXpressoIDE_11.7.0_9198/ide/plugins/com.nxp.mcuxpresso.tools.macosx_11.7.0.202209140929/tools/bin/../lib/gcc/arm-none-eabi/10.3.1/../../../../arm-none-eabi/lib/thumb/v6-m/nofp/libcr_c.a(cos.o)
                0x000000000000257c                cos
 .text.fp_round
                0x00000000000025d8       0x4a /Applications/MCUXpressoIDE_11.7.0_9198/ide/plugins/com.nxp.mcuxpresso.tools.macosx_11.7.0.202209140929/tools/bin/../lib/gcc/arm-none-eabi/10.3.1/../../../../arm-none-eabi/lib/thumb/v6-m/nofp/libcr_c.a(fpprintf.o)
 .text.pr_dec.constprop.0
                0x0000000000002622       0x30 /Applications/MCUXpressoIDE_11.7.0_9198/ide/plugins/com.nxp.mcuxpresso.tools.macosx_11.7.0.202209140929/tools/bin/../lib/gcc/arm-none-eabi/10.3.1/../../../../arm-none-eabi/lib/thumb/v6-m/nofp/libcr_c.a(fpprintf.o)
 *fill*         0x0000000000002652        0x2 ff
 .text.sprintf  0x0000000000002654       0x6c /Applications/MCUXpressoIDE_11.7.0_9198/ide/plugins/com.nxp.mcuxpresso.tools.macosx_11.7.0.202209140929/tools/bin/../lib/gcc/arm-none-eabi/10.3.1/../../../../arm-none-eabi/lib/thumb/v6-m/nofp/libcr_c.a(fpprintf.o)
                0x0000000000002654                sprintf
 .text.fp_display
                0x00000000000026c0      0x97c /Applications/MCUXpressoIDE_11.7.0_9198/ide/plugins/com.nxp.mcuxpresso.tools.macosx_11.7.0.202209140929/tools/bin/../lib/gcc/arm-none-eabi/10.3.1/../../../../arm-none-eabi/lib/thumb/v6-m/nofp/libcr_c.a(fpprintf.o)
 .text.vsnprintf
                0x000000000000303c       0x70 /Applications/MCUXpressoIDE_11.7.0_9198/ide/plugins/com.nxp.mcuxpresso.tools.macosx_11.7.0.202209140929/tools/bin/../lib/gcc/arm-none-eabi/10.3.1/../../../../arm-none-eabi/lib/thumb/v6-m/nofp/libcr_c.a(fpprintf.o)
                0x000000000000303c                vsnprintf
 .text.printf   0x00000000000030ac       0x50 /Applications/MCUXpressoIDE_11.7.0_9198/ide/plugins/com.nxp.mcuxpresso.tools.macosx_11.7.0.202209140929/tools/bin/../lib/gcc/arm-none-eabi/10.3.1/../../../../arm-none-eabi/lib/thumb/v6-m/nofp/libcr_c.a(fpprintf.o)
                0x00000000000030ac                printf
 .text._initio  0x00000000000030fc       0x7c /Applications/MCUXpressoIDE_11.7.0_9198/ide/plugins/com.nxp.mcuxpresso.tools.macosx_11.7.0.202209140929/tools/bin/../lib/gcc/arm-none-eabi/10.3.1/../../../../arm-none-eabi/lib/thumb/v6-m/nofp/libcr_c.a(initio.o)
                0x00000000000030fc                _initio
 .text.pow      0x0000000000003178      0x544 /Applications/MCUXpressoIDE_11.7.0_9198/ide/plugins/com.nxp.mcuxpresso.tools.macosx_11.7.0.202209140929/tools/bin/../lib/gcc/arm-none-eabi/10.3.1/../../../../arm-none-eabi/lib/thumb/v6-m/nofp/libcr_c.a(pow.o)
                0x0000000000003178                pow
 .text.__vfprintf
                0x00000000000036bc      0xd40 /Applications/MCUXpressoIDE_11.7.0_9198/ide/plugins/com.nxp.mcuxpresso.tools.macosx_11.7.0.202209140929/tools/bin/../lib/gcc/arm-none-eabi/10.3.1/../../../../arm-none-eabi/lib/thumb/v6-m/nofp/libcr_c.a(printf.o)
                0x00000000000036bc                __vfprintf
 .text.ch_val   0x00000000000043fc       0x30 /Applications/MCUXpressoIDE_11.7.0_9198/ide/plugins/com.nxp.mcuxpresso.tools.macosx_11.7.0.202209140929/tools/bin/../lib/gcc/arm-none-eabi/10.3.1/../../../../arm-none-eabi/lib/thumb/v6-m/nofp/libcr_c.a(scanf.o)
 .text.cr_rd_int
                0x000000000000442c      0x1c8 /Applications/MCUXpressoIDE_11.7.0_9198/ide/plugins/com.nxp.mcuxpresso.tools.macosx_11.7.0.202209140929/tools/bin/../lib/gcc/arm-none-eabi/10.3.1/../../../../arm-none-eabi/lib/thumb/v6-m/nofp/libcr_c.a(scanf.o)
 .text.vfscanf  0x00000000000045f4      0x958 /Applications/MCUXpressoIDE_11.7.0_9198/ide/plugins/com.nxp.mcuxpresso.tools.macosx_11.7.0.202209140929/tools/bin/../lib/gcc/arm-none-eabi/10.3.1/../../../../arm-none-eabi/lib/thumb/v6-m/nofp/libcr_c.a(scanf.o)
                0x00000000000045f4                vfscanf
 .text.scanf    0x0000000000004f4c       0x1c /Applications/MCUXpressoIDE_11.7.0_9198/ide/plugins/com.nxp.mcuxpresso.tools.macosx_11.7.0.202209140929/tools/bin/../lib/gcc/arm-none-eabi/10.3.1/../../../../arm-none-eabi/lib/thumb/v6-m/nofp/libcr_c.a(scanf.o)
                0x0000000000004f4c                scanf
 .text.setvbuf  0x0000000000004f68       0x4c /Applications/MCUXpressoIDE_11.7.0_9198/ide/plugins/com.nxp.mcuxpresso.tools.macosx_11.7.0.202209140929/tools/bin/../lib/gcc/arm-none-eabi/10.3.1/../../../../arm-none-eabi/lib/thumb/v6-m/nofp/libcr_c.a(setvbuf.o)
                0x0000000000004f68                setvbuf
 .text.sin      0x0000000000004fb4       0x36 /Applications/MCUXpressoIDE_11.7.0_9198/ide/plugins/com.nxp.mcuxpresso.tools.macosx_11.7.0.202209140929/tools/bin/../lib/gcc/arm-none-eabi/10.3.1/../../../../arm-none-eabi/lib/thumb/v6-m/nofp/libcr_c.a(sin.o)
                0x0000000000004fb4                sin
 *fill*         0x0000000000004fea        0x2 ff
 .text.rand     0x0000000000004fec       0x44 /Applications/MCUXpressoIDE_11.7.0_9198/ide/plugins/com.nxp.mcuxpresso.tools.macosx_11.7.0.202209140929/tools/bin/../lib/gcc/arm-none-eabi/10.3.1/../../../../arm-none-eabi/lib/thumb/v6-m/nofp/libcr_c.a(stdlib.o)
                0x0000000000004fec                rand
 .text.srand    0x0000000000005030       0x40 /Applications/MCUXpressoIDE_11.7.0_9198/ide/plugins/com.nxp.mcuxpresso.tools.macosx_11.7.0.202209140929/tools/bin/../lib/gcc/arm-none-eabi/10.3.1/../../../../arm-none-eabi/lib/thumb/v6-m/nofp/libcr_c.a(stdlib.o)
                0x0000000000005030                srand
 .text.abs      0x0000000000005070        0x8 /Applications/MCUXpressoIDE_11.7.0_9198/ide/plugins/com.nxp.mcuxpresso.tools.macosx_11.7.0.202209140929/tools/bin/../lib/gcc/arm-none-eabi/10.3.1/../../../../arm-none-eabi/lib/thumb/v6-m/nofp/libcr_c.a(stdlib.o)
                0x0000000000005070                abs
 .text.strlen   0x0000000000005078       0x58 /Applications/MCUXpressoIDE_11.7.0_9198/ide/plugins/com.nxp.mcuxpresso.tools.macosx_11.7.0.202209140929/tools/bin/../lib/gcc/arm-none-eabi/10.3.1/../../../../arm-none-eabi/lib/thumb/v6-m/nofp/libcr_c.a(strlen.o)
                0x0000000000005078                strlen
 .text.ungetc   0x00000000000050d0       0x3c /Applications/MCUXpressoIDE_11.7.0_9198/ide/plugins/com.nxp.mcuxpresso.tools.macosx_11.7.0.202209140929/tools/bin/../lib/gcc/arm-none-eabi/10.3.1/../../../../arm-none-eabi/lib/thumb/v6-m/nofp/libcr_c.a(ungetc.o)
                0x00000000000050d0                ungetc
 .text._Csys_read_
                0x000000000000510c       0x24 /Applications/MCUXpressoIDE_11.7.0_9198/ide/plugins/com.nxp.mcuxpresso.tools.macosx_11.7.0.202209140929/tools/bin/../lib/gcc/arm-none-eabi/10.3.1/../../../../arm-none-eabi/lib/thumb/v6-m/nofp/libcr_c.a(__fillbuf.o)
                0x000000000000510c                _Csys_read_
 .text.__filbuf
                0x0000000000005130      0x188 /Applications/MCUXpressoIDE_11.7.0_9198/ide/plugins/com.nxp.mcuxpresso.tools.macosx_11.7.0.202209140929/tools/bin/../lib/gcc/arm-none-eabi/10.3.1/../../../../arm-none-eabi/lib/thumb/v6-m/nofp/libcr_c.a(__fillbuf.o)
                0x0000000000005130                __filbuf
 .text._sbrk    0x00000000000052b8       0x44 /Applications/MCUXpressoIDE_11.7.0_9198/ide/plugins/com.nxp.mcuxpresso.tools.macosx_11.7.0.202209140929/tools/bin/../lib/gcc/arm-none-eabi/10.3.1/../../../../arm-none-eabi/lib/thumb/v6-m/nofp/libcr_c.a(_cr_sbrk.o)
                0x00000000000052b8                _sbrk
 .text._deferredlazyseek
                0x00000000000052fc       0x40 /Applications/MCUXpressoIDE_11.7.0_9198/ide/plugins/com.nxp.mcuxpresso.tools.macosx_11.7.0.202209140929/tools/bin/../lib/gcc/arm-none-eabi/10.3.1/../../../../arm-none-eabi/lib/thumb/v6-m/nofp/libcr_c.a(_deferredlazyseek.o)
                0x00000000000052fc                _deferredlazyseek
 .text.__flsbuf
                0x000000000000533c      0x150 /Applications/MCUXpressoIDE_11.7.0_9198/ide/plugins/com.nxp.mcuxpresso.tools.macosx_11.7.0.202209140929/tools/bin/../lib/gcc/arm-none-eabi/10.3.1/../../../../arm-none-eabi/lib/thumb/v6-m/nofp/libcr_c.a(_deferredlazyseek.o)
                0x000000000000533c                __flsbuf
 .text._fdopen  0x000000000000548c       0x74 /Applications/MCUXpressoIDE_11.7.0_9198/ide/plugins/com.nxp.mcuxpresso.tools.macosx_11.7.0.202209140929/tools/bin/../lib/gcc/arm-none-eabi/10.3.1/../../../../arm-none-eabi/lib/thumb/v6-m/nofp/libcr_c.a(_fdopen.o)
                0x000000000000548c                _fdopen
 .text._fflush  0x0000000000005500       0x60 /Applications/MCUXpressoIDE_11.7.0_9198/ide/plugins/com.nxp.mcuxpresso.tools.macosx_11.7.0.202209140929/tools/bin/../lib/gcc/arm-none-eabi/10.3.1/../../../../arm-none-eabi/lib/thumb/v6-m/nofp/libcr_c.a(_fflush.o)
                0x0000000000005500                _fflush
 .text._frexpl  0x0000000000005560       0x80 /Applications/MCUXpressoIDE_11.7.0_9198/ide/plugins/com.nxp.mcuxpresso.tools.macosx_11.7.0.202209140929/tools/bin/../lib/gcc/arm-none-eabi/10.3.1/../../../../arm-none-eabi/lib/thumb/v6-m/nofp/libcr_c.a(_frexpl.o)
                0x0000000000005560                _frexpl
 .text._ldexpl  0x00000000000055e0       0x58 /Applications/MCUXpressoIDE_11.7.0_9198/ide/plugins/com.nxp.mcuxpresso.tools.macosx_11.7.0.202209140929/tools/bin/../lib/gcc/arm-none-eabi/10.3.1/../../../../arm-none-eabi/lib/thumb/v6-m/nofp/libcr_c.a(_ldexpl.o)
                0x00000000000055e0                _ldexpl
 .text._sincos  0x0000000000005638      0x1dc /Applications/MCUXpressoIDE_11.7.0_9198/ide/plugins/com.nxp.mcuxpresso.tools.macosx_11.7.0.202209140929/tools/bin/../lib/gcc/arm-none-eabi/10.3.1/../../../../arm-none-eabi/lib/thumb/v6-m/nofp/libcr_c.a(_sincos.o)
                0x0000000000005638                _sincos
 .text._Cwritebuf
                0x0000000000005814       0x68 /Applications/MCUXpressoIDE_11.7.0_9198/ide/plugins/com.nxp.mcuxpresso.tools.macosx_11.7.0.202209140929/tools/bin/../lib/gcc/arm-none-eabi/10.3.1/../../../../arm-none-eabi/lib/thumb/v6-m/nofp/libcr_c.a(_writebuf.o)
                0x0000000000005814                _Cwritebuf
 .text.fabs     0x000000000000587c       0x22 /Applications/MCUXpressoIDE_11.7.0_9198/ide/plugins/com.nxp.mcuxpresso.tools.macosx_11.7.0.202209140929/tools/bin/../lib/gcc/arm-none-eabi/10.3.1/../../../../arm-none-eabi/lib/thumb/v6-m/nofp/libcr_c.a(fabs.o)
                0x000000000000587c                fabs
 *fill*         0x000000000000589e        0x2 ff
 .text.fclose   0x00000000000058a0       0x5c /Applications/MCUXpressoIDE_11.7.0_9198/ide/plugins/com.nxp.mcuxpresso.tools.macosx_11.7.0.202209140929/tools/bin/../lib/gcc/arm-none-eabi/10.3.1/../../../../arm-none-eabi/lib/thumb/v6-m/nofp/libcr_c.a(fclose.o)
                0x00000000000058a0                fclose
 .text.fflush   0x00000000000058fc       0x44 /Applications/MCUXpressoIDE_11.7.0_9198/ide/plugins/com.nxp.mcuxpresso.tools.macosx_11.7.0.202209140929/tools/bin/../lib/gcc/arm-none-eabi/10.3.1/../../../../arm-none-eabi/lib/thumb/v6-m/nofp/libcr_c.a(fflush.o)
                0x00000000000058fc                fflush
 .text.frexp    0x0000000000005940       0x80 /Applications/MCUXpressoIDE_11.7.0_9198/ide/plugins/com.nxp.mcuxpresso.tools.macosx_11.7.0.202209140929/tools/bin/../lib/gcc/arm-none-eabi/10.3.1/../../../../arm-none-eabi/lib/thumb/v6-m/nofp/libcr_c.a(frexp.o)
                0x0000000000005940                frexp
 .text.fseek    0x00000000000059c0       0xf0 /Applications/MCUXpressoIDE_11.7.0_9198/ide/plugins/com.nxp.mcuxpresso.tools.macosx_11.7.0.202209140929/tools/bin/../lib/gcc/arm-none-eabi/10.3.1/../../../../arm-none-eabi/lib/thumb/v6-m/nofp/libcr_c.a(fseek.o)
                0x00000000000059c0                fseek
 .text.ftell    0x0000000000005ab0       0x48 /Applications/MCUXpressoIDE_11.7.0_9198/ide/plugins/com.nxp.mcuxpresso.tools.macosx_11.7.0.202209140929/tools/bin/../lib/gcc/arm-none-eabi/10.3.1/../../../../arm-none-eabi/lib/thumb/v6-m/nofp/libcr_c.a(ftell.o)
                0x0000000000005ab0                ftell
 .text.ldexp    0x0000000000005af8       0x58 /Applications/MCUXpressoIDE_11.7.0_9198/ide/plugins/com.nxp.mcuxpresso.tools.macosx_11.7.0.202209140929/tools/bin/../lib/gcc/arm-none-eabi/10.3.1/../../../../arm-none-eabi/lib/thumb/v6-m/nofp/libcr_c.a(ldexp.o)
                0x0000000000005af8                ldexp
 .text.remove   0x0000000000005b50       0x12 /Applications/MCUXpressoIDE_11.7.0_9198/ide/plugins/com.nxp.mcuxpresso.tools.macosx_11.7.0.202209140929/tools/bin/../lib/gcc/arm-none-eabi/10.3.1/../../../../arm-none-eabi/lib/thumb/v6-m/nofp/libcr_c.a(remove.o)
                0x0000000000005b50                remove
 *fill*         0x0000000000005b62        0x2 ff
 .text.__check_heap_overflow
                0x0000000000005b64       0x18 /Applications/MCUXpressoIDE_11.7.0_9198/ide/plugins/com.nxp.mcuxpresso.tools.macosx_11.7.0.202209140929/tools/bin/../lib/gcc/arm-none-eabi/10.3.1/../../../../arm-none-eabi/lib/thumb/v6-m/nofp/libcr_c.a(_cr_check_heap.o)
                0x0000000000005b64                __check_heap_overflow
 .text._do_fflush
                0x0000000000005b7c       0x48 /Applications/MCUXpressoIDE_11.7.0_9198/ide/plugins/com.nxp.mcuxpresso.tools.macosx_11.7.0.202209140929/tools/bin/../lib/gcc/arm-none-eabi/10.3.1/../../../../arm-none-eabi/lib/thumb/v6-m/nofp/libcr_c.a(_do_fflush.o)
                0x0000000000005b7c                _do_fflush
 .text.__aeabi_division_idivmod
                0x0000000000005bc4       0x78 /Applications/MCUXpressoIDE_11.7.0_9198/ide/plugins/com.nxp.mcuxpresso.tools.macosx_11.7.0.202209140929/tools/bin/../lib/gcc/arm-none-eabi/10.3.1/thumb/v6-m/nofp/libcr_eabihelpers.a(division_32.o)
                0x0000000000005bc4                __aeabi_idiv
                0x0000000000005bc4                __aeabi_idivmod
                0x0000000000005bca                __aeabi_uidiv
                0x0000000000005bca                __aeabi_uidivmod
 .text.__aeabi_division_idiv0
                0x0000000000005c3c        0x2 /Applications/MCUXpressoIDE_11.7.0_9198/ide/plugins/com.nxp.mcuxpresso.tools.macosx_11.7.0.202209140929/tools/bin/../lib/gcc/arm-none-eabi/10.3.1/thumb/v6-m/nofp/libcr_eabihelpers.a(division_idiv0.o)
                0x0000000000005c3c                __aeabi_idiv0
 *fill*         0x0000000000005c3e        0x2 ff
 .text.__aeabi_dmul
                0x0000000000005c40      0x184 /Applications/MCUXpressoIDE_11.7.0_9198/ide/plugins/com.nxp.mcuxpresso.tools.macosx_11.7.0.202209140929/tools/bin/../lib/gcc/arm-none-eabi/10.3.1/thumb/v6-m/nofp/libcr_eabihelpers.a(double.o)
                0x0000000000005c40                __aeabi_dmul
 .text.__aeabi_ddiv
                0x0000000000005dc4      0x14c /Applications/MCUXpressoIDE_11.7.0_9198/ide/plugins/com.nxp.mcuxpresso.tools.macosx_11.7.0.202209140929/tools/bin/../lib/gcc/arm-none-eabi/10.3.1/thumb/v6-m/nofp/libcr_eabihelpers.a(double.o)
                0x0000000000005dc4                __aeabi_ddiv
 .text.__aeabi_dsub
                0x0000000000005f10      0x1c0 /Applications/MCUXpressoIDE_11.7.0_9198/ide/plugins/com.nxp.mcuxpresso.tools.macosx_11.7.0.202209140929/tools/bin/../lib/gcc/arm-none-eabi/10.3.1/thumb/v6-m/nofp/libcr_eabihelpers.a(double.o)
                0x0000000000005f10                __aeabi_dsub
 .text.__aeabi_dadd
                0x00000000000060d0      0x134 /Applications/MCUXpressoIDE_11.7.0_9198/ide/plugins/com.nxp.mcuxpresso.tools.macosx_11.7.0.202209140929/tools/bin/../lib/gcc/arm-none-eabi/10.3.1/thumb/v6-m/nofp/libcr_eabihelpers.a(double.o)
                0x00000000000060d0                __aeabi_dadd
 .text.__aeabi_d2f
                0x0000000000006204       0x60 /Applications/MCUXpressoIDE_11.7.0_9198/ide/plugins/com.nxp.mcuxpresso.tools.macosx_11.7.0.202209140929/tools/bin/../lib/gcc/arm-none-eabi/10.3.1/thumb/v6-m/nofp/libcr_eabihelpers.a(double.o)
                0x0000000000006204                __aeabi_d2f
 .text.__aeabi_d2iz
                0x0000000000006264       0x50 /Applications/MCUXpressoIDE_11.7.0_9198/ide/plugins/com.nxp.mcuxpresso.tools.macosx_11.7.0.202209140929/tools/bin/../lib/gcc/arm-none-eabi/10.3.1/thumb/v6-m/nofp/libcr_eabihelpers.a(double.o)
                0x0000000000006264                __aeabi_d2iz
 .text.__bhs_ui2d
                0x00000000000062b4       0x5e /Applications/MCUXpressoIDE_11.7.0_9198/ide/plugins/com.nxp.mcuxpresso.tools.macosx_11.7.0.202209140929/tools/bin/../lib/gcc/arm-none-eabi/10.3.1/thumb/v6-m/nofp/libcr_eabihelpers.a(double.o)
                0x00000000000062b4                __bhs_ui2d
 .text.__aeabi_i2d
                0x0000000000006312       0x18 /Applications/MCUXpressoIDE_11.7.0_9198/ide/plugins/com.nxp.mcuxpresso.tools.macosx_11.7.0.202209140929/tools/bin/../lib/gcc/arm-none-eabi/10.3.1/thumb/v6-m/nofp/libcr_eabihelpers.a(double.o)
                0x0000000000006312                __aeabi_i2d
 *fill*         0x000000000000632a        0x2 ff
 .text.__aeabi_dcmpeq
                0x000000000000632c       0x30 /Applications/MCUXpressoIDE_11.7.0_9198/ide/plugins/com.nxp.mcuxpresso.tools.macosx_11.7.0.202209140929/tools/bin/../lib/gcc/arm-none-eabi/10.3.1/thumb/v6-m/nofp/libcr_eabihelpers.a(double.o)
                0x000000000000632c                __aeabi_dcmpeq
 .text.__aeabi_dcmplt
                0x000000000000635c       0x60 /Applications/MCUXpressoIDE_11.7.0_9198/ide/plugins/com.nxp.mcuxpresso.tools.macosx_11.7.0.202209140929/tools/bin/../lib/gcc/arm-none-eabi/10.3.1/thumb/v6-m/nofp/libcr_eabihelpers.a(double.o)
                0x000000000000635c                __aeabi_dcmplt
 .text.__aeabi_dcmpgt
                0x00000000000063bc       0x5c /Applications/MCUXpressoIDE_11.7.0_9198/ide/plugins/com.nxp.mcuxpresso.tools.macosx_11.7.0.202209140929/tools/bin/../lib/gcc/arm-none-eabi/10.3.1/thumb/v6-m/nofp/libcr_eabihelpers.a(double.o)
                0x00000000000063bc                __aeabi_dcmpgt
 .text.__aeabi_dcmple
                0x0000000000006418       0x5c /Applications/MCUXpressoIDE_11.7.0_9198/ide/plugins/com.nxp.mcuxpresso.tools.macosx_11.7.0.202209140929/tools/bin/../lib/gcc/arm-none-eabi/10.3.1/thumb/v6-m/nofp/libcr_eabihelpers.a(double.o)
                0x0000000000006418                __aeabi_dcmple
 .text.__aeabi_dcmpge
                0x0000000000006474       0x5c /Applications/MCUXpressoIDE_11.7.0_9198/ide/plugins/com.nxp.mcuxpresso.tools.macosx_11.7.0.202209140929/tools/bin/../lib/gcc/arm-none-eabi/10.3.1/thumb/v6-m/nofp/libcr_eabihelpers.a(double.o)
                0x0000000000006474                __aeabi_dcmpge
 .text.__aeabi_llong_lmul
                0x00000000000064d0       0x2e /Applications/MCUXpressoIDE_11.7.0_9198/ide/plugins/com.nxp.mcuxpresso.tools.macosx_11.7.0.202209140929/tools/bin/../lib/gcc/arm-none-eabi/10.3.1/thumb/v6-m/nofp/libcr_eabihelpers.a(llong.o)
                0x00000000000064d0                __aeabi_lmul
 .text.__aeabi_memset_lowlevel
                0x00000000000064fe       0x2a /Applications/MCUXpressoIDE_11.7.0_9198/ide/plugins/com.nxp.mcuxpresso.tools.macosx_11.7.0.202209140929/tools/bin/../lib/gcc/arm-none-eabi/10.3.1/thumb/v6-m/nofp/libcr_eabihelpers.a(memcpy.o)
                0x00000000000064fe                __aeabi_lowlevel_memset
 .text.__gnu_thumb1_case_shi
                0x0000000000006528       0x10 /Applications/MCUXpressoIDE_11.7.0_9198/ide/plugins/com.nxp.mcuxpresso.tools.macosx_11.7.0.202209140929/tools/bin/../lib/gcc/arm-none-eabi/10.3.1/thumb/v6-m/nofp/libcr_eabihelpers.a(thumb1_switch_helpers.o)
                0x0000000000006528                __gnu_thumb1_case_shi
 .text.__sys_appexit
                0x0000000000006538        0xc /Applications/MCUXpressoIDE_11.7.0_9198/ide/plugins/com.nxp.mcuxpresso.tools.macosx_11.7.0.202209140929/tools/bin/../lib/gcc/arm-none-eabi/10.3.1/../../../../arm-none-eabi/lib/thumb/v6-m/nofp/libcr_semihost.a(__sys_appexit.o)
                0x0000000000006538                __exit
                0x0000000000006538                __sys_appexit
 .text.__sys_close
                0x0000000000006544        0xc /Applications/MCUXpressoIDE_11.7.0_9198/ide/plugins/com.nxp.mcuxpresso.tools.macosx_11.7.0.202209140929/tools/bin/../lib/gcc/arm-none-eabi/10.3.1/../../../../arm-none-eabi/lib/thumb/v6-m/nofp/libcr_semihost.a(__sys_close.o)
                0x0000000000006544                __sys_close
 .text.__sys_flen
                0x0000000000006550        0xc /Applications/MCUXpressoIDE_11.7.0_9198/ide/plugins/com.nxp.mcuxpresso.tools.macosx_11.7.0.202209140929/tools/bin/../lib/gcc/arm-none-eabi/10.3.1/../../../../arm-none-eabi/lib/thumb/v6-m/nofp/libcr_semihost.a(__sys_flen.o)
                0x0000000000006550                __sys_flen
 .text.__sys_istty
                0x000000000000655c        0xc /Applications/MCUXpressoIDE_11.7.0_9198/ide/plugins/com.nxp.mcuxpresso.tools.macosx_11.7.0.202209140929/tools/bin/../lib/gcc/arm-none-eabi/10.3.1/../../../../arm-none-eabi/lib/thumb/v6-m/nofp/libcr_semihost.a(__sys_istty.o)
                0x000000000000655c                __sys_istty
 .text.__sys_read
                0x0000000000006568        0xc /Applications/MCUXpressoIDE_11.7.0_9198/ide/plugins/com.nxp.mcuxpresso.tools.macosx_11.7.0.202209140929/tools/bin/../lib/gcc/arm-none-eabi/10.3.1/../../../../arm-none-eabi/lib/thumb/v6-m/nofp/libcr_semihost.a(__sys_read.o)
                0x0000000000006568                __sys_read
 .text.__sys_readc
                0x0000000000006574        0x8 /Applications/MCUXpressoIDE_11.7.0_9198/ide/plugins/com.nxp.mcuxpresso.tools.macosx_11.7.0.202209140929/tools/bin/../lib/gcc/arm-none-eabi/10.3.1/../../../../arm-none-eabi/lib/thumb/v6-m/nofp/libcr_semihost.a(__sys_readc.o)
                0x0000000000006574                __readc
                0x0000000000006574                __sys_readc
 .text.__sys_remove
                0x000000000000657c        0xc /Applications/MCUXpressoIDE_11.7.0_9198/ide/plugins/com.nxp.mcuxpresso.tools.macosx_11.7.0.202209140929/tools/bin/../lib/gcc/arm-none-eabi/10.3.1/../../../../arm-none-eabi/lib/thumb/v6-m/nofp/libcr_semihost.a(__sys_remove.o)
                0x000000000000657c                __sys_remove
 .text.__sys_seek
                0x0000000000006588        0xc /Applications/MCUXpressoIDE_11.7.0_9198/ide/plugins/com.nxp.mcuxpresso.tools.macosx_11.7.0.202209140929/tools/bin/../lib/gcc/arm-none-eabi/10.3.1/../../../../arm-none-eabi/lib/thumb/v6-m/nofp/libcr_semihost.a(__sys_seek.o)
                0x0000000000006588                __sys_seek
 .text.__sys_tmpnam
                0x0000000000006594        0xc /Applications/MCUXpressoIDE_11.7.0_9198/ide/plugins/com.nxp.mcuxpresso.tools.macosx_11.7.0.202209140929/tools/bin/../lib/gcc/arm-none-eabi/10.3.1/../../../../arm-none-eabi/lib/thumb/v6-m/nofp/libcr_semihost.a(__sys_tmpnam.o)
                0x0000000000006594                __sys_tmpnam
 .text.__sys_write
                0x00000000000065a0        0xc /Applications/MCUXpressoIDE_11.7.0_9198/ide/plugins/com.nxp.mcuxpresso.tools.macosx_11.7.0.202209140929/tools/bin/../lib/gcc/arm-none-eabi/10.3.1/../../../../arm-none-eabi/lib/thumb/v6-m/nofp/libcr_semihost.a(__sys_write.o)
                0x00000000000065a0                __sys_write
 *(.rodata .rodata.* .constdata .constdata.*)
 .rodata        0x00000000000065ac       0x24 ./example/src/main.o
 .rodata.forest.str1.4
                0x00000000000065d0        0xd ./example/src/main.o
 *fill*         0x00000000000065dd        0x3 ff
 .rodata.main.str1.4
                0x00000000000065e0       0x99 ./example/src/main.o
 *fill*         0x0000000000006679        0x3 ff
 .rodata.OscRateIn
                0x000000000000667c        0x4 /Users/ezgikaya/Documents/MCUXpressoIDE_11.7.0_9198/workspace/nxp_lpcxpresso_11c24_board_lib/Debug/libnxp_lpcxpresso_11c24_board_lib.a(board.o)
                0x000000000000667c                OscRateIn
 .rodata.pinmuxing
                0x0000000000006680       0x28 /Users/ezgikaya/Documents/MCUXpressoIDE_11.7.0_9198/workspace/nxp_lpcxpresso_11c24_board_lib/Debug/libnxp_lpcxpresso_11c24_board_lib.a(board_sysinit.o)
 .rodata.wdtOSCRate
                0x00000000000066a8       0x40 /Users/ezgikaya/Documents/MCUXpressoIDE_11.7.0_9198/workspace/lpc_chip_11cxx_lib/Debug/liblpc_chip_11cxx_lib.a(clock_11xx.o)
 .rodata._Csys_alloc.str1.1
                0x00000000000066e8       0x18 /Applications/MCUXpressoIDE_11.7.0_9198/ide/plugins/com.nxp.mcuxpresso.tools.macosx_11.7.0.202209140929/tools/bin/../lib/gcc/arm-none-eabi/10.3.1/../../../../arm-none-eabi/lib/thumb/v6-m/nofp/libcr_c.a(alloc.o)
 .rodata.fp_display.str1.1
                0x0000000000006700       0x34 /Applications/MCUXpressoIDE_11.7.0_9198/ide/plugins/com.nxp.mcuxpresso.tools.macosx_11.7.0.202209140929/tools/bin/../lib/gcc/arm-none-eabi/10.3.1/../../../../arm-none-eabi/lib/thumb/v6-m/nofp/libcr_c.a(fpprintf.o)
                                         0x35 (size before relaxing)
 .rodata._initio.str1.1
                0x0000000000006734        0x4 /Applications/MCUXpressoIDE_11.7.0_9198/ide/plugins/com.nxp.mcuxpresso.tools.macosx_11.7.0.202209140929/tools/bin/../lib/gcc/arm-none-eabi/10.3.1/../../../../arm-none-eabi/lib/thumb/v6-m/nofp/libcr_c.a(initio.o)
 .rodata.a1.1   0x0000000000006738       0x88 /Applications/MCUXpressoIDE_11.7.0_9198/ide/plugins/com.nxp.mcuxpresso.tools.macosx_11.7.0.202209140929/tools/bin/../lib/gcc/arm-none-eabi/10.3.1/../../../../arm-none-eabi/lib/thumb/v6-m/nofp/libcr_c.a(pow.o)
 .rodata.a2.0   0x00000000000067c0       0x40 /Applications/MCUXpressoIDE_11.7.0_9198/ide/plugins/com.nxp.mcuxpresso.tools.macosx_11.7.0.202209140929/tools/bin/../lib/gcc/arm-none-eabi/10.3.1/../../../../arm-none-eabi/lib/thumb/v6-m/nofp/libcr_c.a(pow.o)
 .rodata.__vfprintf.str1.1
                0x0000000000006800       0x31 /Applications/MCUXpressoIDE_11.7.0_9198/ide/plugins/com.nxp.mcuxpresso.tools.macosx_11.7.0.202209140929/tools/bin/../lib/gcc/arm-none-eabi/10.3.1/../../../../arm-none-eabi/lib/thumb/v6-m/nofp/libcr_c.a(printf.o)
                                         0x38 (size before relaxing)
 .rodata.__ctype
                0x0000000000006831      0x180 /Applications/MCUXpressoIDE_11.7.0_9198/ide/plugins/com.nxp.mcuxpresso.tools.macosx_11.7.0.202209140929/tools/bin/../lib/gcc/arm-none-eabi/10.3.1/../../../../arm-none-eabi/lib/thumb/v6-m/nofp/libcr_c.a(ctype.o)
                0x0000000000006831                __ctype
 *fill*         0x00000000000069b1        0x3 ff
 .rodata.__num_Ciob_streams
                0x00000000000069b4        0x4 /Applications/MCUXpressoIDE_11.7.0_9198/ide/plugins/com.nxp.mcuxpresso.tools.macosx_11.7.0.202209140929/tools/bin/../lib/gcc/arm-none-eabi/10.3.1/../../../../arm-none-eabi/lib/thumb/v6-m/nofp/libcr_semihost.a(__ciob.o)
                0x00000000000069b4                __num_Ciob_streams
                0x00000000000069b8                . = ALIGN (0x4)

.glue_7         0x00000000000069b8        0x0
 .glue_7        0x00000000000069b8        0x0 linker stubs

.glue_7t        0x00000000000069b8        0x0
 .glue_7t       0x00000000000069b8        0x0 linker stubs

.vfp11_veneer   0x00000000000069b8        0x0
 .vfp11_veneer  0x00000000000069b8        0x0 linker stubs

.v4_bx          0x00000000000069b8        0x0
 .v4_bx         0x00000000000069b8        0x0 linker stubs

.iplt           0x00000000000069b8        0x0
 .iplt          0x00000000000069b8        0x0 ./example/src/cr_startup_lpc11xx.o

.rel.dyn        0x00000000000069b8        0x0
 .rel.iplt      0x00000000000069b8        0x0 ./example/src/cr_startup_lpc11xx.o

.ARM.extab
 *(.ARM.extab* .gnu.linkonce.armextab.*)

.ARM.exidx      0x00000000000069b8        0x0
                0x00000000000069b8                __exidx_start = .
 *(.ARM.exidx* .gnu.linkonce.armexidx.*)
                0x00000000000069b8                __exidx_end = .
                0x00000000000069b8                _etext = .

.uninit_RESERVED
                0x0000000010000000        0x0
                0x0000000010000000                _start_uninit_RESERVED = .
 *(.bss.$RESERVED*)
                0x0000000010000000                . = ALIGN (0x4)
                0x0000000010000000                _end_uninit_RESERVED = .

.data           0x0000000010000000       0xf4 load address 0x00000000000069b8
 FILL mask 0xff
                0x0000000010000000                _data = .
                [!provide]                        PROVIDE (__start_data_RAM = .)
                [!provide]                        PROVIDE (__start_data_RamLoc8 = .)
 *(vtable)
 *(.ramfunc*)
 *(CodeQuickAccess)
 *(DataQuickAccess)
 *(RamFunction)
 *(.data*)
 .data.height   0x0000000010000000        0x4 ./example/src/lcd__api.o
                0x0000000010000000                height
 .data.width    0x0000000010000004        0x4 ./example/src/lcd__api.o
                0x0000000010000004                width
 .data.neginf.0
                0x0000000010000008        0x4 /Applications/MCUXpressoIDE_11.7.0_9198/ide/plugins/com.nxp.mcuxpresso.tools.macosx_11.7.0.202209140929/tools/bin/../lib/gcc/arm-none-eabi/10.3.1/../../../../arm-none-eabi/lib/thumb/v6-m/nofp/libcr_c.a(scanf.o)
 .data.posinf.1
                0x000000001000000c        0x4 /Applications/MCUXpressoIDE_11.7.0_9198/ide/plugins/com.nxp.mcuxpresso.tools.macosx_11.7.0.202209140929/tools/bin/../lib/gcc/arm-none-eabi/10.3.1/../../../../arm-none-eabi/lib/thumb/v6-m/nofp/libcr_c.a(scanf.o)
 .data._random_j
                0x0000000010000010        0x4 /Applications/MCUXpressoIDE_11.7.0_9198/ide/plugins/com.nxp.mcuxpresso.tools.macosx_11.7.0.202209140929/tools/bin/../lib/gcc/arm-none-eabi/10.3.1/../../../../arm-none-eabi/lib/thumb/v6-m/nofp/libcr_c.a(stdlib.o)
 .data._random_k
                0x0000000010000014        0x4 /Applications/MCUXpressoIDE_11.7.0_9198/ide/plugins/com.nxp.mcuxpresso.tools.macosx_11.7.0.202209140929/tools/bin/../lib/gcc/arm-none-eabi/10.3.1/../../../../arm-none-eabi/lib/thumb/v6-m/nofp/libcr_c.a(stdlib.o)
 .data._random_number_seed
                0x0000000010000018       0xdc /Applications/MCUXpressoIDE_11.7.0_9198/ide/plugins/com.nxp.mcuxpresso.tools.macosx_11.7.0.202209140929/tools/bin/../lib/gcc/arm-none-eabi/10.3.1/../../../../arm-none-eabi/lib/thumb/v6-m/nofp/libcr_c.a(stdlib.o)
                0x00000000100000f4                . = ALIGN (0x4)
                0x00000000100000f4                _edata = .
                [!provide]                        PROVIDE (__end_data_RAM = .)
                [!provide]                        PROVIDE (__end_data_RamLoc8 = .)

.igot.plt       0x00000000100000f4        0x0 load address 0x0000000000006aac
 .igot.plt      0x00000000100000f4        0x0 ./example/src/cr_startup_lpc11xx.o

.bss            0x00000000100000f4      0x210
                0x00000000100000f4                _bss = .
                [!provide]                        PROVIDE (__start_bss_RAM = .)
                [!provide]                        PROVIDE (__start_bss_RamLoc8 = .)
 *(.bss*)
 .bss.Tx_Buf    0x00000000100000f4        0x2 ./example/src/lcd__api.o
 *fill*         0x00000000100000f6        0x2 
 .bss.Rx_Buf    0x00000000100000f8        0x2 ./example/src/lcd__api.o
 *fill*         0x00000000100000fa        0x2 
 .bss.ssp_format
                0x00000000100000fc        0x3 ./example/src/lcd__api.o
 *fill*         0x00000000100000ff        0x1 
 .bss.xf_setup  0x0000000010000100       0x14 ./example/src/lcd__api.o
 .bss.SystemCoreClock
                0x0000000010000114        0x4 /Users/ezgikaya/Documents/MCUXpressoIDE_11.7.0_9198/workspace/lpc_chip_11cxx_lib/Debug/liblpc_chip_11cxx_lib.a(chip_11xx.o)
                0x0000000010000114                SystemCoreClock
 .bss.__end_of_heap
                0x0000000010000118        0x4 /Applications/MCUXpressoIDE_11.7.0_9198/ide/plugins/com.nxp.mcuxpresso.tools.macosx_11.7.0.202209140929/tools/bin/../lib/gcc/arm-none-eabi/10.3.1/../../../../arm-none-eabi/lib/thumb/v6-m/nofp/libcr_c.a(__init_alloc.o)
                0x0000000010000118                __end_of_heap
 .bss.__heaps   0x000000001000011c        0x4 /Applications/MCUXpressoIDE_11.7.0_9198/ide/plugins/com.nxp.mcuxpresso.tools.macosx_11.7.0.202209140929/tools/bin/../lib/gcc/arm-none-eabi/10.3.1/../../../../arm-none-eabi/lib/thumb/v6-m/nofp/libcr_c.a(__init_alloc.o)
                0x000000001000011c                __heaps
 .bss.errno     0x0000000010000120        0x4 /Applications/MCUXpressoIDE_11.7.0_9198/ide/plugins/com.nxp.mcuxpresso.tools.macosx_11.7.0.202209140929/tools/bin/../lib/gcc/arm-none-eabi/10.3.1/../../../../arm-none-eabi/lib/thumb/v6-m/nofp/libcr_c.a(errno.o)
                0x0000000010000120                errno
 .bss.__Ciob    0x0000000010000124      0x1e0 /Applications/MCUXpressoIDE_11.7.0_9198/ide/plugins/com.nxp.mcuxpresso.tools.macosx_11.7.0.202209140929/tools/bin/../lib/gcc/arm-none-eabi/10.3.1/../../../../arm-none-eabi/lib/thumb/v6-m/nofp/libcr_semihost.a(__ciob.o)
                0x0000000010000124                __Ciob
 *(COMMON)
                0x0000000010000304                . = ALIGN (0x4)
                0x0000000010000304                _ebss = .
                [!provide]                        PROVIDE (__end_bss_RAM = .)
                [!provide]                        PROVIDE (__end_bss_RamLoc8 = .)
                [!provide]                        PROVIDE (end = .)

.noinit         0x0000000010000304        0x0
                0x0000000010000304                _noinit = .
                [!provide]                        PROVIDE (__start_noinit_RAM = .)
                [!provide]                        PROVIDE (__start_noinit_RamLoc8 = .)
 *(.noinit*)
                0x0000000010000304                . = ALIGN (0x4)
                0x0000000010000304                _end_noinit = .
                [!provide]                        PROVIDE (__end_noinit_RAM = .)
                [!provide]                        PROVIDE (__end_noinit_RamLoc8 = .)
                0x0000000010000304                PROVIDE (_pvHeapStart = DEFINED (__user_heap_base)?__user_heap_base:.)
                0x0000000010002000                PROVIDE (_vStackTop = DEFINED (__user_stack_top)?__user_stack_top:(__top_RamLoc8 - 0x0))
                [!provide]                        PROVIDE (__valid_user_code_checksum = (0x0 - (((_vStackTop + (ResetISR + 0x1)) + (DEFINED (NMI_Handler)?NMI_Handler:M0_NMI_Handler + 0x1)) + (DEFINED (HardFault_Handler)?HardFault_Handler:M0_HardFault_Handler + 0x1))))
                0x0000000000000000                _image_start = LOADADDR (.text)
                0x0000000000006aac                _image_end = (LOADADDR (.data) + SIZEOF (.data))
                0x0000000000006aac                _image_size = (_image_end - _image_start)
OUTPUT(LPC11C24_SSP_DrawLine.axf elf32-littlearm)
LOAD linker stubs

.debug_info     0x0000000000000000     0x5375
 .debug_info    0x0000000000000000      0x2b6 ./example/src/cr_startup_lpc11xx.o
 .debug_info    0x00000000000002b6      0xbb1 ./example/src/lcd__api.o
 .debug_info    0x0000000000000e67      0x529 ./example/src/main.o
 .debug_info    0x0000000000001390       0x97 ./example/src/sysinit.o
 .debug_info    0x0000000000001427      0x83a /Users/ezgikaya/Documents/MCUXpressoIDE_11.7.0_9198/workspace/nxp_lpcxpresso_11c24_board_lib/Debug/libnxp_lpcxpresso_11c24_board_lib.a(board.o)
 .debug_info    0x0000000000001c61      0xa7a /Users/ezgikaya/Documents/MCUXpressoIDE_11.7.0_9198/workspace/nxp_lpcxpresso_11c24_board_lib/Debug/libnxp_lpcxpresso_11c24_board_lib.a(board_sysinit.o)
 .debug_info    0x00000000000026db       0xb7 /Users/ezgikaya/Documents/MCUXpressoIDE_11.7.0_9198/workspace/lpc_chip_11cxx_lib/Debug/liblpc_chip_11cxx_lib.a(chip_11xx.o)
 .debug_info    0x0000000000002792      0x8ef /Users/ezgikaya/Documents/MCUXpressoIDE_11.7.0_9198/workspace/lpc_chip_11cxx_lib/Debug/liblpc_chip_11cxx_lib.a(clock_11xx.o)
 .debug_info    0x0000000000003081      0xbcf /Users/ezgikaya/Documents/MCUXpressoIDE_11.7.0_9198/workspace/lpc_chip_11cxx_lib/Debug/liblpc_chip_11cxx_lib.a(gpio_11xx_2.o)
 .debug_info    0x0000000000003c50     0x1170 /Users/ezgikaya/Documents/MCUXpressoIDE_11.7.0_9198/workspace/lpc_chip_11cxx_lib/Debug/liblpc_chip_11cxx_lib.a(ssp_11xx.o)
 .debug_info    0x0000000000004dc0      0x5b5 /Users/ezgikaya/Documents/MCUXpressoIDE_11.7.0_9198/workspace/lpc_chip_11cxx_lib/Debug/liblpc_chip_11cxx_lib.a(sysctl_11xx.o)

.debug_abbrev   0x0000000000000000     0x1246
 .debug_abbrev  0x0000000000000000      0x122 ./example/src/cr_startup_lpc11xx.o
 .debug_abbrev  0x0000000000000122      0x2f7 ./example/src/lcd__api.o
 .debug_abbrev  0x0000000000000419      0x157 ./example/src/main.o
 .debug_abbrev  0x0000000000000570       0x47 ./example/src/sysinit.o
 .debug_abbrev  0x00000000000005b7      0x257 /Users/ezgikaya/Documents/MCUXpressoIDE_11.7.0_9198/workspace/nxp_lpcxpresso_11c24_board_lib/Debug/libnxp_lpcxpresso_11c24_board_lib.a(board.o)
 .debug_abbrev  0x000000000000080e      0x21c /Users/ezgikaya/Documents/MCUXpressoIDE_11.7.0_9198/workspace/nxp_lpcxpresso_11c24_board_lib/Debug/libnxp_lpcxpresso_11c24_board_lib.a(board_sysinit.o)
 .debug_abbrev  0x0000000000000a2a       0x78 /Users/ezgikaya/Documents/MCUXpressoIDE_11.7.0_9198/workspace/lpc_chip_11cxx_lib/Debug/liblpc_chip_11cxx_lib.a(chip_11xx.o)
 .debug_abbrev  0x0000000000000aa2      0x1ea /Users/ezgikaya/Documents/MCUXpressoIDE_11.7.0_9198/workspace/lpc_chip_11cxx_lib/Debug/liblpc_chip_11cxx_lib.a(clock_11xx.o)
 .debug_abbrev  0x0000000000000c8c      0x1d8 /Users/ezgikaya/Documents/MCUXpressoIDE_11.7.0_9198/workspace/lpc_chip_11cxx_lib/Debug/liblpc_chip_11cxx_lib.a(gpio_11xx_2.o)
 .debug_abbrev  0x0000000000000e64      0x2fd /Users/ezgikaya/Documents/MCUXpressoIDE_11.7.0_9198/workspace/lpc_chip_11cxx_lib/Debug/liblpc_chip_11cxx_lib.a(ssp_11xx.o)
 .debug_abbrev  0x0000000000001161       0xe5 /Users/ezgikaya/Documents/MCUXpressoIDE_11.7.0_9198/workspace/lpc_chip_11cxx_lib/Debug/liblpc_chip_11cxx_lib.a(sysctl_11xx.o)

.debug_loc      0x0000000000000000      0x234
 .debug_loc     0x0000000000000000      0x234 ./example/src/cr_startup_lpc11xx.o

.debug_aranges  0x0000000000000000      0x560
 .debug_aranges
                0x0000000000000000       0x60 ./example/src/cr_startup_lpc11xx.o
 .debug_aranges
                0x0000000000000060       0xd0 ./example/src/lcd__api.o
 .debug_aranges
                0x0000000000000130       0x40 ./example/src/main.o
 .debug_aranges
                0x0000000000000170       0x20 ./example/src/sysinit.o
 .debug_aranges
                0x0000000000000190       0xa0 /Users/ezgikaya/Documents/MCUXpressoIDE_11.7.0_9198/workspace/nxp_lpcxpresso_11c24_board_lib/Debug/libnxp_lpcxpresso_11c24_board_lib.a(board.o)
 .debug_aranges
                0x0000000000000230       0x60 /Users/ezgikaya/Documents/MCUXpressoIDE_11.7.0_9198/workspace/nxp_lpcxpresso_11c24_board_lib/Debug/libnxp_lpcxpresso_11c24_board_lib.a(board_sysinit.o)
 .debug_aranges
                0x0000000000000290       0x20 /Users/ezgikaya/Documents/MCUXpressoIDE_11.7.0_9198/workspace/lpc_chip_11cxx_lib/Debug/liblpc_chip_11cxx_lib.a(chip_11xx.o)
 .debug_aranges
                0x00000000000002b0       0x88 /Users/ezgikaya/Documents/MCUXpressoIDE_11.7.0_9198/workspace/lpc_chip_11cxx_lib/Debug/liblpc_chip_11cxx_lib.a(clock_11xx.o)
 .debug_aranges
                0x0000000000000338       0xb0 /Users/ezgikaya/Documents/MCUXpressoIDE_11.7.0_9198/workspace/lpc_chip_11cxx_lib/Debug/liblpc_chip_11cxx_lib.a(gpio_11xx_2.o)
 .debug_aranges
                0x00000000000003e8      0x140 /Users/ezgikaya/Documents/MCUXpressoIDE_11.7.0_9198/workspace/lpc_chip_11cxx_lib/Debug/liblpc_chip_11cxx_lib.a(ssp_11xx.o)
 .debug_aranges
                0x0000000000000528       0x38 /Users/ezgikaya/Documents/MCUXpressoIDE_11.7.0_9198/workspace/lpc_chip_11cxx_lib/Debug/liblpc_chip_11cxx_lib.a(sysctl_11xx.o)

.debug_ranges   0x0000000000000000      0x4b0
 .debug_ranges  0x0000000000000000       0x50 ./example/src/cr_startup_lpc11xx.o
 .debug_ranges  0x0000000000000050       0xc0 ./example/src/lcd__api.o
 .debug_ranges  0x0000000000000110       0x30 ./example/src/main.o
 .debug_ranges  0x0000000000000140       0x10 ./example/src/sysinit.o
 .debug_ranges  0x0000000000000150       0x90 /Users/ezgikaya/Documents/MCUXpressoIDE_11.7.0_9198/workspace/nxp_lpcxpresso_11c24_board_lib/Debug/libnxp_lpcxpresso_11c24_board_lib.a(board.o)
 .debug_ranges  0x00000000000001e0       0x50 /Users/ezgikaya/Documents/MCUXpressoIDE_11.7.0_9198/workspace/nxp_lpcxpresso_11c24_board_lib/Debug/libnxp_lpcxpresso_11c24_board_lib.a(board_sysinit.o)
 .debug_ranges  0x0000000000000230       0x10 /Users/ezgikaya/Documents/MCUXpressoIDE_11.7.0_9198/workspace/lpc_chip_11cxx_lib/Debug/liblpc_chip_11cxx_lib.a(chip_11xx.o)
 .debug_ranges  0x0000000000000240       0x78 /Users/ezgikaya/Documents/MCUXpressoIDE_11.7.0_9198/workspace/lpc_chip_11cxx_lib/Debug/liblpc_chip_11cxx_lib.a(clock_11xx.o)
 .debug_ranges  0x00000000000002b8       0xa0 /Users/ezgikaya/Documents/MCUXpressoIDE_11.7.0_9198/workspace/lpc_chip_11cxx_lib/Debug/liblpc_chip_11cxx_lib.a(gpio_11xx_2.o)
 .debug_ranges  0x0000000000000358      0x130 /Users/ezgikaya/Documents/MCUXpressoIDE_11.7.0_9198/workspace/lpc_chip_11cxx_lib/Debug/liblpc_chip_11cxx_lib.a(ssp_11xx.o)
 .debug_ranges  0x0000000000000488       0x28 /Users/ezgikaya/Documents/MCUXpressoIDE_11.7.0_9198/workspace/lpc_chip_11cxx_lib/Debug/liblpc_chip_11cxx_lib.a(sysctl_11xx.o)

.debug_macro    0x0000000000000000     0x464a
 .debug_macro   0x0000000000000000       0x26 ./example/src/cr_startup_lpc11xx.o
 .debug_macro   0x0000000000000026      0xa6c ./example/src/cr_startup_lpc11xx.o
 .debug_macro   0x0000000000000a92       0x10 ./example/src/cr_startup_lpc11xx.o
 .debug_macro   0x0000000000000aa2      0x1ee ./example/src/lcd__api.o
 .debug_macro   0x0000000000000c90      0xa66 ./example/src/lcd__api.o
 .debug_macro   0x00000000000016f6       0x10 ./example/src/lcd__api.o
 .debug_macro   0x0000000000001706      0x12e ./example/src/lcd__api.o
 .debug_macro   0x0000000000001834      0x5b3 ./example/src/lcd__api.o
 .debug_macro   0x0000000000001de7       0x64 ./example/src/lcd__api.o
 .debug_macro   0x0000000000001e4b       0x22 ./example/src/lcd__api.o
 .debug_macro   0x0000000000001e6d       0x7b ./example/src/lcd__api.o
 .debug_macro   0x0000000000001ee8       0x1f ./example/src/lcd__api.o
 .debug_macro   0x0000000000001f07       0x3a ./example/src/lcd__api.o
 .debug_macro   0x0000000000001f41      0x241 ./example/src/lcd__api.o
 .debug_macro   0x0000000000002182      0x117 ./example/src/lcd__api.o
 .debug_macro   0x0000000000002299       0x22 ./example/src/lcd__api.o
 .debug_macro   0x00000000000022bb       0xb2 ./example/src/lcd__api.o
 .debug_macro   0x000000000000236d       0x10 ./example/src/lcd__api.o
 .debug_macro   0x000000000000237d      0x137 ./example/src/lcd__api.o
 .debug_macro   0x00000000000024b4       0x4c ./example/src/lcd__api.o
 .debug_macro   0x0000000000002500       0x16 ./example/src/lcd__api.o
 .debug_macro   0x0000000000002516      0x31a ./example/src/lcd__api.o
 .debug_macro   0x0000000000002830       0x2e ./example/src/lcd__api.o
 .debug_macro   0x000000000000285e       0xb8 ./example/src/lcd__api.o
 .debug_macro   0x0000000000002916       0x11 ./example/src/lcd__api.o
 .debug_macro   0x0000000000002927       0x7c ./example/src/lcd__api.o
 .debug_macro   0x00000000000029a3      0x21c ./example/src/lcd__api.o
 .debug_macro   0x0000000000002bbf      0x113 ./example/src/lcd__api.o
 .debug_macro   0x0000000000002cd2       0x1c ./example/src/lcd__api.o
 .debug_macro   0x0000000000002cee       0x9a ./example/src/lcd__api.o
 .debug_macro   0x0000000000002d88       0x20 ./example/src/lcd__api.o
 .debug_macro   0x0000000000002da8       0x22 ./example/src/lcd__api.o
 .debug_macro   0x0000000000002dca      0x1aa ./example/src/main.o
 .debug_macro   0x0000000000002f74       0xc4 ./example/src/main.o
 .debug_macro   0x0000000000003038       0x82 ./example/src/main.o
 .debug_macro   0x00000000000030ba      0x17d ./example/src/sysinit.o
 .debug_macro   0x0000000000003237      0x18a /Users/ezgikaya/Documents/MCUXpressoIDE_11.7.0_9198/workspace/nxp_lpcxpresso_11c24_board_lib/Debug/libnxp_lpcxpresso_11c24_board_lib.a(board.o)
 .debug_macro   0x00000000000033c1      0xa5a /Users/ezgikaya/Documents/MCUXpressoIDE_11.7.0_9198/workspace/nxp_lpcxpresso_11c24_board_lib/Debug/libnxp_lpcxpresso_11c24_board_lib.a(board.o)
 .debug_macro   0x0000000000003e1b       0x12 /Users/ezgikaya/Documents/MCUXpressoIDE_11.7.0_9198/workspace/nxp_lpcxpresso_11c24_board_lib/Debug/libnxp_lpcxpresso_11c24_board_lib.a(board.o)
 .debug_macro   0x0000000000003e2d      0x18b /Users/ezgikaya/Documents/MCUXpressoIDE_11.7.0_9198/workspace/nxp_lpcxpresso_11c24_board_lib/Debug/libnxp_lpcxpresso_11c24_board_lib.a(board_sysinit.o)
 .debug_macro   0x0000000000003fb8      0x148 /Users/ezgikaya/Documents/MCUXpressoIDE_11.7.0_9198/workspace/lpc_chip_11cxx_lib/Debug/liblpc_chip_11cxx_lib.a(chip_11xx.o)
 .debug_macro   0x0000000000004100      0x148 /Users/ezgikaya/Documents/MCUXpressoIDE_11.7.0_9198/workspace/lpc_chip_11cxx_lib/Debug/liblpc_chip_11cxx_lib.a(clock_11xx.o)
 .debug_macro   0x0000000000004248      0x148 /Users/ezgikaya/Documents/MCUXpressoIDE_11.7.0_9198/workspace/lpc_chip_11cxx_lib/Debug/liblpc_chip_11cxx_lib.a(gpio_11xx_2.o)
 .debug_macro   0x0000000000004390      0x148 /Users/ezgikaya/Documents/MCUXpressoIDE_11.7.0_9198/workspace/lpc_chip_11cxx_lib/Debug/liblpc_chip_11cxx_lib.a(ssp_11xx.o)
 .debug_macro   0x00000000000044d8      0x172 /Users/ezgikaya/Documents/MCUXpressoIDE_11.7.0_9198/workspace/lpc_chip_11cxx_lib/Debug/liblpc_chip_11cxx_lib.a(sysctl_11xx.o)

.debug_line     0x0000000000000000     0x4235
 .debug_line    0x0000000000000000      0x21e ./example/src/cr_startup_lpc11xx.o
 .debug_line    0x000000000000021e      0x8bd ./example/src/lcd__api.o
 .debug_line    0x0000000000000adb      0xaa6 ./example/src/main.o
 .debug_line    0x0000000000001581      0x3e1 ./example/src/sysinit.o
 .debug_line    0x0000000000001962      0x5cf /Users/ezgikaya/Documents/MCUXpressoIDE_11.7.0_9198/workspace/nxp_lpcxpresso_11c24_board_lib/Debug/libnxp_lpcxpresso_11c24_board_lib.a(board.o)
 .debug_line    0x0000000000001f31      0x554 /Users/ezgikaya/Documents/MCUXpressoIDE_11.7.0_9198/workspace/nxp_lpcxpresso_11c24_board_lib/Debug/libnxp_lpcxpresso_11c24_board_lib.a(board_sysinit.o)
 .debug_line    0x0000000000002485      0x358 /Users/ezgikaya/Documents/MCUXpressoIDE_11.7.0_9198/workspace/lpc_chip_11cxx_lib/Debug/liblpc_chip_11cxx_lib.a(chip_11xx.o)
 .debug_line    0x00000000000027dd      0x572 /Users/ezgikaya/Documents/MCUXpressoIDE_11.7.0_9198/workspace/lpc_chip_11cxx_lib/Debug/liblpc_chip_11cxx_lib.a(clock_11xx.o)
 .debug_line    0x0000000000002d4f      0x5c1 /Users/ezgikaya/Documents/MCUXpressoIDE_11.7.0_9198/workspace/lpc_chip_11cxx_lib/Debug/liblpc_chip_11cxx_lib.a(gpio_11xx_2.o)
 .debug_line    0x0000000000003310      0xb4c /Users/ezgikaya/Documents/MCUXpressoIDE_11.7.0_9198/workspace/lpc_chip_11cxx_lib/Debug/liblpc_chip_11cxx_lib.a(ssp_11xx.o)
 .debug_line    0x0000000000003e5c      0x3d9 /Users/ezgikaya/Documents/MCUXpressoIDE_11.7.0_9198/workspace/lpc_chip_11cxx_lib/Debug/liblpc_chip_11cxx_lib.a(sysctl_11xx.o)

.debug_str      0x0000000000000000     0xb702
 .debug_str     0x0000000000000000     0x2df6 ./example/src/cr_startup_lpc11xx.o
                                       0x2e14 (size before relaxing)
 .debug_str     0x0000000000002df6     0x6726 ./example/src/lcd__api.o
                                       0x93ca (size before relaxing)
 .debug_str     0x000000000000951c      0xa6f ./example/src/main.o
                                       0x93db (size before relaxing)
 .debug_str     0x0000000000009f8b       0x19 ./example/src/sysinit.o
                                       0x8856 (size before relaxing)
 .debug_str     0x0000000000009fa4      0x21f /Users/ezgikaya/Documents/MCUXpressoIDE_11.7.0_9198/workspace/nxp_lpcxpresso_11c24_board_lib/Debug/libnxp_lpcxpresso_11c24_board_lib.a(board.o)
                                       0x8ccc (size before relaxing)
 .debug_str     0x000000000000a1c3      0x6cd /Users/ezgikaya/Documents/MCUXpressoIDE_11.7.0_9198/workspace/nxp_lpcxpresso_11c24_board_lib/Debug/libnxp_lpcxpresso_11c24_board_lib.a(board_sysinit.o)
                                       0x9190 (size before relaxing)
 .debug_str     0x000000000000a890       0x90 /Users/ezgikaya/Documents/MCUXpressoIDE_11.7.0_9198/workspace/lpc_chip_11cxx_lib/Debug/liblpc_chip_11cxx_lib.a(chip_11xx.o)
                                       0x8551 (size before relaxing)
 .debug_str     0x000000000000a920      0x447 /Users/ezgikaya/Documents/MCUXpressoIDE_11.7.0_9198/workspace/lpc_chip_11cxx_lib/Debug/liblpc_chip_11cxx_lib.a(clock_11xx.o)
                                       0x8d1f (size before relaxing)
 .debug_str     0x000000000000ad67      0x242 /Users/ezgikaya/Documents/MCUXpressoIDE_11.7.0_9198/workspace/lpc_chip_11cxx_lib/Debug/liblpc_chip_11cxx_lib.a(gpio_11xx_2.o)
                                       0x8bf3 (size before relaxing)
 .debug_str     0x000000000000afa9      0x5ba /Users/ezgikaya/Documents/MCUXpressoIDE_11.7.0_9198/workspace/lpc_chip_11cxx_lib/Debug/liblpc_chip_11cxx_lib.a(ssp_11xx.o)
                                       0x91ad (size before relaxing)
 .debug_str     0x000000000000b563      0x19f /Users/ezgikaya/Documents/MCUXpressoIDE_11.7.0_9198/workspace/lpc_chip_11cxx_lib/Debug/liblpc_chip_11cxx_lib.a(sysctl_11xx.o)
                                       0x895f (size before relaxing)

.comment        0x0000000000000000       0x49
 .comment       0x0000000000000000       0x49 ./example/src/cr_startup_lpc11xx.o
                                         0x4a (size before relaxing)
 .comment       0x0000000000000049       0x4a ./example/src/lcd__api.o
 .comment       0x0000000000000049       0x4a ./example/src/main.o
 .comment       0x0000000000000049       0x4a ./example/src/sysinit.o
 .comment       0x0000000000000049       0x4a /Users/ezgikaya/Documents/MCUXpressoIDE_11.7.0_9198/workspace/nxp_lpcxpresso_11c24_board_lib/Debug/libnxp_lpcxpresso_11c24_board_lib.a(board.o)
 .comment       0x0000000000000049       0x4a /Users/ezgikaya/Documents/MCUXpressoIDE_11.7.0_9198/workspace/nxp_lpcxpresso_11c24_board_lib/Debug/libnxp_lpcxpresso_11c24_board_lib.a(board_sysinit.o)
 .comment       0x0000000000000049       0x4a /Users/ezgikaya/Documents/MCUXpressoIDE_11.7.0_9198/workspace/lpc_chip_11cxx_lib/Debug/liblpc_chip_11cxx_lib.a(chip_11xx.o)
 .comment       0x0000000000000049       0x4a /Users/ezgikaya/Documents/MCUXpressoIDE_11.7.0_9198/workspace/lpc_chip_11cxx_lib/Debug/liblpc_chip_11cxx_lib.a(clock_11xx.o)
 .comment       0x0000000000000049       0x4a /Users/ezgikaya/Documents/MCUXpressoIDE_11.7.0_9198/workspace/lpc_chip_11cxx_lib/Debug/liblpc_chip_11cxx_lib.a(gpio_11xx_2.o)
 .comment       0x0000000000000049       0x4a /Users/ezgikaya/Documents/MCUXpressoIDE_11.7.0_9198/workspace/lpc_chip_11cxx_lib/Debug/liblpc_chip_11cxx_lib.a(ssp_11xx.o)
 .comment       0x0000000000000049       0x4a /Users/ezgikaya/Documents/MCUXpressoIDE_11.7.0_9198/workspace/lpc_chip_11cxx_lib/Debug/liblpc_chip_11cxx_lib.a(sysctl_11xx.o)
 .comment       0x0000000000000049       0x4a /Applications/MCUXpressoIDE_11.7.0_9198/ide/plugins/com.nxp.mcuxpresso.tools.macosx_11.7.0.202209140929/tools/bin/../lib/gcc/arm-none-eabi/10.3.1/../../../../arm-none-eabi/lib/thumb/v6-m/nofp/libcr_semihost.a(_cr__main.o)
 .comment       0x0000000000000049       0x4a /Applications/MCUXpressoIDE_11.7.0_9198/ide/plugins/com.nxp.mcuxpresso.tools.macosx_11.7.0.202209140929/tools/bin/../lib/gcc/arm-none-eabi/10.3.1/../../../../arm-none-eabi/lib/thumb/v6-m/nofp/libcr_c.a(memset.o)
 .comment       0x0000000000000049       0x4a /Applications/MCUXpressoIDE_11.7.0_9198/ide/plugins/com.nxp.mcuxpresso.tools.macosx_11.7.0.202209140929/tools/bin/../lib/gcc/arm-none-eabi/10.3.1/../../../../arm-none-eabi/lib/thumb/v6-m/nofp/libcr_c.a(alloc.o)
 .comment       0x0000000000000049       0x4a /Applications/MCUXpressoIDE_11.7.0_9198/ide/plugins/com.nxp.mcuxpresso.tools.macosx_11.7.0.202209140929/tools/bin/../lib/gcc/arm-none-eabi/10.3.1/../../../../arm-none-eabi/lib/thumb/v6-m/nofp/libcr_c.a(cos.o)
 .comment       0x0000000000000049       0x4a /Applications/MCUXpressoIDE_11.7.0_9198/ide/plugins/com.nxp.mcuxpresso.tools.macosx_11.7.0.202209140929/tools/bin/../lib/gcc/arm-none-eabi/10.3.1/../../../../arm-none-eabi/lib/thumb/v6-m/nofp/libcr_c.a(fpprintf.o)
 .comment       0x0000000000000049       0x4a /Applications/MCUXpressoIDE_11.7.0_9198/ide/plugins/com.nxp.mcuxpresso.tools.macosx_11.7.0.202209140929/tools/bin/../lib/gcc/arm-none-eabi/10.3.1/../../../../arm-none-eabi/lib/thumb/v6-m/nofp/libcr_c.a(initio.o)
 .comment       0x0000000000000049       0x4a /Applications/MCUXpressoIDE_11.7.0_9198/ide/plugins/com.nxp.mcuxpresso.tools.macosx_11.7.0.202209140929/tools/bin/../lib/gcc/arm-none-eabi/10.3.1/../../../../arm-none-eabi/lib/thumb/v6-m/nofp/libcr_c.a(pow.o)
 .comment       0x0000000000000049       0x4a /Applications/MCUXpressoIDE_11.7.0_9198/ide/plugins/com.nxp.mcuxpresso.tools.macosx_11.7.0.202209140929/tools/bin/../lib/gcc/arm-none-eabi/10.3.1/../../../../arm-none-eabi/lib/thumb/v6-m/nofp/libcr_c.a(printf.o)
 .comment       0x0000000000000049       0x4a /Applications/MCUXpressoIDE_11.7.0_9198/ide/plugins/com.nxp.mcuxpresso.tools.macosx_11.7.0.202209140929/tools/bin/../lib/gcc/arm-none-eabi/10.3.1/../../../../arm-none-eabi/lib/thumb/v6-m/nofp/libcr_c.a(scanf.o)
 .comment       0x0000000000000049       0x4a /Applications/MCUXpressoIDE_11.7.0_9198/ide/plugins/com.nxp.mcuxpresso.tools.macosx_11.7.0.202209140929/tools/bin/../lib/gcc/arm-none-eabi/10.3.1/../../../../arm-none-eabi/lib/thumb/v6-m/nofp/libcr_c.a(setvbuf.o)
 .comment       0x0000000000000049       0x4a /Applications/MCUXpressoIDE_11.7.0_9198/ide/plugins/com.nxp.mcuxpresso.tools.macosx_11.7.0.202209140929/tools/bin/../lib/gcc/arm-none-eabi/10.3.1/../../../../arm-none-eabi/lib/thumb/v6-m/nofp/libcr_c.a(sin.o)
 .comment       0x0000000000000049       0x4a /Applications/MCUXpressoIDE_11.7.0_9198/ide/plugins/com.nxp.mcuxpresso.tools.macosx_11.7.0.202209140929/tools/bin/../lib/gcc/arm-none-eabi/10.3.1/../../../../arm-none-eabi/lib/thumb/v6-m/nofp/libcr_c.a(stdlib.o)
 .comment       0x0000000000000049       0x4a /Applications/MCUXpressoIDE_11.7.0_9198/ide/plugins/com.nxp.mcuxpresso.tools.macosx_11.7.0.202209140929/tools/bin/../lib/gcc/arm-none-eabi/10.3.1/../../../../arm-none-eabi/lib/thumb/v6-m/nofp/libcr_c.a(strlen.o)
 .comment       0x0000000000000049       0x4a /Applications/MCUXpressoIDE_11.7.0_9198/ide/plugins/com.nxp.mcuxpresso.tools.macosx_11.7.0.202209140929/tools/bin/../lib/gcc/arm-none-eabi/10.3.1/../../../../arm-none-eabi/lib/thumb/v6-m/nofp/libcr_c.a(ungetc.o)
 .comment       0x0000000000000049       0x4a /Applications/MCUXpressoIDE_11.7.0_9198/ide/plugins/com.nxp.mcuxpresso.tools.macosx_11.7.0.202209140929/tools/bin/../lib/gcc/arm-none-eabi/10.3.1/../../../../arm-none-eabi/lib/thumb/v6-m/nofp/libcr_c.a(__fillbuf.o)
 .comment       0x0000000000000049       0x4a /Applications/MCUXpressoIDE_11.7.0_9198/ide/plugins/com.nxp.mcuxpresso.tools.macosx_11.7.0.202209140929/tools/bin/../lib/gcc/arm-none-eabi/10.3.1/../../../../arm-none-eabi/lib/thumb/v6-m/nofp/libcr_c.a(__init_alloc.o)
 .comment       0x0000000000000049       0x4a /Applications/MCUXpressoIDE_11.7.0_9198/ide/plugins/com.nxp.mcuxpresso.tools.macosx_11.7.0.202209140929/tools/bin/../lib/gcc/arm-none-eabi/10.3.1/../../../../arm-none-eabi/lib/thumb/v6-m/nofp/libcr_c.a(_cr_sbrk.o)
 .comment       0x0000000000000049       0x4a /Applications/MCUXpressoIDE_11.7.0_9198/ide/plugins/com.nxp.mcuxpresso.tools.macosx_11.7.0.202209140929/tools/bin/../lib/gcc/arm-none-eabi/10.3.1/../../../../arm-none-eabi/lib/thumb/v6-m/nofp/libcr_c.a(_deferredlazyseek.o)
 .comment       0x0000000000000049       0x4a /Applications/MCUXpressoIDE_11.7.0_9198/ide/plugins/com.nxp.mcuxpresso.tools.macosx_11.7.0.202209140929/tools/bin/../lib/gcc/arm-none-eabi/10.3.1/../../../../arm-none-eabi/lib/thumb/v6-m/nofp/libcr_c.a(_fdopen.o)
 .comment       0x0000000000000049       0x4a /Applications/MCUXpressoIDE_11.7.0_9198/ide/plugins/com.nxp.mcuxpresso.tools.macosx_11.7.0.202209140929/tools/bin/../lib/gcc/arm-none-eabi/10.3.1/../../../../arm-none-eabi/lib/thumb/v6-m/nofp/libcr_c.a(_fflush.o)
 .comment       0x0000000000000049       0x4a /Applications/MCUXpressoIDE_11.7.0_9198/ide/plugins/com.nxp.mcuxpresso.tools.macosx_11.7.0.202209140929/tools/bin/../lib/gcc/arm-none-eabi/10.3.1/../../../../arm-none-eabi/lib/thumb/v6-m/nofp/libcr_c.a(_frexpl.o)
 .comment       0x0000000000000049       0x4a /Applications/MCUXpressoIDE_11.7.0_9198/ide/plugins/com.nxp.mcuxpresso.tools.macosx_11.7.0.202209140929/tools/bin/../lib/gcc/arm-none-eabi/10.3.1/../../../../arm-none-eabi/lib/thumb/v6-m/nofp/libcr_c.a(_ldexpl.o)
 .comment       0x0000000000000049       0x4a /Applications/MCUXpressoIDE_11.7.0_9198/ide/plugins/com.nxp.mcuxpresso.tools.macosx_11.7.0.202209140929/tools/bin/../lib/gcc/arm-none-eabi/10.3.1/../../../../arm-none-eabi/lib/thumb/v6-m/nofp/libcr_c.a(_sincos.o)
 .comment       0x0000000000000049       0x4a /Applications/MCUXpressoIDE_11.7.0_9198/ide/plugins/com.nxp.mcuxpresso.tools.macosx_11.7.0.202209140929/tools/bin/../lib/gcc/arm-none-eabi/10.3.1/../../../../arm-none-eabi/lib/thumb/v6-m/nofp/libcr_c.a(_writebuf.o)
 .comment       0x0000000000000049       0x4a /Applications/MCUXpressoIDE_11.7.0_9198/ide/plugins/com.nxp.mcuxpresso.tools.macosx_11.7.0.202209140929/tools/bin/../lib/gcc/arm-none-eabi/10.3.1/../../../../arm-none-eabi/lib/thumb/v6-m/nofp/libcr_c.a(ctype.o)
 .comment       0x0000000000000049       0x4a /Applications/MCUXpressoIDE_11.7.0_9198/ide/plugins/com.nxp.mcuxpresso.tools.macosx_11.7.0.202209140929/tools/bin/../lib/gcc/arm-none-eabi/10.3.1/../../../../arm-none-eabi/lib/thumb/v6-m/nofp/libcr_c.a(errno.o)
 .comment       0x0000000000000049       0x4a /Applications/MCUXpressoIDE_11.7.0_9198/ide/plugins/com.nxp.mcuxpresso.tools.macosx_11.7.0.202209140929/tools/bin/../lib/gcc/arm-none-eabi/10.3.1/../../../../arm-none-eabi/lib/thumb/v6-m/nofp/libcr_c.a(fabs.o)
 .comment       0x0000000000000049       0x4a /Applications/MCUXpressoIDE_11.7.0_9198/ide/plugins/com.nxp.mcuxpresso.tools.macosx_11.7.0.202209140929/tools/bin/../lib/gcc/arm-none-eabi/10.3.1/../../../../arm-none-eabi/lib/thumb/v6-m/nofp/libcr_c.a(fclose.o)
 .comment       0x0000000000000049       0x4a /Applications/MCUXpressoIDE_11.7.0_9198/ide/plugins/com.nxp.mcuxpresso.tools.macosx_11.7.0.202209140929/tools/bin/../lib/gcc/arm-none-eabi/10.3.1/../../../../arm-none-eabi/lib/thumb/v6-m/nofp/libcr_c.a(fflush.o)
 .comment       0x0000000000000049       0x4a /Applications/MCUXpressoIDE_11.7.0_9198/ide/plugins/com.nxp.mcuxpresso.tools.macosx_11.7.0.202209140929/tools/bin/../lib/gcc/arm-none-eabi/10.3.1/../../../../arm-none-eabi/lib/thumb/v6-m/nofp/libcr_c.a(frexp.o)
 .comment       0x0000000000000049       0x4a /Applications/MCUXpressoIDE_11.7.0_9198/ide/plugins/com.nxp.mcuxpresso.tools.macosx_11.7.0.202209140929/tools/bin/../lib/gcc/arm-none-eabi/10.3.1/../../../../arm-none-eabi/lib/thumb/v6-m/nofp/libcr_c.a(fseek.o)
 .comment       0x0000000000000049       0x4a /Applications/MCUXpressoIDE_11.7.0_9198/ide/plugins/com.nxp.mcuxpresso.tools.macosx_11.7.0.202209140929/tools/bin/../lib/gcc/arm-none-eabi/10.3.1/../../../../arm-none-eabi/lib/thumb/v6-m/nofp/libcr_c.a(ftell.o)
 .comment       0x0000000000000049       0x4a /Applications/MCUXpressoIDE_11.7.0_9198/ide/plugins/com.nxp.mcuxpresso.tools.macosx_11.7.0.202209140929/tools/bin/../lib/gcc/arm-none-eabi/10.3.1/../../../../arm-none-eabi/lib/thumb/v6-m/nofp/libcr_c.a(ldexp.o)
 .comment       0x0000000000000049       0x4a /Applications/MCUXpressoIDE_11.7.0_9198/ide/plugins/com.nxp.mcuxpresso.tools.macosx_11.7.0.202209140929/tools/bin/../lib/gcc/arm-none-eabi/10.3.1/../../../../arm-none-eabi/lib/thumb/v6-m/nofp/libcr_c.a(remove.o)
 .comment       0x0000000000000049       0x4a /Applications/MCUXpressoIDE_11.7.0_9198/ide/plugins/com.nxp.mcuxpresso.tools.macosx_11.7.0.202209140929/tools/bin/../lib/gcc/arm-none-eabi/10.3.1/../../../../arm-none-eabi/lib/thumb/v6-m/nofp/libcr_c.a(_cr_check_heap.o)
 .comment       0x0000000000000049       0x4a /Applications/MCUXpressoIDE_11.7.0_9198/ide/plugins/com.nxp.mcuxpresso.tools.macosx_11.7.0.202209140929/tools/bin/../lib/gcc/arm-none-eabi/10.3.1/../../../../arm-none-eabi/lib/thumb/v6-m/nofp/libcr_c.a(_do_fflush.o)
 .comment       0x0000000000000049       0x4a /Applications/MCUXpressoIDE_11.7.0_9198/ide/plugins/com.nxp.mcuxpresso.tools.macosx_11.7.0.202209140929/tools/bin/../lib/gcc/arm-none-eabi/10.3.1/thumb/v6-m/nofp/libcr_eabihelpers.a(double.o)
 .comment       0x0000000000000049       0x4a /Applications/MCUXpressoIDE_11.7.0_9198/ide/plugins/com.nxp.mcuxpresso.tools.macosx_11.7.0.202209140929/tools/bin/../lib/gcc/arm-none-eabi/10.3.1/../../../../arm-none-eabi/lib/thumb/v6-m/nofp/libcr_semihost.a(__ciob.o)

.ARM.attributes
                0x0000000000000000       0x2a
 .ARM.attributes
                0x0000000000000000       0x2c ./example/src/cr_startup_lpc11xx.o
 .ARM.attributes
                0x000000000000002c       0x2c ./example/src/lcd__api.o
 .ARM.attributes
                0x0000000000000058       0x2c ./example/src/main.o
 .ARM.attributes
                0x0000000000000084       0x2c ./example/src/sysinit.o
 .ARM.attributes
                0x00000000000000b0       0x2c /Users/ezgikaya/Documents/MCUXpressoIDE_11.7.0_9198/workspace/nxp_lpcxpresso_11c24_board_lib/Debug/libnxp_lpcxpresso_11c24_board_lib.a(board.o)
 .ARM.attributes
                0x00000000000000dc       0x2c /Users/ezgikaya/Documents/MCUXpressoIDE_11.7.0_9198/workspace/nxp_lpcxpresso_11c24_board_lib/Debug/libnxp_lpcxpresso_11c24_board_lib.a(board_sysinit.o)
 .ARM.attributes
                0x0000000000000108       0x2c /Users/ezgikaya/Documents/MCUXpressoIDE_11.7.0_9198/workspace/lpc_chip_11cxx_lib/Debug/liblpc_chip_11cxx_lib.a(chip_11xx.o)
 .ARM.attributes
                0x0000000000000134       0x2c /Users/ezgikaya/Documents/MCUXpressoIDE_11.7.0_9198/workspace/lpc_chip_11cxx_lib/Debug/liblpc_chip_11cxx_lib.a(clock_11xx.o)
 .ARM.attributes
                0x0000000000000160       0x2c /Users/ezgikaya/Documents/MCUXpressoIDE_11.7.0_9198/workspace/lpc_chip_11cxx_lib/Debug/liblpc_chip_11cxx_lib.a(gpio_11xx_2.o)
 .ARM.attributes
                0x000000000000018c       0x2c /Users/ezgikaya/Documents/MCUXpressoIDE_11.7.0_9198/workspace/lpc_chip_11cxx_lib/Debug/liblpc_chip_11cxx_lib.a(ssp_11xx.o)
 .ARM.attributes
                0x00000000000001b8       0x2c /Users/ezgikaya/Documents/MCUXpressoIDE_11.7.0_9198/workspace/lpc_chip_11cxx_lib/Debug/liblpc_chip_11cxx_lib.a(sysctl_11xx.o)
 .ARM.attributes
                0x00000000000001e4       0x2c /Applications/MCUXpressoIDE_11.7.0_9198/ide/plugins/com.nxp.mcuxpresso.tools.macosx_11.7.0.202209140929/tools/bin/../lib/gcc/arm-none-eabi/10.3.1/../../../../arm-none-eabi/lib/thumb/v6-m/nofp/libcr_semihost.a(_cr__main.o)
 .ARM.attributes
                0x0000000000000210       0x2c /Applications/MCUXpressoIDE_11.7.0_9198/ide/plugins/com.nxp.mcuxpresso.tools.macosx_11.7.0.202209140929/tools/bin/../lib/gcc/arm-none-eabi/10.3.1/../../../../arm-none-eabi/lib/thumb/v6-m/nofp/libcr_c.a(memset.o)
 .ARM.attributes
                0x000000000000023c       0x2c /Applications/MCUXpressoIDE_11.7.0_9198/ide/plugins/com.nxp.mcuxpresso.tools.macosx_11.7.0.202209140929/tools/bin/../lib/gcc/arm-none-eabi/10.3.1/../../../../arm-none-eabi/lib/thumb/v6-m/nofp/libcr_c.a(alloc.o)
 .ARM.attributes
                0x0000000000000268       0x2c /Applications/MCUXpressoIDE_11.7.0_9198/ide/plugins/com.nxp.mcuxpresso.tools.macosx_11.7.0.202209140929/tools/bin/../lib/gcc/arm-none-eabi/10.3.1/../../../../arm-none-eabi/lib/thumb/v6-m/nofp/libcr_c.a(cos.o)
 .ARM.attributes
                0x0000000000000294       0x2c /Applications/MCUXpressoIDE_11.7.0_9198/ide/plugins/com.nxp.mcuxpresso.tools.macosx_11.7.0.202209140929/tools/bin/../lib/gcc/arm-none-eabi/10.3.1/../../../../arm-none-eabi/lib/thumb/v6-m/nofp/libcr_c.a(fpprintf.o)
 .ARM.attributes
                0x00000000000002c0       0x2c /Applications/MCUXpressoIDE_11.7.0_9198/ide/plugins/com.nxp.mcuxpresso.tools.macosx_11.7.0.202209140929/tools/bin/../lib/gcc/arm-none-eabi/10.3.1/../../../../arm-none-eabi/lib/thumb/v6-m/nofp/libcr_c.a(initio.o)
 .ARM.attributes
                0x00000000000002ec       0x2c /Applications/MCUXpressoIDE_11.7.0_9198/ide/plugins/com.nxp.mcuxpresso.tools.macosx_11.7.0.202209140929/tools/bin/../lib/gcc/arm-none-eabi/10.3.1/../../../../arm-none-eabi/lib/thumb/v6-m/nofp/libcr_c.a(pow.o)
 .ARM.attributes
                0x0000000000000318       0x2c /Applications/MCUXpressoIDE_11.7.0_9198/ide/plugins/com.nxp.mcuxpresso.tools.macosx_11.7.0.202209140929/tools/bin/../lib/gcc/arm-none-eabi/10.3.1/../../../../arm-none-eabi/lib/thumb/v6-m/nofp/libcr_c.a(printf.o)
 .ARM.attributes
                0x0000000000000344       0x2c /Applications/MCUXpressoIDE_11.7.0_9198/ide/plugins/com.nxp.mcuxpresso.tools.macosx_11.7.0.202209140929/tools/bin/../lib/gcc/arm-none-eabi/10.3.1/../../../../arm-none-eabi/lib/thumb/v6-m/nofp/libcr_c.a(scanf.o)
 .ARM.attributes
                0x0000000000000370       0x2c /Applications/MCUXpressoIDE_11.7.0_9198/ide/plugins/com.nxp.mcuxpresso.tools.macosx_11.7.0.202209140929/tools/bin/../lib/gcc/arm-none-eabi/10.3.1/../../../../arm-none-eabi/lib/thumb/v6-m/nofp/libcr_c.a(setvbuf.o)
 .ARM.attributes
                0x000000000000039c       0x2c /Applications/MCUXpressoIDE_11.7.0_9198/ide/plugins/com.nxp.mcuxpresso.tools.macosx_11.7.0.202209140929/tools/bin/../lib/gcc/arm-none-eabi/10.3.1/../../../../arm-none-eabi/lib/thumb/v6-m/nofp/libcr_c.a(sin.o)
 .ARM.attributes
                0x00000000000003c8       0x2c /Applications/MCUXpressoIDE_11.7.0_9198/ide/plugins/com.nxp.mcuxpresso.tools.macosx_11.7.0.202209140929/tools/bin/../lib/gcc/arm-none-eabi/10.3.1/../../../../arm-none-eabi/lib/thumb/v6-m/nofp/libcr_c.a(stdlib.o)
 .ARM.attributes
                0x00000000000003f4       0x2c /Applications/MCUXpressoIDE_11.7.0_9198/ide/plugins/com.nxp.mcuxpresso.tools.macosx_11.7.0.202209140929/tools/bin/../lib/gcc/arm-none-eabi/10.3.1/../../../../arm-none-eabi/lib/thumb/v6-m/nofp/libcr_c.a(strlen.o)
 .ARM.attributes
                0x0000000000000420       0x2c /Applications/MCUXpressoIDE_11.7.0_9198/ide/plugins/com.nxp.mcuxpresso.tools.macosx_11.7.0.202209140929/tools/bin/../lib/gcc/arm-none-eabi/10.3.1/../../../../arm-none-eabi/lib/thumb/v6-m/nofp/libcr_c.a(ungetc.o)
 .ARM.attributes
                0x000000000000044c       0x2c /Applications/MCUXpressoIDE_11.7.0_9198/ide/plugins/com.nxp.mcuxpresso.tools.macosx_11.7.0.202209140929/tools/bin/../lib/gcc/arm-none-eabi/10.3.1/../../../../arm-none-eabi/lib/thumb/v6-m/nofp/libcr_c.a(__fillbuf.o)
 .ARM.attributes
                0x0000000000000478       0x2c /Applications/MCUXpressoIDE_11.7.0_9198/ide/plugins/com.nxp.mcuxpresso.tools.macosx_11.7.0.202209140929/tools/bin/../lib/gcc/arm-none-eabi/10.3.1/../../../../arm-none-eabi/lib/thumb/v6-m/nofp/libcr_c.a(__init_alloc.o)
 .ARM.attributes
                0x00000000000004a4       0x2c /Applications/MCUXpressoIDE_11.7.0_9198/ide/plugins/com.nxp.mcuxpresso.tools.macosx_11.7.0.202209140929/tools/bin/../lib/gcc/arm-none-eabi/10.3.1/../../../../arm-none-eabi/lib/thumb/v6-m/nofp/libcr_c.a(_cr_sbrk.o)
 .ARM.attributes
                0x00000000000004d0       0x2c /Applications/MCUXpressoIDE_11.7.0_9198/ide/plugins/com.nxp.mcuxpresso.tools.macosx_11.7.0.202209140929/tools/bin/../lib/gcc/arm-none-eabi/10.3.1/../../../../arm-none-eabi/lib/thumb/v6-m/nofp/libcr_c.a(_deferredlazyseek.o)
 .ARM.attributes
                0x00000000000004fc       0x2c /Applications/MCUXpressoIDE_11.7.0_9198/ide/plugins/com.nxp.mcuxpresso.tools.macosx_11.7.0.202209140929/tools/bin/../lib/gcc/arm-none-eabi/10.3.1/../../../../arm-none-eabi/lib/thumb/v6-m/nofp/libcr_c.a(_fdopen.o)
 .ARM.attributes
                0x0000000000000528       0x2c /Applications/MCUXpressoIDE_11.7.0_9198/ide/plugins/com.nxp.mcuxpresso.tools.macosx_11.7.0.202209140929/tools/bin/../lib/gcc/arm-none-eabi/10.3.1/../../../../arm-none-eabi/lib/thumb/v6-m/nofp/libcr_c.a(_fflush.o)
 .ARM.attributes
                0x0000000000000554       0x2c /Applications/MCUXpressoIDE_11.7.0_9198/ide/plugins/com.nxp.mcuxpresso.tools.macosx_11.7.0.202209140929/tools/bin/../lib/gcc/arm-none-eabi/10.3.1/../../../../arm-none-eabi/lib/thumb/v6-m/nofp/libcr_c.a(_frexpl.o)
 .ARM.attributes
                0x0000000000000580       0x2c /Applications/MCUXpressoIDE_11.7.0_9198/ide/plugins/com.nxp.mcuxpresso.tools.macosx_11.7.0.202209140929/tools/bin/../lib/gcc/arm-none-eabi/10.3.1/../../../../arm-none-eabi/lib/thumb/v6-m/nofp/libcr_c.a(_ldexpl.o)
 .ARM.attributes
                0x00000000000005ac       0x2c /Applications/MCUXpressoIDE_11.7.0_9198/ide/plugins/com.nxp.mcuxpresso.tools.macosx_11.7.0.202209140929/tools/bin/../lib/gcc/arm-none-eabi/10.3.1/../../../../arm-none-eabi/lib/thumb/v6-m/nofp/libcr_c.a(_sincos.o)
 .ARM.attributes
                0x00000000000005d8       0x2c /Applications/MCUXpressoIDE_11.7.0_9198/ide/plugins/com.nxp.mcuxpresso.tools.macosx_11.7.0.202209140929/tools/bin/../lib/gcc/arm-none-eabi/10.3.1/../../../../arm-none-eabi/lib/thumb/v6-m/nofp/libcr_c.a(_writebuf.o)
 .ARM.attributes
                0x0000000000000604       0x2c /Applications/MCUXpressoIDE_11.7.0_9198/ide/plugins/com.nxp.mcuxpresso.tools.macosx_11.7.0.202209140929/tools/bin/../lib/gcc/arm-none-eabi/10.3.1/../../../../arm-none-eabi/lib/thumb/v6-m/nofp/libcr_c.a(ctype.o)
 .ARM.attributes
                0x0000000000000630       0x2c /Applications/MCUXpressoIDE_11.7.0_9198/ide/plugins/com.nxp.mcuxpresso.tools.macosx_11.7.0.202209140929/tools/bin/../lib/gcc/arm-none-eabi/10.3.1/../../../../arm-none-eabi/lib/thumb/v6-m/nofp/libcr_c.a(errno.o)
 .ARM.attributes
                0x000000000000065c       0x2c /Applications/MCUXpressoIDE_11.7.0_9198/ide/plugins/com.nxp.mcuxpresso.tools.macosx_11.7.0.202209140929/tools/bin/../lib/gcc/arm-none-eabi/10.3.1/../../../../arm-none-eabi/lib/thumb/v6-m/nofp/libcr_c.a(fabs.o)
 .ARM.attributes
                0x0000000000000688       0x2c /Applications/MCUXpressoIDE_11.7.0_9198/ide/plugins/com.nxp.mcuxpresso.tools.macosx_11.7.0.202209140929/tools/bin/../lib/gcc/arm-none-eabi/10.3.1/../../../../arm-none-eabi/lib/thumb/v6-m/nofp/libcr_c.a(fclose.o)
 .ARM.attributes
                0x00000000000006b4       0x2c /Applications/MCUXpressoIDE_11.7.0_9198/ide/plugins/com.nxp.mcuxpresso.tools.macosx_11.7.0.202209140929/tools/bin/../lib/gcc/arm-none-eabi/10.3.1/../../../../arm-none-eabi/lib/thumb/v6-m/nofp/libcr_c.a(fflush.o)
 .ARM.attributes
                0x00000000000006e0       0x2c /Applications/MCUXpressoIDE_11.7.0_9198/ide/plugins/com.nxp.mcuxpresso.tools.macosx_11.7.0.202209140929/tools/bin/../lib/gcc/arm-none-eabi/10.3.1/../../../../arm-none-eabi/lib/thumb/v6-m/nofp/libcr_c.a(frexp.o)
 .ARM.attributes
                0x000000000000070c       0x2c /Applications/MCUXpressoIDE_11.7.0_9198/ide/plugins/com.nxp.mcuxpresso.tools.macosx_11.7.0.202209140929/tools/bin/../lib/gcc/arm-none-eabi/10.3.1/../../../../arm-none-eabi/lib/thumb/v6-m/nofp/libcr_c.a(fseek.o)
 .ARM.attributes