Archive member included to satisfy reference by file (symbol)

/home/brucejiang/Documents/MCUXpresso_11.6.0_8187/workspace/nxp_lpcxpresso_11c24_board_lib/Debug/libnxp_lpcxpresso_11c24_board_lib.a(board.o)
                              ./example/src/lcd__api.o (Board_Init)
/home/brucejiang/Documents/MCUXpresso_11.6.0_8187/workspace/nxp_lpcxpresso_11c24_board_lib/Debug/libnxp_lpcxpresso_11c24_board_lib.a(board_sysinit.o)
                              ./example/src/sysinit.o (Board_SystemInit)
/home/brucejiang/Documents/MCUXpresso_11.6.0_8187/workspace/lpc_chip_11cxx_lib/Debug/liblpc_chip_11cxx_lib.a(chip_11xx.o)
                              ./example/src/lcd__api.o (SystemCoreClockUpdate)
/home/brucejiang/Documents/MCUXpresso_11.6.0_8187/workspace/lpc_chip_11cxx_lib/Debug/liblpc_chip_11cxx_lib.a(clock_11xx.o)
                              /home/brucejiang/Documents/MCUXpresso_11.6.0_8187/workspace/nxp_lpcxpresso_11c24_board_lib/Debug/libnxp_lpcxpresso_11c24_board_lib.a(board_sysinit.o) (Chip_Clock_SetSystemPLLSource)
/home/brucejiang/Documents/MCUXpresso_11.6.0_8187/workspace/lpc_chip_11cxx_lib/Debug/liblpc_chip_11cxx_lib.a(gpio_11xx_2.o)
                              /home/brucejiang/Documents/MCUXpresso_11.6.0_8187/workspace/nxp_lpcxpresso_11c24_board_lib/Debug/libnxp_lpcxpresso_11c24_board_lib.a(board.o) (Chip_GPIO_Init)
/home/brucejiang/Documents/MCUXpresso_11.6.0_8187/workspace/lpc_chip_11cxx_lib/Debug/liblpc_chip_11cxx_lib.a(ssp_11xx.o)
                              ./example/src/lcd__api.o (Chip_SSP_RWFrames_Blocking)
/home/brucejiang/Documents/MCUXpresso_11.6.0_8187/workspace/lpc_chip_11cxx_lib/Debug/liblpc_chip_11cxx_lib.a(sysctl_11xx.o)
                              /home/brucejiang/Documents/MCUXpresso_11.6.0_8187/workspace/nxp_lpcxpresso_11c24_board_lib/Debug/libnxp_lpcxpresso_11c24_board_lib.a(board_sysinit.o) (Chip_SYSCTL_PowerDown)
/home/brucejiang/Documents/MCUXpresso_11.6.0_8187/workspace/lpc_chip_11cxx_lib/Debug/liblpc_chip_11cxx_lib.a(uart_11xx.o)
                              /home/brucejiang/Documents/MCUXpresso_11.6.0_8187/workspace/nxp_lpcxpresso_11c24_board_lib/Debug/libnxp_lpcxpresso_11c24_board_lib.a(board.o) (Chip_UART_Init)
/home/brucejiang/Documents/MCUXpresso_11.6.0_8187/workspace/lpc_chip_11cxx_lib/Debug/liblpc_chip_11cxx_lib.a(ring_buffer.o)
                              /home/brucejiang/Documents/MCUXpresso_11.6.0_8187/workspace/lpc_chip_11cxx_lib/Debug/liblpc_chip_11cxx_lib.a(uart_11xx.o) (RingBuffer_Insert)
/usr/local/mcuxpressoide-11.6.0_8187/ide/plugins/com.nxp.mcuxpresso.tools.linux_11.6.0.202112161359/tools/bin/../lib/gcc/arm-none-eabi/10.3.1/../../../../arm-none-eabi/lib/thumb/v6-m/nofp/libcr_nohost.a(_cr__main.o)
                              ./example/src/cr_startup_lpc11xx.o (__main)
/usr/local/mcuxpressoide-11.6.0_8187/ide/plugins/com.nxp.mcuxpresso.tools.linux_11.6.0.202112161359/tools/bin/../lib/gcc/arm-none-eabi/10.3.1/../../../../arm-none-eabi/lib/thumb/v6-m/nofp/libcr_c.a(memcpy.o)
                              /home/brucejiang/Documents/MCUXpresso_11.6.0_8187/workspace/lpc_chip_11cxx_lib/Debug/liblpc_chip_11cxx_lib.a(ring_buffer.o) (memcpy)
/usr/local/mcuxpressoide-11.6.0_8187/ide/plugins/com.nxp.mcuxpresso.tools.linux_11.6.0.202112161359/tools/bin/../lib/gcc/arm-none-eabi/10.3.1/../../../../arm-none-eabi/lib/thumb/v6-m/nofp/libcr_c.a(initio.o)
                              /usr/local/mcuxpressoide-11.6.0_8187/ide/plugins/com.nxp.mcuxpresso.tools.linux_11.6.0.202112161359/tools/bin/../lib/gcc/arm-none-eabi/10.3.1/../../../../arm-none-eabi/lib/thumb/v6-m/nofp/libcr_nohost.a(_cr__main.o) (_initio)
/usr/local/mcuxpressoide-11.6.0_8187/ide/plugins/com.nxp.mcuxpresso.tools.linux_11.6.0.202112161359/tools/bin/../lib/gcc/arm-none-eabi/10.3.1/../../../../arm-none-eabi/lib/thumb/v6-m/nofp/libcr_c.a(setvbuf.o)
                              /usr/local/mcuxpressoide-11.6.0_8187/ide/plugins/com.nxp.mcuxpresso.tools.linux_11.6.0.202112161359/tools/bin/../lib/gcc/arm-none-eabi/10.3.1/../../../../arm-none-eabi/lib/thumb/v6-m/nofp/libcr_c.a(initio.o) (setvbuf)
/usr/local/mcuxpressoide-11.6.0_8187/ide/plugins/com.nxp.mcuxpresso.tools.linux_11.6.0.202112161359/tools/bin/../lib/gcc/arm-none-eabi/10.3.1/../../../../arm-none-eabi/lib/thumb/v6-m/nofp/libcr_c.a(stdlib.o)
                              ./example/src/lcd__api.o (abs)
/usr/local/mcuxpressoide-11.6.0_8187/ide/plugins/com.nxp.mcuxpresso.tools.linux_11.6.0.202112161359/tools/bin/../lib/gcc/arm-none-eabi/10.3.1/../../../../arm-none-eabi/lib/thumb/v6-m/nofp/libcr_c.a(_fdopen.o)
                              /usr/local/mcuxpressoide-11.6.0_8187/ide/plugins/com.nxp.mcuxpresso.tools.linux_11.6.0.202112161359/tools/bin/../lib/gcc/arm-none-eabi/10.3.1/../../../../arm-none-eabi/lib/thumb/v6-m/nofp/libcr_c.a(initio.o) (_fdopen)
[...]
Memory Configuration

Name             Origin             Length             Attributes
MFlash32         0x0000000000000000 0x0000000000008000 xr
RamLoc8          0x0000000010000000 0x0000000000002000 xrw
*default*        0x0000000000000000 0xffffffffffffffff

Linker script and memory map

LOAD ./example/src/cr_startup_lpc11xx.o
LOAD ./example/src/lcd__api.o
LOAD ./example/src/main.o
LOAD ./example/src/sysinit.o
LOAD /home/brucejiang/Documents/MCUXpresso_11.6.0_8187/workspace/nxp_lpcxpresso_11c24_board_lib/Debug/libnxp_lpcxpresso_11c24_board_lib.a
LOAD /home/brucejiang/Documents/MCUXpresso_11.6.0_8187/workspace/lpc_chip_11cxx_lib/Debug/liblpc_chip_11cxx_lib.a
START GROUP
LOAD /usr/local/mcuxpressoide-11.6.0_8187/ide/plugins/com.nxp.mcuxpresso.tools.linux_11.6.0.202112161359/tools/bin/../lib/gcc/arm-none-eabi/10.3.1/../../../../arm-none-eabi/lib/thumb/v6-m/nofp/libcr_nohost.a
LOAD /usr/local/mcuxpressoide-11.6.0_8187/ide/plugins/com.nxp.mcuxpresso.tools.linux_11.6.0.202112161359/tools/bin/../lib/gcc/arm-none-eabi/10.3.1/../../../../arm-none-eabi/lib/thumb/v6-m/nofp/libcr_c.a
LOAD /usr/local/mcuxpressoide-11.6.0_8187/ide/plugins/com.nxp.mcuxpresso.tools.linux_11.6.0.202112161359/tools/bin/../lib/gcc/arm-none-eabi/10.3.1/thumb/v6-m/nofp/libcr_eabihelpers.a
LOAD /usr/local/mcuxpressoide-11.6.0_8187/ide/plugins/com.nxp.mcuxpresso.tools.linux_11.6.0.202112161359/tools/bin/../lib/gcc/arm-none-eabi/10.3.1/thumb/v6-m/nofp/libgcc.a
END GROUP
                0x0000000000000000                __base_MFlash32 = 0x0
                0x0000000000000000                __base_Flash = 0x0
                0x0000000000008000                __top_MFlash32 = 0x8000
                0x0000000000008000                __top_Flash = 0x8000
                0x0000000010000000                __base_RamLoc8 = 0x10000000
                0x0000000010000000                __base_RAM = 0x10000000
                0x0000000010002000                __top_RamLoc8 = 0x10002000
                0x0000000010002000                __top_RAM = 0x10002000

.text           0x0000000000000000     0x1c28
 FILL mask 0xff
                0x0000000000000000                __vectors_start__ = ABSOLUTE (.)
 *(.isr_vector)
 .isr_vector    0x0000000000000000       0xc0 ./example/src/cr_startup_lpc11xx.o
                0x0000000000000000                g_pfnVectors
                0x00000000000000c0                . = ALIGN (0x4)
                0x00000000000000c0                __section_table_start = .
                0x00000000000000c0                __data_section_table = .
                0x00000000000000c0        0x4 LONG 0x1c28 LOADADDR (.data)
                0x00000000000000c4        0x4 LONG 0x10000000 ADDR (.data)
                0x00000000000000c8        0x4 LONG 0x8 SIZEOF (.data)
                0x00000000000000cc                __data_section_table_end = .
                0x00000000000000cc                __bss_section_table = .
                0x00000000000000cc        0x4 LONG 0x10000008 ADDR (.bss)
                0x00000000000000d0        0x4 LONG 0x208 SIZEOF (.bss)
                0x00000000000000d4                __bss_section_table_end = .
                0x00000000000000d4                __section_table_end = .
 *(.after_vectors*)
 .after_vectors
                0x00000000000000d4       0x78 ./example/src/cr_startup_lpc11xx.o
                0x00000000000000d4                NMI_Handler
                0x00000000000000d6                HardFault_Handler
                0x00000000000000d8                SVC_Handler
                0x00000000000000da                PendSV_Handler
                0x00000000000000dc                SysTick_Handler
                0x00000000000000de                TIMER16_0_IRQHandler
                0x00000000000000de                UART_IRQHandler
                0x00000000000000de                TIMER32_0_IRQHandler
                0x00000000000000de                TIMER32_1_IRQHandler
                0x00000000000000de                IntDefaultHandler
                0x00000000000000de                PIOINT1_IRQHandler
                0x00000000000000de                CAN_IRQHandler
                0x00000000000000de                SSP0_IRQHandler
                0x00000000000000de                TIMER16_1_IRQHandler
                0x00000000000000de                ADC_IRQHandler
                0x00000000000000de                SSP1_IRQHandler
                0x00000000000000de                PIOINT2_IRQHandler
                0x00000000000000de                BOD_IRQHandler
                0x00000000000000de                WAKEUP_IRQHandler
                0x00000000000000de                PIOINT0_IRQHandler
                0x00000000000000de                I2C_IRQHandler
                0x00000000000000de                WDT_IRQHandler
                0x00000000000000de                PIOINT3_IRQHandler
                0x00000000000000e0                data_init
                0x00000000000000f6                bss_init
                0x000000000000010a                ResetISR
 *(.text*)
 .text.Chip_IOCON_PinMuxSet
                0x000000000000014c       0x26 ./example/src/lcd__api.o
 .text.Chip_IOCON_PinLocSel
                0x0000000000000172       0x30 ./example/src/lcd__api.o
 .text.Chip_SSP_Enable
                0x00000000000001a2       0x1c ./example/src/lcd__api.o
 .text.Chip_SSP_SetFormat
                0x00000000000001be       0x30 ./example/src/lcd__api.o
 .text.Chip_GPIO_SetPinState
                0x00000000000001ee       0x4e ./example/src/lcd__api.o
 .text.Chip_GPIO_SetPinDIROutput
                0x000000000000023c       0x4c ./example/src/lcd__api.o
 .text.Init_SSP_PinMux
                0x0000000000000288       0x48 ./example/src/lcd__api.o
 .text.Buffer_Init
                0x00000000000002d0       0x54 ./example/src/lcd__api.o
 .text.sspSend  0x0000000000000324       0x50 ./example/src/lcd__api.o
 .text.spiwrite_single_transfer
                0x0000000000000374       0x2c ./example/src/lcd__api.o
 .text.writecommand
                0x00000000000003a0       0x2c ./example/src/lcd__api.o
 .text.writedata
                0x00000000000003cc       0x2c ./example/src/lcd__api.o
 .text.writecoord
                0x00000000000003f8       0x48 ./example/src/lcd__api.o
 .text.writecolor
                0x0000000000000440       0x68 ./example/src/lcd__api.o
 .text.setAddrWindow
                0x00000000000004a8       0x62 ./example/src/lcd__api.o
 .text.fillrect
                0x000000000000050a       0x8e ./example/src/lcd__api.o
                0x000000000000050a                fillrect
 .text.lcddelay
                0x0000000000000598       0x30 ./example/src/lcd__api.o
                0x0000000000000598                lcddelay
 .text.lcd_init
                0x00000000000005c8       0x7e ./example/src/lcd__api.o
                0x00000000000005c8                lcd_init
 .text.board_init
                0x0000000000000646       0x12 ./example/src/lcd__api.o
                0x0000000000000646                board_init
 .text.ssp0_init
                0x0000000000000658       0x58 ./example/src/lcd__api.o
                0x0000000000000658                ssp0_init
 .text.drawPixel
                0x00000000000006b0       0x84 ./example/src/lcd__api.o
                0x00000000000006b0                drawPixel
 .text.drawLine
                0x0000000000000734      0x248 ./example/src/lcd__api.o
                0x0000000000000734                drawLine
 .text.main     0x000000000000097c       0x54 ./example/src/main.o
                0x000000000000097c                main
 .text.SystemInit
                0x00000000000009d0        0xe ./example/src/sysinit.o
                0x00000000000009d0                SystemInit
 .text.Chip_GPIO_SetPinDIROutput
                0x00000000000009de       0x4c /home/brucejiang/Documents/MCUXpresso_11.6.0_8187/workspace/nxp_lpcxpresso_11c24_board_lib/Debug/libnxp_lpcxpresso_11c24_board_lib.a(board.o)
 .text.__sys_write
                0x0000000000000a2a       0x16 /home/brucejiang/Documents/MCUXpresso_11.6.0_8187/workspace/nxp_lpcxpresso_11c24_board_lib/Debug/libnxp_lpcxpresso_11c24_board_lib.a(board.o)
                0x0000000000000a2a                __sys_write
 .text.Board_LED_Init
                0x0000000000000a40       0x18 /home/brucejiang/Documents/MCUXpresso_11.6.0_8187/workspace/nxp_lpcxpresso_11c24_board_lib/Debug/libnxp_lpcxpresso_11c24_board_lib.a(board.o)
 .text.Board_Init
                0x0000000000000a58       0x18 /home/brucejiang/Documents/MCUXpresso_11.6.0_8187/workspace/nxp_lpcxpresso_11c24_board_lib/Debug/libnxp_lpcxpresso_11c24_board_lib.a(board.o)
                0x0000000000000a58                Board_Init
 .text.Chip_FMC_SetFLASHAccess
                0x0000000000000a70       0x30 /home/brucejiang/Documents/MCUXpresso_11.6.0_8187/workspace/nxp_lpcxpresso_11c24_board_lib/Debug/libnxp_lpcxpresso_11c24_board_lib.a(board_sysinit.o)
 .text.Chip_Clock_SetupSystemPLL
                0x0000000000000aa0       0x38 /home/brucejiang/Documents/MCUXpresso_11.6.0_8187/workspace/nxp_lpcxpresso_11c24_board_lib/Debug/libnxp_lpcxpresso_11c24_board_lib.a(board_sysinit.o)
 .text.Chip_Clock_IsSystemPLLLocked
                0x0000000000000ad8       0x1c /home/brucejiang/Documents/MCUXpresso_11.6.0_8187/workspace/nxp_lpcxpresso_11c24_board_lib/Debug/libnxp_lpcxpresso_11c24_board_lib.a(board_sysinit.o)
 .text.Chip_Clock_SetSysClockDiv
                0x0000000000000af4       0x1c /home/brucejiang/Documents/MCUXpresso_11.6.0_8187/workspace/nxp_lpcxpresso_11c24_board_lib/Debug/libnxp_lpcxpresso_11c24_board_lib.a(board_sysinit.o)
 .text.Chip_Clock_EnablePeriphClock
                0x0000000000000b10       0x30 /home/brucejiang/Documents/MCUXpresso_11.6.0_8187/workspace/nxp_lpcxpresso_11c24_board_lib/Debug/libnxp_lpcxpresso_11c24_board_lib.a(board_sysinit.o)
 .text.Chip_IOCON_PinMuxSet
                0x0000000000000b40       0x26 /home/brucejiang/Documents/MCUXpresso_11.6.0_8187/workspace/nxp_lpcxpresso_11c24_board_lib/Debug/libnxp_lpcxpresso_11c24_board_lib.a(board_sysinit.o)
 .text.SystemSetupClocking
                0x0000000000000b66       0x66 /home/brucejiang/Documents/MCUXpresso_11.6.0_8187/workspace/nxp_lpcxpresso_11c24_board_lib/Debug/libnxp_lpcxpresso_11c24_board_lib.a(board_sysinit.o)
 .text.SystemSetupMuxing
                0x0000000000000bcc       0x4c /home/brucejiang/Documents/MCUXpresso_11.6.0_8187/workspace/nxp_lpcxpresso_11c24_board_lib/Debug/libnxp_lpcxpresso_11c24_board_lib.a(board_sysinit.o)
 .text.Board_SystemInit
                0x0000000000000c18       0x12 /home/brucejiang/Documents/MCUXpresso_11.6.0_8187/workspace/nxp_lpcxpresso_11c24_board_lib/Debug/libnxp_lpcxpresso_11c24_board_lib.a(board_sysinit.o)
                0x0000000000000c18                Board_SystemInit
 *fill*         0x0000000000000c2a        0x2 ff
 .text.SystemCoreClockUpdate
                0x0000000000000c2c       0x18 /home/brucejiang/Documents/MCUXpresso_11.6.0_8187/workspace/lpc_chip_11cxx_lib/Debug/liblpc_chip_11cxx_lib.a(chip_11xx.o)
                0x0000000000000c2c                SystemCoreClockUpdate
 .text.Chip_Clock_GetMainOscRate
                0x0000000000000c44       0x14 /home/brucejiang/Documents/MCUXpresso_11.6.0_8187/workspace/lpc_chip_11cxx_lib/Debug/liblpc_chip_11cxx_lib.a(clock_11xx.o)
 .text.Chip_Clock_GetIntOscRate
                0x0000000000000c58       0x10 /home/brucejiang/Documents/MCUXpresso_11.6.0_8187/workspace/lpc_chip_11cxx_lib/Debug/liblpc_chip_11cxx_lib.a(clock_11xx.o)
 .text.Chip_Clock_GetWDTLFORate
                0x0000000000000c68       0x48 /home/brucejiang/Documents/MCUXpresso_11.6.0_8187/workspace/lpc_chip_11cxx_lib/Debug/liblpc_chip_11cxx_lib.a(clock_11xx.o)
 .text.Chip_Clock_GetPLLFreq
                0x0000000000000cb0       0x22 /home/brucejiang/Documents/MCUXpresso_11.6.0_8187/workspace/lpc_chip_11cxx_lib/Debug/liblpc_chip_11cxx_lib.a(clock_11xx.o)
 *fill*         0x0000000000000cd2        0x2 ff
 .text.Chip_Clock_SetSystemPLLSource
                0x0000000000000cd4       0x2c /home/brucejiang/Documents/MCUXpresso_11.6.0_8187/workspace/lpc_chip_11cxx_lib/Debug/liblpc_chip_11cxx_lib.a(clock_11xx.o)
                0x0000000000000cd4                Chip_Clock_SetSystemPLLSource
 .text.Chip_Clock_SetMainClockSource
                0x0000000000000d00       0x2c /home/brucejiang/Documents/MCUXpresso_11.6.0_8187/workspace/lpc_chip_11cxx_lib/Debug/liblpc_chip_11cxx_lib.a(clock_11xx.o)
                0x0000000000000d00                Chip_Clock_SetMainClockSource
 .text.Chip_Clock_GetWDTOSCRate
                0x0000000000000d2c       0x1c /home/brucejiang/Documents/MCUXpresso_11.6.0_8187/workspace/lpc_chip_11cxx_lib/Debug/liblpc_chip_11cxx_lib.a(clock_11xx.o)
                0x0000000000000d2c                Chip_Clock_GetWDTOSCRate
 .text.Chip_Clock_GetSystemPLLInClockRate
                0x0000000000000d48       0x40 /home/brucejiang/Documents/MCUXpresso_11.6.0_8187/workspace/lpc_chip_11cxx_lib/Debug/liblpc_chip_11cxx_lib.a(clock_11xx.o)
                0x0000000000000d48                Chip_Clock_GetSystemPLLInClockRate
 .text.Chip_Clock_GetSystemPLLOutClockRate
                0x0000000000000d88       0x24 /home/brucejiang/Documents/MCUXpresso_11.6.0_8187/workspace/lpc_chip_11cxx_lib/Debug/liblpc_chip_11cxx_lib.a(clock_11xx.o)
                0x0000000000000d88                Chip_Clock_GetSystemPLLOutClockRate
 .text.Chip_Clock_GetMainClockRate
                0x0000000000000dac       0x64 /home/brucejiang/Documents/MCUXpresso_11.6.0_8187/workspace/lpc_chip_11cxx_lib/Debug/liblpc_chip_11cxx_lib.a(clock_11xx.o)
                0x0000000000000dac                Chip_Clock_GetMainClockRate
 .text.Chip_Clock_GetSystemClockRate
                0x0000000000000e10       0x24 /home/brucejiang/Documents/MCUXpresso_11.6.0_8187/workspace/lpc_chip_11cxx_lib/Debug/liblpc_chip_11cxx_lib.a(clock_11xx.o)
                0x0000000000000e10                Chip_Clock_GetSystemClockRate
 .text.Chip_Clock_EnablePeriphClock
                0x0000000000000e34       0x30 /home/brucejiang/Documents/MCUXpresso_11.6.0_8187/workspace/lpc_chip_11cxx_lib/Debug/liblpc_chip_11cxx_lib.a(gpio_11xx_2.o)
 .text.Chip_GPIO_Init
                0x0000000000000e64       0x16 /home/brucejiang/Documents/MCUXpresso_11.6.0_8187/workspace/lpc_chip_11cxx_lib/Debug/liblpc_chip_11cxx_lib.a(gpio_11xx_2.o)
                0x0000000000000e64                Chip_GPIO_Init
 *fill*         0x0000000000000e7a        0x2 ff
 .text.Chip_SYSCTL_AssertPeriphReset
                0x0000000000000e7c       0x30 /home/brucejiang/Documents/MCUXpresso_11.6.0_8187/workspace/lpc_chip_11cxx_lib/Debug/liblpc_chip_11cxx_lib.a(ssp_11xx.o)
 .text.Chip_SYSCTL_DeassertPeriphReset
                0x0000000000000eac       0x30 /home/brucejiang/Documents/MCUXpresso_11.6.0_8187/workspace/lpc_chip_11cxx_lib/Debug/liblpc_chip_11cxx_lib.a(ssp_11xx.o)
 .text.Chip_SYSCTL_PeriphReset
                0x0000000000000edc       0x28 /home/brucejiang/Documents/MCUXpresso_11.6.0_8187/workspace/lpc_chip_11cxx_lib/Debug/liblpc_chip_11cxx_lib.a(ssp_11xx.o)
 .text.Chip_Clock_EnablePeriphClock
                0x0000000000000f04       0x30 /home/brucejiang/Documents/MCUXpresso_11.6.0_8187/workspace/lpc_chip_11cxx_lib/Debug/liblpc_chip_11cxx_lib.a(ssp_11xx.o)
 .text.Chip_Clock_SetSSP0ClockDiv
                0x0000000000000f34       0x1c /home/brucejiang/Documents/MCUXpresso_11.6.0_8187/workspace/lpc_chip_11cxx_lib/Debug/liblpc_chip_11cxx_lib.a(ssp_11xx.o)
 .text.Chip_Clock_GetSSP0ClockDiv
                0x0000000000000f50       0x14 /home/brucejiang/Documents/MCUXpresso_11.6.0_8187/workspace/lpc_chip_11cxx_lib/Debug/liblpc_chip_11cxx_lib.a(ssp_11xx.o)
 .text.Chip_Clock_SetSSP1ClockDiv
                0x0000000000000f64       0x1c /home/brucejiang/Documents/MCUXpresso_11.6.0_8187/workspace/lpc_chip_11cxx_lib/Debug/liblpc_chip_11cxx_lib.a(ssp_11xx.o)
 .text.Chip_Clock_GetSSP1ClockDiv
                0x0000000000000f80       0x14 /home/brucejiang/Documents/MCUXpresso_11.6.0_8187/workspace/lpc_chip_11cxx_lib/Debug/liblpc_chip_11cxx_lib.a(ssp_11xx.o)
 .text.Chip_SSP_GetStatus
                0x0000000000000f94       0x26 /home/brucejiang/Documents/MCUXpresso_11.6.0_8187/workspace/lpc_chip_11cxx_lib/Debug/liblpc_chip_11cxx_lib.a(ssp_11xx.o)
 .text.Chip_SSP_GetRawIntStatus
                0x0000000000000fba       0x26 /home/brucejiang/Documents/MCUXpresso_11.6.0_8187/workspace/lpc_chip_11cxx_lib/Debug/liblpc_chip_11cxx_lib.a(ssp_11xx.o)
 .text.Chip_SSP_GetDataSize
                0x0000000000000fe0       0x1c /home/brucejiang/Documents/MCUXpresso_11.6.0_8187/workspace/lpc_chip_11cxx_lib/Debug/liblpc_chip_11cxx_lib.a(ssp_11xx.o)
 .text.Chip_SSP_ClearIntPending
                0x0000000000000ffc       0x1e /home/brucejiang/Documents/MCUXpresso_11.6.0_8187/workspace/lpc_chip_11cxx_lib/Debug/liblpc_chip_11cxx_lib.a(ssp_11xx.o)
 .text.Chip_SSP_ReceiveFrame
                0x000000000000101a       0x16 /home/brucejiang/Documents/MCUXpresso_11.6.0_8187/workspace/lpc_chip_11cxx_lib/Debug/liblpc_chip_11cxx_lib.a(ssp_11xx.o)
 .text.Chip_SSP_SendFrame
                0x0000000000001030       0x1e /home/brucejiang/Documents/MCUXpresso_11.6.0_8187/workspace/lpc_chip_11cxx_lib/Debug/liblpc_chip_11cxx_lib.a(ssp_11xx.o)
 .text.Chip_SSP_SetFormat
                0x000000000000104e       0x30 /home/brucejiang/Documents/MCUXpresso_11.6.0_8187/workspace/lpc_chip_11cxx_lib/Debug/liblpc_chip_11cxx_lib.a(ssp_11xx.o)
 .text.Chip_SSP_Set_Mode
                0x000000000000107e       0x24 /home/brucejiang/Documents/MCUXpresso_11.6.0_8187/workspace/lpc_chip_11cxx_lib/Debug/liblpc_chip_11cxx_lib.a(ssp_11xx.o)
 *fill*         0x00000000000010a2        0x2 ff
 .text.SSP_Write2BFifo
                0x00000000000010a4       0x50 /home/brucejiang/Documents/MCUXpresso_11.6.0_8187/workspace/lpc_chip_11cxx_lib/Debug/liblpc_chip_11cxx_lib.a(ssp_11xx.o)
 .text.SSP_Write1BFifo
                0x00000000000010f4       0x4a /home/brucejiang/Documents/MCUXpresso_11.6.0_8187/workspace/lpc_chip_11cxx_lib/Debug/liblpc_chip_11cxx_lib.a(ssp_11xx.o)
 .text.SSP_Read2BFifo
                0x000000000000113e       0x66 /home/brucejiang/Documents/MCUXpresso_11.6.0_8187/workspace/lpc_chip_11cxx_lib/Debug/liblpc_chip_11cxx_lib.a(ssp_11xx.o)
 .text.SSP_Read1BFifo
                0x00000000000011a4       0x68 /home/brucejiang/Documents/MCUXpresso_11.6.0_8187/workspace/lpc_chip_11cxx_lib/Debug/liblpc_chip_11cxx_lib.a(ssp_11xx.o)
 .text.Chip_SSP_GetClockIndex
                0x000000000000120c       0x34 /home/brucejiang/Documents/MCUXpresso_11.6.0_8187/workspace/lpc_chip_11cxx_lib/Debug/liblpc_chip_11cxx_lib.a(ssp_11xx.o)
 .text.Chip_SSP_GetResetIndex
                0x0000000000001240       0x34 /home/brucejiang/Documents/MCUXpresso_11.6.0_8187/workspace/lpc_chip_11cxx_lib/Debug/liblpc_chip_11cxx_lib.a(ssp_11xx.o)
 .text.Chip_SSP_SetSSPClkDivider
                0x0000000000001274       0x30 /home/brucejiang/Documents/MCUXpresso_11.6.0_8187/workspace/lpc_chip_11cxx_lib/Debug/liblpc_chip_11cxx_lib.a(ssp_11xx.o)
 .text.Chip_SSP_GetPCLKkRate
                0x00000000000012a4       0x4c /home/brucejiang/Documents/MCUXpresso_11.6.0_8187/workspace/lpc_chip_11cxx_lib/Debug/liblpc_chip_11cxx_lib.a(ssp_11xx.o)
 .text.Chip_SSP_SetClockRate
                0x00000000000012f0       0x38 /home/brucejiang/Documents/MCUXpresso_11.6.0_8187/workspace/lpc_chip_11cxx_lib/Debug/liblpc_chip_11cxx_lib.a(ssp_11xx.o)
                0x00000000000012f0                Chip_SSP_SetClockRate
 .text.Chip_SSP_RWFrames_Blocking
                0x0000000000001328      0x124 /home/brucejiang/Documents/MCUXpresso_11.6.0_8187/workspace/lpc_chip_11cxx_lib/Debug/liblpc_chip_11cxx_lib.a(ssp_11xx.o)
                0x0000000000001328                Chip_SSP_RWFrames_Blocking
 .text.Chip_SSP_SetMaster
                0x000000000000144c       0x34 /home/brucejiang/Documents/MCUXpresso_11.6.0_8187/workspace/lpc_chip_11cxx_lib/Debug/liblpc_chip_11cxx_lib.a(ssp_11xx.o)
                0x000000000000144c                Chip_SSP_SetMaster
 .text.Chip_SSP_SetBitRate
                0x0000000000001480       0x74 /home/brucejiang/Documents/MCUXpresso_11.6.0_8187/workspace/lpc_chip_11cxx_lib/Debug/liblpc_chip_11cxx_lib.a(ssp_11xx.o)
                0x0000000000001480                Chip_SSP_SetBitRate
 .text.Chip_SSP_Init
                0x00000000000014f4       0x60 /home/brucejiang/Documents/MCUXpresso_11.6.0_8187/workspace/lpc_chip_11cxx_lib/Debug/liblpc_chip_11cxx_lib.a(ssp_11xx.o)
                0x00000000000014f4                Chip_SSP_Init
 .text.Chip_SYSCTL_PowerDown
                0x0000000000001554       0x40 /home/brucejiang/Documents/MCUXpresso_11.6.0_8187/workspace/lpc_chip_11cxx_lib/Debug/liblpc_chip_11cxx_lib.a(sysctl_11xx.o)
                0x0000000000001554                Chip_SYSCTL_PowerDown
 .text.Chip_SYSCTL_PowerUp
                0x0000000000001594       0x40 /home/brucejiang/Documents/MCUXpresso_11.6.0_8187/workspace/lpc_chip_11cxx_lib/Debug/liblpc_chip_11cxx_lib.a(sysctl_11xx.o)
                0x0000000000001594                Chip_SYSCTL_PowerUp
 .text.__main   0x00000000000015d4        0xc /usr/local/mcuxpressoide-11.6.0_8187/ide/plugins/com.nxp.mcuxpresso.tools.linux_11.6.0.202112161359/tools/bin/../lib/gcc/arm-none-eabi/10.3.1/../../../../arm-none-eabi/lib/thumb/v6-m/nofp/libcr_nohost.a(_cr__main.o)
                0x00000000000015d4                __main
 .text._initio  0x00000000000015e0       0x7c /usr/local/mcuxpressoide-11.6.0_8187/ide/plugins/com.nxp.mcuxpresso.tools.linux_11.6.0.202112161359/tools/bin/../lib/gcc/arm-none-eabi/10.3.1/../../../../arm-none-eabi/lib/thumb/v6-m/nofp/libcr_c.a(initio.o)
                0x00000000000015e0                _initio
 .text.setvbuf  0x000000000000165c       0x4c /usr/local/mcuxpressoide-11.6.0_8187/ide/plugins/com.nxp.mcuxpresso.tools.linux_11.6.0.202112161359/tools/bin/../lib/gcc/arm-none-eabi/10.3.1/../../../../arm-none-eabi/lib/thumb/v6-m/nofp/libcr_c.a(setvbuf.o)
                0x000000000000165c                setvbuf
 .text.abs      0x00000000000016a8        0x8 /usr/local/mcuxpressoide-11.6.0_8187/ide/plugins/com.nxp.mcuxpresso.tools.linux_11.6.0.202112161359/tools/bin/../lib/gcc/arm-none-eabi/10.3.1/../../../../arm-none-eabi/lib/thumb/v6-m/nofp/libcr_c.a(stdlib.o)
                0x00000000000016a8                abs
 .text._fdopen  0x00000000000016b0       0x74 /usr/local/mcuxpressoide-11.6.0_8187/ide/plugins/com.nxp.mcuxpresso.tools.linux_11.6.0.202112161359/tools/bin/../lib/gcc/arm-none-eabi/10.3.1/../../../../arm-none-eabi/lib/thumb/v6-m/nofp/libcr_c.a(_fdopen.o)
                0x00000000000016b0                _fdopen
 .text.fclose   0x0000000000001724       0x5c /usr/local/mcuxpressoide-11.6.0_8187/ide/plugins/com.nxp.mcuxpresso.tools.linux_11.6.0.202112161359/tools/bin/../lib/gcc/arm-none-eabi/10.3.1/../../../../arm-none-eabi/lib/thumb/v6-m/nofp/libcr_c.a(fclose.o)
                0x0000000000001724                fclose
 .text.fflush   0x0000000000001780       0x44 /usr/local/mcuxpressoide-11.6.0_8187/ide/plugins/com.nxp.mcuxpresso.tools.linux_11.6.0.202112161359/tools/bin/../lib/gcc/arm-none-eabi/10.3.1/../../../../arm-none-eabi/lib/thumb/v6-m/nofp/libcr_c.a(fflush.o)
                0x0000000000001780                fflush
 .text.fseek    0x00000000000017c4       0xf0 /usr/local/mcuxpressoide-11.6.0_8187/ide/plugins/com.nxp.mcuxpresso.tools.linux_11.6.0.202112161359/tools/bin/../lib/gcc/arm-none-eabi/10.3.1/../../../../arm-none-eabi/lib/thumb/v6-m/nofp/libcr_c.a(fseek.o)
                0x00000000000017c4                fseek
 .text.ftell    0x00000000000018b4       0x48 /usr/local/mcuxpressoide-11.6.0_8187/ide/plugins/com.nxp.mcuxpresso.tools.linux_11.6.0.202112161359/tools/bin/../lib/gcc/arm-none-eabi/10.3.1/../../../../arm-none-eabi/lib/thumb/v6-m/nofp/libcr_c.a(ftell.o)
                0x00000000000018b4                ftell
 .text.remove   0x00000000000018fc       0x12 /usr/local/mcuxpressoide-11.6.0_8187/ide/plugins/com.nxp.mcuxpresso.tools.linux_11.6.0.202112161359/tools/bin/../lib/gcc/arm-none-eabi/10.3.1/../../../../arm-none-eabi/lib/thumb/v6-m/nofp/libcr_c.a(remove.o)
                0x00000000000018fc                remove
 *fill*         0x000000000000190e        0x2 ff
 .text.strlen   0x0000000000001910       0x58 /usr/local/mcuxpressoide-11.6.0_8187/ide/plugins/com.nxp.mcuxpresso.tools.linux_11.6.0.202112161359/tools/bin/../lib/gcc/arm-none-eabi/10.3.1/../../../../arm-none-eabi/lib/thumb/v6-m/nofp/libcr_c.a(strlen.o)
                0x0000000000001910                strlen
 .text.memset   0x0000000000001968        0x8 /usr/local/mcuxpressoide-11.6.0_8187/ide/plugins/com.nxp.mcuxpresso.tools.linux_11.6.0.202112161359/tools/bin/../lib/gcc/arm-none-eabi/10.3.1/../../../../arm-none-eabi/lib/thumb/v6-m/nofp/libcr_c.a(memset.o)
                0x0000000000001968                memset
 .text._do_fflush
                0x0000000000001970       0x48 /usr/local/mcuxpressoide-11.6.0_8187/ide/plugins/com.nxp.mcuxpresso.tools.linux_11.6.0.202112161359/tools/bin/../lib/gcc/arm-none-eabi/10.3.1/../../../../arm-none-eabi/lib/thumb/v6-m/nofp/libcr_c.a(_do_fflush.o)
                0x0000000000001970                _do_fflush
 .text._fflush  0x00000000000019b8       0x60 /usr/local/mcuxpressoide-11.6.0_8187/ide/plugins/com.nxp.mcuxpresso.tools.linux_11.6.0.202112161359/tools/bin/../lib/gcc/arm-none-eabi/10.3.1/../../../../arm-none-eabi/lib/thumb/v6-m/nofp/libcr_c.a(_fflush.o)
                0x00000000000019b8                _fflush
 .text._Cwritebuf
                0x0000000000001a18       0x68 /usr/local/mcuxpressoide-11.6.0_8187/ide/plugins/com.nxp.mcuxpresso.tools.linux_11.6.0.202112161359/tools/bin/../lib/gcc/arm-none-eabi/10.3.1/../../../../arm-none-eabi/lib/thumb/v6-m/nofp/libcr_c.a(_writebuf.o)
                0x0000000000001a18                _Cwritebuf
 .text.free     0x0000000000001a80       0x2c /usr/local/mcuxpressoide-11.6.0_8187/ide/plugins/com.nxp.mcuxpresso.tools.linux_11.6.0.202112161359/tools/bin/../lib/gcc/arm-none-eabi/10.3.1/../../../../arm-none-eabi/lib/thumb/v6-m/nofp/libcr_c.a(alloc.o)
                0x0000000000001a80                free
 .text._deferredlazyseek
                0x0000000000001aac       0x40 /usr/local/mcuxpressoide-11.6.0_8187/ide/plugins/com.nxp.mcuxpresso.tools.linux_11.6.0.202112161359/tools/bin/../lib/gcc/arm-none-eabi/10.3.1/../../../../arm-none-eabi/lib/thumb/v6-m/nofp/libcr_c.a(_deferredlazyseek.o)
                0x0000000000001aac                _deferredlazyseek
 .text.__aeabi_division_idivmod
                0x0000000000001aec       0x78 /usr/local/mcuxpressoide-11.6.0_8187/ide/plugins/com.nxp.mcuxpresso.tools.linux_11.6.0.202112161359/tools/bin/../lib/gcc/arm-none-eabi/10.3.1/thumb/v6-m/nofp/libcr_eabihelpers.a(division_32.o)
                0x0000000000001aec                __aeabi_idiv
                0x0000000000001aec                __aeabi_idivmod
                0x0000000000001af2                __aeabi_uidiv
                0x0000000000001af2                __aeabi_uidivmod
 .text.__aeabi_division_idiv0
                0x0000000000001b64        0x2 /usr/local/mcuxpressoide-11.6.0_8187/ide/plugins/com.nxp.mcuxpresso.tools.linux_11.6.0.202112161359/tools/bin/../lib/gcc/arm-none-eabi/10.3.1/thumb/v6-m/nofp/libcr_eabihelpers.a(division_idiv0.o)
                0x0000000000001b64                __aeabi_idiv0
 .text.__aeabi_memset_lowlevel
                0x0000000000001b66       0x2a /usr/local/mcuxpressoide-11.6.0_8187/ide/plugins/com.nxp.mcuxpresso.tools.linux_11.6.0.202112161359/tools/bin/../lib/gcc/arm-none-eabi/10.3.1/thumb/v6-m/nofp/libcr_eabihelpers.a(memcpy.o)
                0x0000000000001b66                __aeabi_lowlevel_memset
 .text.__sys_close
                0x0000000000001b90        0x6 /usr/local/mcuxpressoide-11.6.0_8187/ide/plugins/com.nxp.mcuxpresso.tools.linux_11.6.0.202112161359/tools/bin/../lib/gcc/arm-none-eabi/10.3.1/../../../../arm-none-eabi/lib/thumb/v6-m/nofp/libcr_nohost.a(__sys_close.o)
                0x0000000000001b90                __sys_close
 .text.__sys_flen
                0x0000000000001b96        0x6 /usr/local/mcuxpressoide-11.6.0_8187/ide/plugins/com.nxp.mcuxpresso.tools.linux_11.6.0.202112161359/tools/bin/../lib/gcc/arm-none-eabi/10.3.1/../../../../arm-none-eabi/lib/thumb/v6-m/nofp/libcr_nohost.a(__sys_flen.o)
                0x0000000000001b96                __sys_flen
 .text.__sys_istty
                0x0000000000001b9c        0x6 /usr/local/mcuxpressoide-11.6.0_8187/ide/plugins/com.nxp.mcuxpresso.tools.linux_11.6.0.202112161359/tools/bin/../lib/gcc/arm-none-eabi/10.3.1/../../../../arm-none-eabi/lib/thumb/v6-m/nofp/libcr_nohost.a(__sys_istty.o)
                0x0000000000001b9c                __sys_istty
 .text.__sys_remove
                0x0000000000001ba2        0x6 /usr/local/mcuxpressoide-11.6.0_8187/ide/plugins/com.nxp.mcuxpresso.tools.linux_11.6.0.202112161359/tools/bin/../lib/gcc/arm-none-eabi/10.3.1/../../../../arm-none-eabi/lib/thumb/v6-m/nofp/libcr_nohost.a(__sys_remove.o)
                0x0000000000001ba2                __sys_remove
 .text.__sys_seek
                0x0000000000001ba8        0x6 /usr/local/mcuxpressoide-11.6.0_8187/ide/plugins/com.nxp.mcuxpresso.tools.linux_11.6.0.202112161359/tools/bin/../lib/gcc/arm-none-eabi/10.3.1/../../../../arm-none-eabi/lib/thumb/v6-m/nofp/libcr_nohost.a(__sys_seek.o)
                0x0000000000001ba8                __sys_seek
 .text.__sys_tmpnam
                0x0000000000001bae        0x6 /usr/local/mcuxpressoide-11.6.0_8187/ide/plugins/com.nxp.mcuxpresso.tools.linux_11.6.0.202112161359/tools/bin/../lib/gcc/arm-none-eabi/10.3.1/../../../../arm-none-eabi/lib/thumb/v6-m/nofp/libcr_nohost.a(__sys_tmpnam.o)
                0x0000000000001bae                __sys_tmpnam
 *(.rodata .rodata.* .constdata .constdata.*)
 .rodata.OscRateIn
                0x0000000000001bb4        0x4 /home/brucejiang/Documents/MCUXpresso_11.6.0_8187/workspace/nxp_lpcxpresso_11c24_board_lib/Debug/libnxp_lpcxpresso_11c24_board_lib.a(board.o)
                0x0000000000001bb4                OscRateIn
 .rodata.pinmuxing
                0x0000000000001bb8       0x28 /home/brucejiang/Documents/MCUXpresso_11.6.0_8187/workspace/nxp_lpcxpresso_11c24_board_lib/Debug/libnxp_lpcxpresso_11c24_board_lib.a(board_sysinit.o)
 .rodata.wdtOSCRate
                0x0000000000001be0       0x40 /home/brucejiang/Documents/MCUXpresso_11.6.0_8187/workspace/lpc_chip_11cxx_lib/Debug/liblpc_chip_11cxx_lib.a(clock_11xx.o)
 .rodata._initio.str1.1
                0x0000000000001c20        0x4 /usr/local/mcuxpressoide-11.6.0_8187/ide/plugins/com.nxp.mcuxpresso.tools.linux_11.6.0.202112161359/tools/bin/../lib/gcc/arm-none-eabi/10.3.1/../../../../arm-none-eabi/lib/thumb/v6-m/nofp/libcr_c.a(initio.o)
 .rodata.__num_Ciob_streams
                0x0000000000001c24        0x4 /usr/local/mcuxpressoide-11.6.0_8187/ide/plugins/com.nxp.mcuxpresso.tools.linux_11.6.0.202112161359/tools/bin/../lib/gcc/arm-none-eabi/10.3.1/../../../../arm-none-eabi/lib/thumb/v6-m/nofp/libcr_nohost.a(__ciob.o)
                0x0000000000001c24                __num_Ciob_streams
                0x0000000000001c28                . = ALIGN (0x4)

.glue_7         0x0000000000001c28        0x0
 .glue_7        0x0000000000001c28        0x0 linker stubs

.glue_7t        0x0000000000001c28        0x0
 .glue_7t       0x0000000000001c28        0x0 linker stubs

.vfp11_veneer   0x0000000000001c28        0x0
 .vfp11_veneer  0x0000000000001c28        0x0 linker stubs

.v4_bx          0x0000000000001c28        0x0
 .v4_bx         0x0000000000001c28        0x0 linker stubs

.iplt           0x0000000000001c28        0x0
 .iplt          0x0000000000001c28        0x0 ./example/src/cr_startup_lpc11xx.o

.rel.dyn        0x0000000000001c28        0x0
 .rel.iplt      0x0000000000001c28        0x0 ./example/src/cr_startup_lpc11xx.o

.ARM.extab
 *(.ARM.extab* .gnu.linkonce.armextab.*)

.ARM.exidx      0x0000000000001c28        0x0
                0x0000000000001c28                __exidx_start = .
 *(.ARM.exidx* .gnu.linkonce.armexidx.*)
                0x0000000000001c28                __exidx_end = .
                0x0000000000001c28                _etext = .

.uninit_RESERVED
                0x0000000010000000        0x0
                0x0000000010000000                _start_uninit_RESERVED = .
 *(.bss.$RESERVED*)
                0x0000000010000000                . = ALIGN (0x4)
                0x0000000010000000                _end_uninit_RESERVED = .

.data           0x0000000010000000        0x8 load address 0x0000000000001c28
 FILL mask 0xff
                0x0000000010000000                _data = .
                [!provide]                        PROVIDE (__start_data_RAM = .)
                [!provide]                        PROVIDE (__start_data_RamLoc8 = .)
 *(vtable)
 *(.ramfunc*)
 *(CodeQuickAccess)
 *(DataQuickAccess)
 *(RamFunction)
 *(.data*)
 .data.height   0x0000000010000000        0x4 ./example/src/lcd__api.o
                0x0000000010000000                height
 .data.width    0x0000000010000004        0x4 ./example/src/lcd__api.o
                0x0000000010000004                width
                0x0000000010000008                . = ALIGN (0x4)
                0x0000000010000008                _edata = .
                [!provide]                        PROVIDE (__end_data_RAM = .)
                [!provide]                        PROVIDE (__end_data_RamLoc8 = .)

.igot.plt       0x0000000010000008        0x0 load address 0x0000000000001c30
 .igot.plt      0x0000000010000008        0x0 ./example/src/cr_startup_lpc11xx.o

.bss            0x0000000010000008      0x208
                0x0000000010000008                _bss = .
                [!provide]                        PROVIDE (__start_bss_RAM = .)
                [!provide]                        PROVIDE (__start_bss_RamLoc8 = .)
 *(.bss*)
 .bss.Tx_Buf    0x0000000010000008        0x2 ./example/src/lcd__api.o
 *fill*         0x000000001000000a        0x2 
 .bss.Rx_Buf    0x000000001000000c        0x2 ./example/src/lcd__api.o
 *fill*         0x000000001000000e        0x2 
 .bss.ssp_format
                0x0000000010000010        0x3 ./example/src/lcd__api.o
 *fill*         0x0000000010000013        0x1 
 .bss.xf_setup  0x0000000010000014       0x14 ./example/src/lcd__api.o
 .bss.SystemCoreClock
                0x0000000010000028        0x4 /home/brucejiang/Documents/MCUXpresso_11.6.0_8187/workspace/lpc_chip_11cxx_lib/Debug/liblpc_chip_11cxx_lib.a(chip_11xx.o)
                0x0000000010000028                SystemCoreClock
 .bss.errno     0x000000001000002c        0x4 /usr/local/mcuxpressoide-11.6.0_8187/ide/plugins/com.nxp.mcuxpresso.tools.linux_11.6.0.202112161359/tools/bin/../lib/gcc/arm-none-eabi/10.3.1/../../../../arm-none-eabi/lib/thumb/v6-m/nofp/libcr_c.a(errno.o)
                0x000000001000002c                errno
 .bss.__Ciob    0x0000000010000030      0x1e0 /usr/local/mcuxpressoide-11.6.0_8187/ide/plugins/com.nxp.mcuxpresso.tools.linux_11.6.0.202112161359/tools/bin/../lib/gcc/arm-none-eabi/10.3.1/../../../../arm-none-eabi/lib/thumb/v6-m/nofp/libcr_nohost.a(__ciob.o)
                0x0000000010000030                __Ciob
 *(COMMON)
                0x0000000010000210                . = ALIGN (0x4)
                0x0000000010000210                _ebss = .
                [!provide]                        PROVIDE (__end_bss_RAM = .)
                [!provide]                        PROVIDE (__end_bss_RamLoc8 = .)
                [!provide]                        PROVIDE (end = .)

.noinit         0x0000000010000210        0x0
                0x0000000010000210                _noinit = .
                [!provide]                        PROVIDE (__start_noinit_RAM = .)
                [!provide]                        PROVIDE (__start_noinit_RamLoc8 = .)
 *(.noinit*)
                0x0000000010000210                . = ALIGN (0x4)
                0x0000000010000210                _end_noinit = .
                [!provide]                        PROVIDE (__end_noinit_RAM = .)
                [!provide]                        PROVIDE (__end_noinit_RamLoc8 = .)
                0x0000000010000210                PROVIDE (_pvHeapStart = DEFINED (__user_heap_base)?__user_heap_base:.)
                0x0000000010002000                PROVIDE (_vStackTop = DEFINED (__user_stack_top)?__user_stack_top:(__top_RamLoc8 - 0x0))
                [!provide]                        PROVIDE (__valid_user_code_checksum = (0x0 - (((_vStackTop + (ResetISR + 0x1)) + (DEFINED (NMI_Handler)?NMI_Handler:M0_NMI_Handler + 0x1)) + (DEFINED (HardFault_Handler)?HardFault_Handler:M0_HardFault_Handler + 0x1))))
                0x0000000000000000                _image_start = LOADADDR (.text)
                0x0000000000001c30                _image_end = (LOADADDR (.data) + SIZEOF (.data))
                0x0000000000001c30                _image_size = (_image_end - _image_start)
OUTPUT(nxp_lpcxpresso_11c24_periph_ssp_drawline.axf elf32-littlearm)
LOAD linker stubs

.debug_info     0x0000000000000000     0x4f7e
 .debug_info    0x0000000000000000      0x2b6 ./example/src/cr_startup_lpc11xx.o
 .debug_info    0x00000000000002b6      0xbb1 ./example/src/lcd__api.o
 .debug_info    0x0000000000000e67       0xd4 ./example/src/main.o
 .debug_info    0x0000000000000f3b       0x97 ./example/src/sysinit.o
 .debug_info    0x0000000000000fd2      0x898 /home/brucejiang/Documents/MCUXpresso_11.6.0_8187/workspace/nxp_lpcxpresso_11c24_board_lib/Debug/libnxp_lpcxpresso_11c24_board_lib.a(board.o)
 .debug_info    0x000000000000186a      0xa7a /home/brucejiang/Documents/MCUXpresso_11.6.0_8187/workspace/nxp_lpcxpresso_11c24_board_lib/Debug/libnxp_lpcxpresso_11c24_board_lib.a(board_sysinit.o)
 .debug_info    0x00000000000022e4       0xb7 /home/brucejiang/Documents/MCUXpresso_11.6.0_8187/workspace/lpc_chip_11cxx_lib/Debug/liblpc_chip_11cxx_lib.a(chip_11xx.o)
 .debug_info    0x000000000000239b      0x8ef /home/brucejiang/Documents/MCUXpresso_11.6.0_8187/workspace/lpc_chip_11cxx_lib/Debug/liblpc_chip_11cxx_lib.a(clock_11xx.o)
 .debug_info    0x0000000000002c8a      0xbcf /home/brucejiang/Documents/MCUXpresso_11.6.0_8187/workspace/lpc_chip_11cxx_lib/Debug/liblpc_chip_11cxx_lib.a(gpio_11xx_2.o)
 .debug_info    0x0000000000003859     0x1170 /home/brucejiang/Documents/MCUXpresso_11.6.0_8187/workspace/lpc_chip_11cxx_lib/Debug/liblpc_chip_11cxx_lib.a(ssp_11xx.o)
 .debug_info    0x00000000000049c9      0x5b5 /home/brucejiang/Documents/MCUXpresso_11.6.0_8187/workspace/lpc_chip_11cxx_lib/Debug/liblpc_chip_11cxx_lib.a(sysctl_11xx.o)

.debug_abbrev   0x0000000000000000     0x1183
 .debug_abbrev  0x0000000000000000      0x122 ./example/src/cr_startup_lpc11xx.o
 .debug_abbrev  0x0000000000000122      0x2f7 ./example/src/lcd__api.o
 .debug_abbrev  0x0000000000000419       0x5a ./example/src/main.o
 .debug_abbrev  0x0000000000000473       0x47 ./example/src/sysinit.o
 .debug_abbrev  0x00000000000004ba      0x291 /home/brucejiang/Documents/MCUXpresso_11.6.0_8187/workspace/nxp_lpcxpresso_11c24_board_lib/Debug/libnxp_lpcxpresso_11c24_board_lib.a(board.o)
 .debug_abbrev  0x000000000000074b      0x21c /home/brucejiang/Documents/MCUXpresso_11.6.0_8187/workspace/nxp_lpcxpresso_11c24_board_lib/Debug/libnxp_lpcxpresso_11c24_board_lib.a(board_sysinit.o)
 .debug_abbrev  0x0000000000000967       0x78 /home/brucejiang/Documents/MCUXpresso_11.6.0_8187/workspace/lpc_chip_11cxx_lib/Debug/liblpc_chip_11cxx_lib.a(chip_11xx.o)
 .debug_abbrev  0x00000000000009df      0x1ea /home/brucejiang/Documents/MCUXpresso_11.6.0_8187/workspace/lpc_chip_11cxx_lib/Debug/liblpc_chip_11cxx_lib.a(clock_11xx.o)
 .debug_abbrev  0x0000000000000bc9      0x1d8 /home/brucejiang/Documents/MCUXpresso_11.6.0_8187/workspace/lpc_chip_11cxx_lib/Debug/liblpc_chip_11cxx_lib.a(gpio_11xx_2.o)
 .debug_abbrev  0x0000000000000da1      0x2fd /home/brucejiang/Documents/MCUXpresso_11.6.0_8187/workspace/lpc_chip_11cxx_lib/Debug/liblpc_chip_11cxx_lib.a(ssp_11xx.o)
 .debug_abbrev  0x000000000000109e       0xe5 /home/brucejiang/Documents/MCUXpresso_11.6.0_8187/workspace/lpc_chip_11cxx_lib/Debug/liblpc_chip_11cxx_lib.a(sysctl_11xx.o)

.debug_loc      0x0000000000000000      0x234
 .debug_loc     0x0000000000000000      0x234 ./example/src/cr_startup_lpc11xx.o

.debug_aranges  0x0000000000000000      0x550
 .debug_aranges
                0x0000000000000000       0x60 ./example/src/cr_startup_lpc11xx.o
 .debug_aranges
                0x0000000000000060       0xd0 ./example/src/lcd__api.o
 .debug_aranges
                0x0000000000000130       0x20 ./example/src/main.o
 .debug_aranges
                0x0000000000000150       0x20 ./example/src/sysinit.o
 .debug_aranges
                0x0000000000000170       0xb0 /home/brucejiang/Documents/MCUXpresso_11.6.0_8187/workspace/nxp_lpcxpresso_11c24_board_lib/Debug/libnxp_lpcxpresso_11c24_board_lib.a(board.o)
 .debug_aranges
                0x0000000000000220       0x60 /home/brucejiang/Documents/MCUXpresso_11.6.0_8187/workspace/nxp_lpcxpresso_11c24_board_lib/Debug/libnxp_lpcxpresso_11c24_board_lib.a(board_sysinit.o)
 .debug_aranges
                0x0000000000000280       0x20 /home/brucejiang/Documents/MCUXpresso_11.6.0_8187/workspace/lpc_chip_11cxx_lib/Debug/liblpc_chip_11cxx_lib.a(chip_11xx.o)
 .debug_aranges
                0x00000000000002a0       0x88 /home/brucejiang/Documents/MCUXpresso_11.6.0_8187/workspace/lpc_chip_11cxx_lib/Debug/liblpc_chip_11cxx_lib.a(clock_11xx.o)
 .debug_aranges
                0x0000000000000328       0xb0 /home/brucejiang/Documents/MCUXpresso_11.6.0_8187/workspace/lpc_chip_11cxx_lib/Debug/liblpc_chip_11cxx_lib.a(gpio_11xx_2.o)
 .debug_aranges
                0x00000000000003d8      0x140 /home/brucejiang/Documents/MCUXpresso_11.6.0_8187/workspace/lpc_chip_11cxx_lib/Debug/liblpc_chip_11cxx_lib.a(ssp_11xx.o)
 .debug_aranges
                0x0000000000000518       0x38 /home/brucejiang/Documents/MCUXpresso_11.6.0_8187/workspace/lpc_chip_11cxx_lib/Debug/liblpc_chip_11cxx_lib.a(sysctl_11xx.o)

.debug_ranges   0x0000000000000000      0x4a0
 .debug_ranges  0x0000000000000000       0x50 ./example/src/cr_startup_lpc11xx.o
 .debug_ranges  0x0000000000000050       0xc0 ./example/src/lcd__api.o
 .debug_ranges  0x0000000000000110       0x10 ./example/src/main.o
 .debug_ranges  0x0000000000000120       0x10 ./example/src/sysinit.o
 .debug_ranges  0x0000000000000130       0xa0 /home/brucejiang/Documents/MCUXpresso_11.6.0_8187/workspace/nxp_lpcxpresso_11c24_board_lib/Debug/libnxp_lpcxpresso_11c24_board_lib.a(board.o)
 .debug_ranges  0x00000000000001d0       0x50 /home/brucejiang/Documents/MCUXpresso_11.6.0_8187/workspace/nxp_lpcxpresso_11c24_board_lib/Debug/libnxp_lpcxpresso_11c24_board_lib.a(board_sysinit.o)
 .debug_ranges  0x0000000000000220       0x10 /home/brucejiang/Documents/MCUXpresso_11.6.0_8187/workspace/lpc_chip_11cxx_lib/Debug/liblpc_chip_11cxx_lib.a(chip_11xx.o)
 .debug_ranges  0x0000000000000230       0x78 /home/brucejiang/Documents/MCUXpresso_11.6.0_8187/workspace/lpc_chip_11cxx_lib/Debug/liblpc_chip_11cxx_lib.a(clock_11xx.o)
 .debug_ranges  0x00000000000002a8       0xa0 /home/brucejiang/Documents/MCUXpresso_11.6.0_8187/workspace/lpc_chip_11cxx_lib/Debug/liblpc_chip_11cxx_lib.a(gpio_11xx_2.o)
 .debug_ranges  0x0000000000000348      0x130 /home/brucejiang/Documents/MCUXpresso_11.6.0_8187/workspace/lpc_chip_11cxx_lib/Debug/liblpc_chip_11cxx_lib.a(ssp_11xx.o)
 .debug_ranges  0x0000000000000478       0x28 /home/brucejiang/Documents/MCUXpresso_11.6.0_8187/workspace/lpc_chip_11cxx_lib/Debug/liblpc_chip_11cxx_lib.a(sysctl_11xx.o)

.debug_macro    0x0000000000000000     0x44d3
 .debug_macro   0x0000000000000000       0x26 ./example/src/cr_startup_lpc11xx.o
 .debug_macro   0x0000000000000026      0xa66 ./example/src/cr_startup_lpc11xx.o
 .debug_macro   0x0000000000000a8c       0x10 ./example/src/cr_startup_lpc11xx.o
 .debug_macro   0x0000000000000a9c      0x1ed ./example/src/lcd__api.o
 .debug_macro   0x0000000000000c89      0xa60 ./example/src/lcd__api.o
 .debug_macro   0x00000000000016e9       0x10 ./example/src/lcd__api.o
 .debug_macro   0x00000000000016f9      0x12e ./example/src/lcd__api.o
 .debug_macro   0x0000000000001827      0x5b3 ./example/src/lcd__api.o
 .debug_macro   0x0000000000001dda       0x6a ./example/src/lcd__api.o
 .debug_macro   0x0000000000001e44       0x22 ./example/src/lcd__api.o
 .debug_macro   0x0000000000001e66       0x7b ./example/src/lcd__api.o
 .debug_macro   0x0000000000001ee1       0x1f ./example/src/lcd__api.o
 .debug_macro   0x0000000000001f00       0x3a ./example/src/lcd__api.o
 .debug_macro   0x0000000000001f3a      0x241 ./example/src/lcd__api.o
 .debug_macro   0x000000000000217b      0x117 ./example/src/lcd__api.o
 .debug_macro   0x0000000000002292       0x22 ./example/src/lcd__api.o
 .debug_macro   0x00000000000022b4       0xb2 ./example/src/lcd__api.o
 .debug_macro   0x0000000000002366       0x10 ./example/src/lcd__api.o
 .debug_macro   0x0000000000002376      0x137 ./example/src/lcd__api.o
 .debug_macro   0x00000000000024ad       0x4c ./example/src/lcd__api.o
 .debug_macro   0x00000000000024f9       0x16 ./example/src/lcd__api.o
 .debug_macro   0x000000000000250f      0x31a ./example/src/lcd__api.o
 .debug_macro   0x0000000000002829       0x2e ./example/src/lcd__api.o
 .debug_macro   0x0000000000002857       0xb8 ./example/src/lcd__api.o
 .debug_macro   0x000000000000290f       0x11 ./example/src/lcd__api.o
 .debug_macro   0x0000000000002920       0x7c ./example/src/lcd__api.o
 .debug_macro   0x000000000000299c      0x21c ./example/src/lcd__api.o
 .debug_macro   0x0000000000002bb8      0x113 ./example/src/lcd__api.o
 .debug_macro   0x0000000000002ccb       0x10 ./example/src/lcd__api.o
 .debug_macro   0x0000000000002cdb       0x9a ./example/src/lcd__api.o
 .debug_macro   0x0000000000002d75       0x20 ./example/src/lcd__api.o
 .debug_macro   0x0000000000002d95       0x22 ./example/src/lcd__api.o
 .debug_macro   0x0000000000002db7      0x18c ./example/src/main.o
 .debug_macro   0x0000000000002f43      0x17d ./example/src/sysinit.o
 .debug_macro   0x00000000000030c0      0x18a /home/brucejiang/Documents/MCUXpresso_11.6.0_8187/workspace/nxp_lpcxpresso_11c24_board_lib/Debug/libnxp_lpcxpresso_11c24_board_lib.a(board.o)
 .debug_macro   0x000000000000324a      0xa5a /home/brucejiang/Documents/MCUXpresso_11.6.0_8187/workspace/nxp_lpcxpresso_11c24_board_lib/Debug/libnxp_lpcxpresso_11c24_board_lib.a(board.o)
 .debug_macro   0x0000000000003ca4       0x12 /home/brucejiang/Documents/MCUXpresso_11.6.0_8187/workspace/nxp_lpcxpresso_11c24_board_lib/Debug/libnxp_lpcxpresso_11c24_board_lib.a(board.o)
 .debug_macro   0x0000000000003cb6      0x18b /home/brucejiang/Documents/MCUXpresso_11.6.0_8187/workspace/nxp_lpcxpresso_11c24_board_lib/Debug/libnxp_lpcxpresso_11c24_board_lib.a(board_sysinit.o)
 .debug_macro   0x0000000000003e41      0x148 /home/brucejiang/Documents/MCUXpresso_11.6.0_8187/workspace/lpc_chip_11cxx_lib/Debug/liblpc_chip_11cxx_lib.a(chip_11xx.o)
 .debug_macro   0x0000000000003f89      0x148 /home/brucejiang/Documents/MCUXpresso_11.6.0_8187/workspace/lpc_chip_11cxx_lib/Debug/liblpc_chip_11cxx_lib.a(clock_11xx.o)
 .debug_macro   0x00000000000040d1      0x148 /home/brucejiang/Documents/MCUXpresso_11.6.0_8187/workspace/lpc_chip_11cxx_lib/Debug/liblpc_chip_11cxx_lib.a(gpio_11xx_2.o)
 .debug_macro   0x0000000000004219      0x148 /home/brucejiang/Documents/MCUXpresso_11.6.0_8187/workspace/lpc_chip_11cxx_lib/Debug/liblpc_chip_11cxx_lib.a(ssp_11xx.o)
 .debug_macro   0x0000000000004361      0x172 /home/brucejiang/Documents/MCUXpresso_11.6.0_8187/workspace/lpc_chip_11cxx_lib/Debug/liblpc_chip_11cxx_lib.a(sysctl_11xx.o)

.debug_line     0x0000000000000000     0x3bd1
 .debug_line    0x0000000000000000      0x21c ./example/src/cr_startup_lpc11xx.o
 .debug_line    0x000000000000021c      0x8c2 ./example/src/lcd__api.o
 .debug_line    0x0000000000000ade      0x461 ./example/src/main.o
 .debug_line    0x0000000000000f3f      0x3d5 ./example/src/sysinit.o
 .debug_line    0x0000000000001314      0x5f7 /home/brucejiang/Documents/MCUXpresso_11.6.0_8187/workspace/nxp_lpcxpresso_11c24_board_lib/Debug/libnxp_lpcxpresso_11c24_board_lib.a(board.o)
 .debug_line    0x000000000000190b      0x548 /home/brucejiang/Documents/MCUXpresso_11.6.0_8187/workspace/nxp_lpcxpresso_11c24_board_lib/Debug/libnxp_lpcxpresso_11c24_board_lib.a(board_sysinit.o)
 .debug_line    0x0000000000001e53      0x34e /home/brucejiang/Documents/MCUXpresso_11.6.0_8187/workspace/lpc_chip_11cxx_lib/Debug/liblpc_chip_11cxx_lib.a(chip_11xx.o)
 .debug_line    0x00000000000021a1      0x568 /home/brucejiang/Documents/MCUXpresso_11.6.0_8187/workspace/lpc_chip_11cxx_lib/Debug/liblpc_chip_11cxx_lib.a(clock_11xx.o)
 .debug_line    0x0000000000002709      0x5b7 /home/brucejiang/Documents/MCUXpresso_11.6.0_8187/workspace/lpc_chip_11cxx_lib/Debug/liblpc_chip_11cxx_lib.a(gpio_11xx_2.o)
 .debug_line    0x0000000000002cc0      0xb42 /home/brucejiang/Documents/MCUXpresso_11.6.0_8187/workspace/lpc_chip_11cxx_lib/Debug/liblpc_chip_11cxx_lib.a(ssp_11xx.o)
 .debug_line    0x0000000000003802      0x3cf /home/brucejiang/Documents/MCUXpresso_11.6.0_8187/workspace/lpc_chip_11cxx_lib/Debug/liblpc_chip_11cxx_lib.a(sysctl_11xx.o)

.debug_str      0x0000000000000000     0xaca0
 .debug_str     0x0000000000000000     0x2df6 ./example/src/cr_startup_lpc11xx.o
                                       0x2e14 (size before relaxing)
 .debug_str     0x0000000000002df6     0x6704 ./example/src/lcd__api.o
                                       0x93a8 (size before relaxing)
 .debug_str     0x00000000000094fa       0x16 ./example/src/main.o
                                       0x896c (size before relaxing)
 .debug_str     0x0000000000009510       0x19 ./example/src/sysinit.o
                                       0x8817 (size before relaxing)
 .debug_str     0x0000000000009529      0x23a /home/brucejiang/Documents/MCUXpresso_11.6.0_8187/workspace/nxp_lpcxpresso_11c24_board_lib/Debug/libnxp_lpcxpresso_11c24_board_lib.a(board.o)
                                       0x8cc0 (size before relaxing)
 .debug_str     0x0000000000009763      0x6cd /home/brucejiang/Documents/MCUXpresso_11.6.0_8187/workspace/nxp_lpcxpresso_11c24_board_lib/Debug/libnxp_lpcxpresso_11c24_board_lib.a(board_sysinit.o)
                                       0x914f (size before relaxing)
 .debug_str     0x0000000000009e30       0x8e /home/brucejiang/Documents/MCUXpresso_11.6.0_8187/workspace/lpc_chip_11cxx_lib/Debug/liblpc_chip_11cxx_lib.a(chip_11xx.o)
                                       0x854f (size before relaxing)
 .debug_str     0x0000000000009ebe      0x447 /home/brucejiang/Documents/MCUXpresso_11.6.0_8187/workspace/lpc_chip_11cxx_lib/Debug/liblpc_chip_11cxx_lib.a(clock_11xx.o)
                                       0x8d1d (size before relaxing)
 .debug_str     0x000000000000a305      0x242 /home/brucejiang/Documents/MCUXpresso_11.6.0_8187/workspace/lpc_chip_11cxx_lib/Debug/liblpc_chip_11cxx_lib.a(gpio_11xx_2.o)
                                       0x8bf1 (size before relaxing)
 .debug_str     0x000000000000a547      0x5ba /home/brucejiang/Documents/MCUXpresso_11.6.0_8187/workspace/lpc_chip_11cxx_lib/Debug/liblpc_chip_11cxx_lib.a(ssp_11xx.o)
                                       0x91ab (size before relaxing)
 .debug_str     0x000000000000ab01      0x19f /home/brucejiang/Documents/MCUXpresso_11.6.0_8187/workspace/lpc_chip_11cxx_lib/Debug/liblpc_chip_11cxx_lib.a(sysctl_11xx.o)
                                       0x895d (size before relaxing)

.comment        0x0000000000000000       0x49
 .comment       0x0000000000000000       0x49 ./example/src/cr_startup_lpc11xx.o
                                         0x4a (size before relaxing)
 .comment       0x0000000000000049       0x4a ./example/src/lcd__api.o
 .comment       0x0000000000000049       0x4a ./example/src/main.o
 .comment       0x0000000000000049       0x4a ./example/src/sysinit.o
 .comment       0x0000000000000049       0x4a /home/brucejiang/Documents/MCUXpresso_11.6.0_8187/workspace/nxp_lpcxpresso_11c24_board_lib/Debug/libnxp_lpcxpresso_11c24_board_lib.a(board.o)
 .comment       0x0000000000000049       0x4a /home/brucejiang/Documents/MCUXpresso_11.6.0_8187/workspace/nxp_lpcxpresso_11c24_board_lib/Debug/libnxp_lpcxpresso_11c24_board_lib.a(board_sysinit.o)
 .comment       0x0000000000000049       0x4a /home/brucejiang/Documents/MCUXpresso_11.6.0_8187/workspace/lpc_chip_11cxx_lib/Debug/liblpc_chip_11cxx_lib.a(chip_11xx.o)
 .comment       0x0000000000000049       0x4a /home/brucejiang/Documents/MCUXpresso_11.6.0_8187/workspace/lpc_chip_11cxx_lib/Debug/liblpc_chip_11cxx_lib.a(clock_11xx.o)
 .comment       0x0000000000000049       0x4a /home/brucejiang/Documents/MCUXpresso_11.6.0_8187/workspace/lpc_chip_11cxx_lib/Debug/liblpc_chip_11cxx_lib.a(gpio_11xx_2.o)
 .comment       0x0000000000000049       0x4a /home/brucejiang/Documents/MCUXpresso_11.6.0_8187/workspace/lpc_chip_11cxx_lib/Debug/liblpc_chip_11cxx_lib.a(ssp_11xx.o)
 .comment       0x0000000000000049       0x4a /home/brucejiang/Documents/MCUXpresso_11.6.0_8187/workspace/lpc_chip_11cxx_lib/Debug/liblpc_chip_11cxx_lib.a(sysctl_11xx.o)
 .comment       0x0000000000000049       0x4a /usr/local/mcuxpressoide-11.6.0_8187/ide/plugins/com.nxp.mcuxpresso.tools.linux_11.6.0.202112161359/tools/bin/../lib/gcc/arm-none-eabi/10.3.1/../../../../arm-none-eabi/lib/thumb/v6-m/nofp/libcr_nohost.a(_cr__main.o)
 .comment       0x0000000000000049       0x4a /usr/local/mcuxpressoide-11.6.0_8187/ide/plugins/com.nxp.mcuxpresso.tools.linux_11.6.0.202112161359/tools/bin/../lib/gcc/arm-none-eabi/10.3.1/../../../../arm-none-eabi/lib/thumb/v6-m/nofp/libcr_c.a(initio.o)
 .comment       0x0000000000000049       0x4a /usr/local/mcuxpressoide-11.6.0_8187/ide/plugins/com.nxp.mcuxpresso.tools.linux_11.6.0.202112161359/tools/bin/../lib/gcc/arm-none-eabi/10.3.1/../../../../arm-none-eabi/lib/thumb/v6-m/nofp/libcr_c.a(setvbuf.o)
 .comment       0x0000000000000049       0x4a /usr/local/mcuxpressoide-11.6.0_8187/ide/plugins/com.nxp.mcuxpresso.tools.linux_11.6.0.202112161359/tools/bin/../lib/gcc/arm-none-eabi/10.3.1/../../../../arm-none-eabi/lib/thumb/v6-m/nofp/libcr_c.a(stdlib.o)
 .comment       0x0000000000000049       0x4a /usr/local/mcuxpressoide-11.6.0_8187/ide/plugins/com.nxp.mcuxpresso.tools.linux_11.6.0.202112161359/tools/bin/../lib/gcc/arm-none-eabi/10.3.1/../../../../arm-none-eabi/lib/thumb/v6-m/nofp/libcr_c.a(_fdopen.o)
 .comment       0x0000000000000049       0x4a /usr/local/mcuxpressoide-11.6.0_8187/ide/plugins/com.nxp.mcuxpresso.tools.linux_11.6.0.202112161359/tools/bin/../lib/gcc/arm-none-eabi/10.3.1/../../../../arm-none-eabi/lib/thumb/v6-m/nofp/libcr_c.a(fclose.o)
 .comment       0x0000000000000049       0x4a /usr/local/mcuxpressoide-11.6.0_8187/ide/plugins/com.nxp.mcuxpresso.tools.linux_11.6.0.202112161359/tools/bin/../lib/gcc/arm-none-eabi/10.3.1/../../../../arm-none-eabi/lib/thumb/v6-m/nofp/libcr_c.a(fflush.o)
 .comment       0x0000000000000049       0x4a /usr/local/mcuxpressoide-11.6.0_8187/ide/plugins/com.nxp.mcuxpresso.tools.linux_11.6.0.202112161359/tools/bin/../lib/gcc/arm-none-eabi/10.3.1/../../../../arm-none-eabi/lib/thumb/v6-m/nofp/libcr_c.a(fseek.o)
 .comment       0x0000000000000049       0x4a /usr/local/mcuxpressoide-11.6.0_8187/ide/plugins/com.nxp.mcuxpresso.tools.linux_11.6.0.202112161359/tools/bin/../lib/gcc/arm-none-eabi/10.3.1/../../../../arm-none-eabi/lib/thumb/v6-m/nofp/libcr_c.a(ftell.o)
 .comment       0x0000000000000049       0x4a /usr/local/mcuxpressoide-11.6.0_8187/ide/plugins/com.nxp.mcuxpresso.tools.linux_11.6.0.202112161359/tools/bin/../lib/gcc/arm-none-eabi/10.3.1/../../../../arm-none-eabi/lib/thumb/v6-m/nofp/libcr_c.a(remove.o)
 .comment       0x0000000000000049       0x4a /usr/local/mcuxpressoide-11.6.0_8187/ide/plugins/com.nxp.mcuxpresso.tools.linux_11.6.0.202112161359/tools/bin/../lib/gcc/arm-none-eabi/10.3.1/../../../../arm-none-eabi/lib/thumb/v6-m/nofp/libcr_c.a(strlen.o)
 .comment       0x0000000000000049       0x4a /usr/local/mcuxpressoide-11.6.0_8187/ide/plugins/com.nxp.mcuxpresso.tools.linux_11.6.0.202112161359/tools/bin/../lib/gcc/arm-none-eabi/10.3.1/../../../../arm-none-eabi/lib/thumb/v6-m/nofp/libcr_c.a(memset.o)
 .comment       0x0000000000000049       0x4a /usr/local/mcuxpressoide-11.6.0_8187/ide/plugins/com.nxp.mcuxpresso.tools.linux_11.6.0.202112161359/tools/bin/../lib/gcc/arm-none-eabi/10.3.1/../../../../arm-none-eabi/lib/thumb/v6-m/nofp/libcr_c.a(_do_fflush.o)
 .comment       0x0000000000000049       0x4a /usr/local/mcuxpressoide-11.6.0_8187/ide/plugins/com.nxp.mcuxpresso.tools.linux_11.6.0.202112161359/tools/bin/../lib/gcc/arm-none-eabi/10.3.1/../../../../arm-none-eabi/lib/thumb/v6-m/nofp/libcr_c.a(_fflush.o)
 .comment       0x0000000000000049       0x4a /usr/local/mcuxpressoide-11.6.0_8187/ide/plugins/com.nxp.mcuxpresso.tools.linux_11.6.0.202112161359/tools/bin/../lib/gcc/arm-none-eabi/10.3.1/../../../../arm-none-eabi/lib/thumb/v6-m/nofp/libcr_c.a(_writebuf.o)
 .comment       0x0000000000000049       0x4a /usr/local/mcuxpressoide-11.6.0_8187/ide/plugins/com.nxp.mcuxpresso.tools.linux_11.6.0.202112161359/tools/bin/../lib/gcc/arm-none-eabi/10.3.1/../../../../arm-none-eabi/lib/thumb/v6-m/nofp/libcr_c.a(alloc.o)
 .comment       0x0000000000000049       0x4a /usr/local/mcuxpressoide-11.6.0_8187/ide/plugins/com.nxp.mcuxpresso.tools.linux_11.6.0.202112161359/tools/bin/../lib/gcc/arm-none-eabi/10.3.1/../../../../arm-none-eabi/lib/thumb/v6-m/nofp/libcr_c.a(errno.o)
 .comment       0x0000000000000049       0x4a /usr/local/mcuxpressoide-11.6.0_8187/ide/plugins/com.nxp.mcuxpresso.tools.linux_11.6.0.202112161359/tools/bin/../lib/gcc/arm-none-eabi/10.3.1/../../../../arm-none-eabi/lib/thumb/v6-m/nofp/libcr_c.a(_deferredlazyseek.o)
 .comment       0x0000000000000049       0x4a /usr/local/mcuxpressoide-11.6.0_8187/ide/plugins/com.nxp.mcuxpresso.tools.linux_11.6.0.202112161359/tools/bin/../lib/gcc/arm-none-eabi/10.3.1/../../../../arm-none-eabi/lib/thumb/v6-m/nofp/libcr_nohost.a(__ciob.o)
 .comment       0x0000000000000049       0x4a /usr/local/mcuxpressoide-11.6.0_8187/ide/plugins/com.nxp.mcuxpresso.tools.linux_11.6.0.202112161359/tools/bin/../lib/gcc/arm-none-eabi/10.3.1/../../../../arm-none-eabi/lib/thumb/v6-m/nofp/libcr_nohost.a(__sys_close.o)
 .comment       0x0000000000000049       0x4a /usr/local/mcuxpressoide-11.6.0_8187/ide/plugins/com.nxp.mcuxpresso.tools.linux_11.6.0.202112161359/tools/bin/../lib/gcc/arm-none-eabi/10.3.1/../../../../arm-none-eabi/lib/thumb/v6-m/nofp/libcr_nohost.a(__sys_flen.o)
 .comment       0x0000000000000049       0x4a /usr/local/mcuxpressoide-11.6.0_8187/ide/plugins/com.nxp.mcuxpresso.tools.linux_11.6.0.202112161359/tools/bin/../lib/gcc/arm-none-eabi/10.3.1/../../../../arm-none-eabi/lib/thumb/v6-m/nofp/libcr_nohost.a(__sys_istty.o)
 .comment       0x0000000000000049       0x4a /usr/local/mcuxpressoide-11.6.0_8187/ide/plugins/com.nxp.mcuxpresso.tools.linux_11.6.0.202112161359/tools/bin/../lib/gcc/arm-none-eabi/10.3.1/../../../../arm-none-eabi/lib/thumb/v6-m/nofp/libcr_nohost.a(__sys_remove.o)
 .comment       0x0000000000000049       0x4a /usr/local/mcuxpressoide-11.6.0_8187/ide/plugins/com.nxp.mcuxpresso.tools.linux_11.6.0.202112161359/tools/bin/../lib/gcc/arm-none-eabi/10.3.1/../../../../arm-none-eabi/lib/thumb/v6-m/nofp/libcr_nohost.a(__sys_seek.o)
 .comment       0x0000000000000049       0x4a /usr/local/mcuxpressoide-11.6.0_8187/ide/plugins/com.nxp.mcuxpresso.tools.linux_11.6.0.202112161359/tools/bin/../lib/gcc/arm-none-eabi/10.3.1/../../../../arm-none-eabi/lib/thumb/v6-m/nofp/libcr_nohost.a(__sys_tmpnam.o)

.ARM.attributes
                0x0000000000000000       0x2a
 .ARM.attributes
                0x0000000000000000       0x2c ./example/src/cr_startup_lpc11xx.o
 .ARM.attributes
                0x000000000000002c       0x2c ./example/src/lcd__api.o
 .ARM.attributes
                0x0000000000000058       0x2c ./example/src/main.o
 .ARM.attributes
                0x0000000000000084       0x2c ./example/src/sysinit.o
 .ARM.attributes
                0x00000000000000b0       0x2c /home/brucejiang/Documents/MCUXpresso_11.6.0_8187/workspace/nxp_lpcxpresso_11c24_board_lib/Debug/libnxp_lpcxpresso_11c24_board_lib.a(board.o)
 .ARM.attributes
                0x00000000000000dc       0x2c /home/brucejiang/Documents/MCUXpresso_11.6.0_8187/workspace/nxp_lpcxpresso_11c24_board_lib/Debug/libnxp_lpcxpresso_11c24_board_lib.a(board_sysinit.o)
 .ARM.attributes
                0x0000000000000108       0x2c /home/brucejiang/Documents/MCUXpresso_11.6.0_8187/workspace/lpc_chip_11cxx_lib/Debug/liblpc_chip_11cxx_lib.a(chip_11xx.o)
 .ARM.attributes
                0x0000000000000134       0x2c /home/brucejiang/Documents/MCUXpresso_11.6.0_8187/workspace/lpc_chip_11cxx_lib/Debug/liblpc_chip_11cxx_lib.a(clock_11xx.o)
 .ARM.attributes
                0x0000000000000160       0x2c /home/brucejiang/Documents/MCUXpresso_11.6.0_8187/workspace/lpc_chip_11cxx_lib/Debug/liblpc_chip_11cxx_lib.a(gpio_11xx_2.o)
 .ARM.attributes
                0x000000000000018c       0x2c /home/brucejiang/Documents/MCUXpresso_11.6.0_8187/workspace/lpc_chip_11cxx_lib/Debug/liblpc_chip_11cxx_lib.a(ssp_11xx.o)
 .ARM.attributes
                0x00000000000001b8       0x2c /home/brucejiang/Documents/MCUXpresso_11.6.0_8187/workspace/lpc_chip_11cxx_lib/Debug/liblpc_chip_11cxx_lib.a(sysctl_11xx.o)
 .ARM.attributes
                0x00000000000001e4       0x2c /usr/local/mcuxpressoide-11.6.0_8187/ide/plugins/com.nxp.mcuxpresso.tools.linux_11.6.0.202112161359/tools/bin/../lib/gcc/arm-none-eabi/10.3.1/../../../../arm-none-eabi/lib/thumb/v6-m/nofp/libcr_nohost.a(_cr__main.o)
 .ARM.attributes
                0x0000000000000210       0x2c /usr/local/mcuxpressoide-11.6.0_8187/ide/plugins/com.nxp.mcuxpresso.tools.linux_11.6.0.202112161359/tools/bin/../lib/gcc/arm-none-eabi/10.3.1/../../../../arm-none-eabi/lib/thumb/v6-m/nofp/libcr_c.a(initio.o)
 .ARM.attributes
                0x000000000000023c       0x2c /usr/local/mcuxpressoide-11.6.0_8187/ide/plugins/com.nxp.mcuxpresso.tools.linux_11.6.0.202112161359/tools/bin/../lib/gcc/arm-none-eabi/10.3.1/../../../../arm-none-eabi/lib/thumb/v6-m/nofp/libcr_c.a(setvbuf.o)
 .ARM.attributes
                0x0000000000000268       0x2c /usr/local/mcuxpressoide-11.6.0_8187/ide/plugins/com.nxp.mcuxpresso.tools.linux_11.6.0.202112161359/tools/bin/../lib/gcc/arm-none-eabi/10.3.1/../../../../arm-none-eabi/lib/thumb/v6-m/nofp/libcr_c.a(stdlib.o)
 .ARM.attributes
                0x0000000000000294       0x2c /usr/local/mcuxpressoide-11.6.0_8187/ide/plugins/com.nxp.mcuxpresso.tools.linux_11.6.0.202112161359/tools/bin/../lib/gcc/arm-none-eabi/10.3.1/../../../../arm-none-eabi/lib/thumb/v6-m/nofp/libcr_c.a(_fdopen.o)
 .ARM.attributes
                0x00000000000002c0       0x2c /usr/local/mcuxpressoide-11.6.0_8187/ide/plugins/com.nxp.mcuxpresso.tools.linux_11.6.0.202112161359/tools/bin/../lib/gcc/arm-none-eabi/10.3.1/../../../../arm-none-eabi/lib/thumb/v6-m/nofp/libcr_c.a(fclose.o)
 .ARM.attributes
                0x00000000000002ec       0x2c /usr/local/mcuxpressoide-11.6.0_8187/ide/plugins/com.nxp.mcuxpresso.tools.linux_11.6.0.202112161359/tools/bin/../lib/gcc/arm-none-eabi/10.3.1/../../../../arm-none-eabi/lib/thumb/v6-m/nofp/libcr_c.a(fflush.o)
 .ARM.attributes
                0x0000000000000318       0x2c /usr/local/mcuxpressoide-11.6.0_8187/ide/plugins/com.nxp.mcuxpresso.tools.linux_11.6.0.202112161359/tools/bin/../lib/gcc/arm-none-eabi/10.3.1/../../../../arm-none-eabi/lib/thumb/v6-m/nofp/libcr_c.a(fseek.o)
 .ARM.attributes
                0x0000000000000344       0x2c /usr/local/mcuxpressoide-11.6.0_8187/ide/plugins/com.nxp.mcuxpresso.tools.linux_11.6.0.202112161359/tools/bin/../lib/gcc/arm-none-eabi/10.3.1/../../../../arm-none-eabi/lib/thumb/v6-m/nofp/libcr_c.a(ftell.o)
 .ARM.attributes
                0x0000000000000370       0x2c /usr/local/mcuxpressoide-11.6.0_8187/ide/plugins/com.nxp.mcuxpresso.tools.linux_11.6.0.202112161359/tools/bin/../lib/gcc/arm-none-eabi/10.3.1/../../../../arm-none-eabi/lib/thumb/v6-m/nofp/libcr_c.a(remove.o)
 .ARM.attributes
                0x000000000000039c       0x2c /usr/local/mcuxpressoide-11.6.0_8187/ide/plugins/com.nxp.mcuxpresso.tools.linux_11.6.0.202112161359/tools/bin/../lib/gcc/arm-none-eabi/10.3.1/../../../../arm-none-eabi/lib/thumb/v6-m/nofp/libcr_c.a(strlen.o)
 .ARM.attributes
                0x00000000000003c8       0x2c /usr/local/mcuxpressoide-11.6.0_8187/ide/plugins/com.nxp.mcuxpresso.tools.linux_11.6.0.202112161359/tools/bin/../lib/gcc/arm-none-eabi/10.3.1/../../../../arm-none-eabi/lib/thumb/v6-m/nofp/libcr_c.a(memset.o)
 .ARM.attributes
                0x00000000000003f4       0x2c /usr/local/mcuxpressoide-11.6.0_8187/ide/plugins/com.nxp.mcuxpresso.tools.linux_11.6.0.202112161359/tools/bin/../lib/gcc/arm-none-eabi/10.3.1/../../../../arm-none-eabi/lib/thumb/v6-m/nofp/libcr_c.a(_do_fflush.o)
 .ARM.attributes
                0x0000000000000420       0x2c /usr/local/mcuxpressoide-11.6.0_8187/ide/plugins/com.nxp.mcuxpresso.tools.linux_11.6.0.202112161359/tools/bin/../lib/gcc/arm-none-eabi/10.3.1/../../../../arm-none-eabi/lib/thumb/v6-m/nofp/libcr_c.a(_fflush.o)
 .ARM.attributes
                0x000000000000044c       0x2c /usr/local/mcuxpressoide-11.6.0_8187/ide/plugins/com.nxp.mcuxpresso.tools.linux_11.6.0.202112161359/tools/bin/../lib/gcc/arm-none-eabi/10.3.1/../../../../arm-none-eabi/lib/thumb/v6-m/nofp/libcr_c.a(_writebuf.o)
 .ARM.attributes
                0x0000000000000478       0x2c /usr/local/mcuxpressoide-11.6.0_8187/ide/plugins/com.nxp.mcuxpresso.tools.linux_11.6.0.202112161359/tools/bin/../lib/gcc/arm-none-eabi/10.3.1/../../../../arm-none-eabi/lib/thumb/v6-m/nofp/libcr_c.a(alloc.o)
 .ARM.attributes
                0x00000000000004a4       0x2c /usr/local/mcuxpressoide-11.6.0_8187/ide/plugins/com.nxp.mcuxpresso.tools.linux_11.6.0.202112161359/tools/bin/../lib/gcc/arm-none-eabi/10.3.1/../../../../arm-none-eabi/lib/thumb/v6-m/nofp/libcr_c.a(errno.o)
 .ARM.attributes
                0x00000000000004d0       0x2c /usr/local/mcuxpressoide-11.6.0_8187/ide/plugins/com.nxp.mcuxpresso.tools.linux_11.6.0.202112161359/tools/bin/../lib/gcc/arm-none-eabi/10.3.1/../../../../arm-none-eabi/lib/thumb/v6-m/nofp/libcr_c.a(_deferredlazyseek.o)
 .ARM.attributes
                0x00000000000004fc       0x1c /usr/local/mcuxpressoide-11.6.0_8187/ide/plugins/com.nxp.mcuxpresso.tools.linux_11.6.0.202112161359/tools/bin/../lib/gcc/arm-none-eabi/10.3.1/thumb/v6-m/nofp/libcr_eabihelpers.a(division_32.o)
 .ARM.attributes
                0x0000000000000518       0x1c /usr/local/mcuxpressoide-11.6.0_8187/ide/plugins/com.nxp.mcuxpresso.tools.linux_11.6.0.202112161359/tools/bin/../lib/gcc/arm-none-eabi/10.3.1/thumb/v6-m/nofp/libcr_eabihelpers.a(division_idiv0.o)
 .ARM.attributes
                0x0000000000000534       0x1c /usr/local/mcuxpressoide-11.6.0_8187/ide/plugins/com.nxp.mcuxpresso.tools.linux_11.6.0.202112161359/tools/bin/../lib/gcc/arm-none-eabi/10.3.1/thumb/v6-m/nofp/libcr_eabihelpers.a(memcpy.o)
 .ARM.attributes
                0x0000000000000550       0x2c /usr/local/mcuxpressoide-11.6.0_8187/ide/plugins/com.nxp.mcuxpresso.tools.linux_11.6.0.202112161359/tools/bin/../lib/gcc/arm-none-eabi/10.3.1/../../../../arm-none-eabi/lib/thumb/v6-m/nofp/libcr_nohost.a(__ciob.o)
 .ARM.attributes
                0x000000000000057c       0x2c /usr/local/mcuxpressoide-11.6.0_8187/ide/plugins/com.nxp.mcuxpresso.tools.linux_11.6.0.202112161359/tools/bin/../lib/gcc/arm-none-eabi/10.3.1/../../../../arm-none-eabi/lib/thumb/v6-m/nofp/libcr_nohost.a(__sys_close.o)
 .ARM.attributes
                0x00000000000005a8       0x2c /usr/local/mcuxpressoide-11.6.0_8187/ide/plugins/com.nxp.mcuxpresso.tools.linux_11.6.0.202112161359/tools/bin/../lib/gcc/arm-none-eabi/10.3.1/../../../../arm-none-eabi/lib/thumb/v6-m/nofp/libcr_nohost.a(__sys_flen.o)
 .ARM.attributes
                0x00000000000005d4       0x2c /usr/local/mcuxpressoide-11.6.0_8187/ide/plugins/com.nxp.mcuxpresso.tools.linux_11.6.0.202112161359/tools/bin/../lib/gcc/arm-none-eabi/10.3.1/../../../../arm-none-eabi/lib/thumb/v6-m/nofp/libcr_nohost.a(__sys_istty.o)
 .ARM.attributes
                0x0000000000000600       0x2c /usr/local/mcuxpressoide-11.6.0_8187/ide/plugins/com.nxp.mcuxpresso.tools.linux_11.6.0.202112161359/tools/bin/../lib/gcc/arm-none-eabi/10.3.1/../../../../arm-none-eabi/lib/thumb/v6-m/nofp/libcr_nohost.a(__sys_remove.o)
 .ARM.attributes
                0x000000000000062c       0x2c /usr/local/mcuxpressoide-11.6.0_8187/ide/plugins/com.nxp.mcuxpresso.tools.linux_11.6.0.202112161359/tools/bin/../lib/gcc/arm-none-eabi/10.3.1/../../../../arm-none-eabi/lib/thumb/v6-m/nofp/libcr_nohost.a(__sys_seek.o)
 .ARM.attributes
                0x0000000000000658       0x2c /usr/local/mcuxpressoide-11.6.0_8187/ide/plugins/com.nxp.mcuxpresso.tools.linux_11.6.0.202112161359/tools/bin/../lib/gcc/arm-none-eabi/10.3.1/../../../../arm-none-eabi/lib/thumb/v6-m/nofp/libcr_nohost.a(__sys_tmpnam.o)

.debug_frame    0x0000000000000000     0x1128
 .debug_frame   0x0000000000000000       0xbc ./example/src/cr_startup_lpc11xx.o
 .debug_frame   0x00000000000000bc      0x2ec ./example/src/lcd__api.o
 .debug_frame   0x00000000000003a8       0x30 ./example/src/main.o
 .debug_frame   0x00000000000003d8       0x2c ./example/src/sysinit.o
 .debug_frame   0x0000000000000404      0x260 /home/brucejiang/Documents/MCUXpresso_11.6.0_8187/workspace/nxp_lpcxpresso_11c24_board_lib/Debug/libnxp_lpcxpresso_11c24_board_lib.a(board.o)
 .debug_frame   0x0000000000000664      0x128 /home/brucejiang/Documents/MCUXpresso_11.6.0_8187/workspace/nxp_lpcxpresso_11c24_board_lib/Debug/libnxp_lpcxpresso_11c24_board_lib.a(board_sysinit.o)
 .debug_frame   0x000000000000078c       0x2c /home/brucejiang/Documents/MCUXpresso_11.6.0_8187/workspace/lpc_chip_11cxx_lib/Debug/liblpc_chip_11cxx_lib.a(chip_11xx.o)
 .debug_frame   0x00000000000007b8      0x1c0 /home/brucejiang/Documents/MCUXpresso_11.6.0_8187/workspace/lpc_chip_11cxx_lib/Debug/liblpc_chip_11cxx_lib.a(clock_11xx.o)
 .debug_frame   0x0000000000000978      0x270 /home/brucejiang/Documents/MCUXpresso_11.6.0_8187/workspace/lpc_chip_11cxx_lib/Debug/liblpc_chip_11cxx_lib.a(gpio_11xx_2.o)
 .debug_frame   0x0000000000000be8      0x4b0 /home/brucejiang/Documents/MCUXpresso_11.6.0_8187/workspace/lpc_chip_11cxx_lib/Debug/liblpc_chip_11cxx_lib.a(ssp_11xx.o)
 .debug_frame   0x0000000000001098       0x90 /home/brucejiang/Documents/MCUXpresso_11.6.0_8187/workspace/lpc_chip_11cxx_lib/Debug/liblpc_chip_11cxx_lib.a(sysctl_11xx.o)
